Archive member included to satisfy reference by file (symbol)

libbalance_chassis_generated_raw.a(dma.c.obj)
                              CMakeFiles/balance_chassis_legacy_full.elf.dir/runtime/generated/stm32h7_ctrl_board_raw/Src/main.c.obj (MX_DMA_Init)
libbalance_chassis_generated_raw.a(fdcan.c.obj)
                              CMakeFiles/balance_chassis_legacy_full_obj.dir/runtime/app/balance_chassis/motor_control_task.c.obj (hfdcan1)
libbalance_chassis_generated_raw.a(gpio.c.obj)
                              CMakeFiles/balance_chassis_legacy_full.elf.dir/runtime/generated/stm32h7_ctrl_board_raw/Src/main.c.obj (MX_GPIO_Init)
libbalance_chassis_generated_raw.a(spi.c.obj)
                              CMakeFiles/balance_chassis_legacy_full.elf.dir/runtime/generated/stm32h7_ctrl_board_raw/Src/main.c.obj (MX_SPI2_Init)
libbalance_chassis_generated_raw.a(tim.c.obj)
                              CMakeFiles/balance_chassis_legacy_full.elf.dir/runtime/generated/stm32h7_ctrl_board_raw/Src/main.c.obj (MX_TIM3_Init)
libbalance_chassis_generated_raw.a(usart.c.obj)
                              CMakeFiles/balance_chassis_legacy_full.elf.dir/runtime/generated/stm32h7_ctrl_board_raw/Src/main.c.obj (MX_UART5_Init)
libbalance_chassis_generated_raw.a(system_stm32h7xx.c.obj)
                              CMakeFiles/balance_chassis_legacy_full.elf.dir/third_party/freertos_port_gcc_cm7_r0p1/port.c.obj (SystemCoreClock)
libbalance_chassis_generated_raw.a(stm32h7xx_hal.c.obj)
                              CMakeFiles/balance_chassis_legacy_full.elf.dir/runtime/generated/stm32h7_ctrl_board_raw/Src/main.c.obj (HAL_Init)
libbalance_chassis_generated_raw.a(stm32h7xx_hal_cortex.c.obj)
                              libbalance_chassis_generated_raw.a(stm32h7xx_hal.c.obj) (HAL_NVIC_SetPriorityGrouping)
libbalance_chassis_generated_raw.a(stm32h7xx_hal_dma.c.obj)
                              libbalance_chassis_generated_raw.a(spi.c.obj) (HAL_DMA_Init)
libbalance_chassis_generated_raw.a(stm32h7xx_hal_fdcan.c.obj)
                              libbalance_chassis_generated_raw.a(fdcan.c.obj) (HAL_FDCAN_Init)
libbalance_chassis_generated_raw.a(stm32h7xx_hal_gpio.c.obj)
                              libbalance_chassis_generated_raw.a(fdcan.c.obj) (HAL_GPIO_Init)
libbalance_chassis_generated_raw.a(stm32h7xx_hal_pwr_ex.c.obj)
                              CMakeFiles/balance_chassis_legacy_full.elf.dir/runtime/generated/stm32h7_ctrl_board_raw/Src/main.c.obj (HAL_PWREx_ConfigSupply)
libbalance_chassis_generated_raw.a(stm32h7xx_hal_rcc.c.obj)
                              CMakeFiles/balance_chassis_legacy_full.elf.dir/runtime/generated/stm32h7_ctrl_board_raw/Src/main.c.obj (HAL_RCC_OscConfig)
libbalance_chassis_generated_raw.a(stm32h7xx_hal_rcc_ex.c.obj)
                              CMakeFiles/balance_chassis_legacy_full.elf.dir/runtime/generated/stm32h7_ctrl_board_raw/Src/main.c.obj (HAL_RCCEx_PeriphCLKConfig)
libbalance_chassis_generated_raw.a(stm32h7xx_hal_spi.c.obj)
                              libbalance_chassis_generated_raw.a(spi.c.obj) (HAL_SPI_Init)
libbalance_chassis_generated_raw.a(stm32h7xx_hal_tim.c.obj)
                              libbalance_chassis_generated_raw.a(tim.c.obj) (HAL_TIM_PWM_Init)
libbalance_chassis_generated_raw.a(stm32h7xx_hal_tim_ex.c.obj)
                              libbalance_chassis_generated_raw.a(stm32h7xx_hal_tim.c.obj) (TIMEx_DMACommutationCplt)
libbalance_chassis_generated_raw.a(stm32h7xx_hal_uart.c.obj)
                              libbalance_chassis_generated_raw.a(usart.c.obj) (HAL_UART_Init)
libbalance_chassis_generated_raw.a(stm32h7xx_hal_uart_ex.c.obj)
                              libbalance_chassis_generated_raw.a(stm32h7xx_hal_uart.c.obj) (HAL_UARTEx_WakeupCallback)
libbalance_chassis_generated_raw.a(stm32h7xx_hal_pwr.c.obj)
                              libbalance_chassis_generated_raw.a(stm32h7xx_hal_pwr_ex.c.obj) (HAL_PWR_PVDCallback)
libbalance_chassis_bsp_full.a(bsp_dwt.c.obj)
                              CMakeFiles/balance_chassis_legacy_full_obj.dir/runtime/app/balance_chassis/INS_task.c.obj (DWT_GetDeltaT)
libbalance_chassis_bsp_full.a(dm4310_drv.c.obj)
                              CMakeFiles/balance_chassis_legacy_full_obj.dir/runtime/app/balance_chassis/motor_control_task.c.obj (joint_motor_init)
libbalance_chassis_bsp_full.a(can_bsp.c.obj)
                              libbalance_chassis_bsp_full.a(dm4310_drv.c.obj) (chassis_motor)
/home/xbd/worspcae/code/Astra_RM2025_Balance/robot_platform/../Chassis/Drivers/CMSIS/DSP/Lib/GCC/libarm_cortexM7lfdp_math.a(arm_mat_trans_f32.o)
                              CMakeFiles/balance_chassis_legacy_full_obj.dir/runtime/module/algorithm/EKF/QuaternionEKF.c.obj (arm_mat_trans_f32)
/home/xbd/worspcae/code/Astra_RM2025_Balance/robot_platform/../Chassis/Drivers/CMSIS/DSP/Lib/GCC/libarm_cortexM7lfdp_math.a(arm_mat_sub_f32.o)
[...]
Memory Configuration

Name             Origin             Length             Attributes
FLASH            0x0000000008000000 0x0000000000100000 xr
RAM              0x0000000024000000 0x0000000000050000 xrw
*default*        0x0000000000000000 0xffffffffffffffff

Linker script and memory map

LOAD /usr/lib/gcc/arm-none-eabi/10.3.1/thumb/v7e-m+dp/hard/crti.o
LOAD /usr/lib/gcc/arm-none-eabi/10.3.1/thumb/v7e-m+dp/hard/crtbegin.o
LOAD /usr/lib/gcc/arm-none-eabi/10.3.1/../../../arm-none-eabi/lib/thumb/v7e-m+dp/hard/crt0.o
LOAD CMakeFiles/balance_chassis_legacy_full_obj.dir/runtime/app/balance_chassis/INS_task.c.obj
LOAD CMakeFiles/balance_chassis_legacy_full_obj.dir/runtime/app/balance_chassis/chassis_task.c.obj
LOAD CMakeFiles/balance_chassis_legacy_full_obj.dir/runtime/app/balance_chassis/motor_control_task.c.obj
LOAD CMakeFiles/balance_chassis_legacy_full_obj.dir/runtime/app/balance_chassis/observe_task.c.obj
LOAD CMakeFiles/balance_chassis_legacy_full_obj.dir/runtime/app/balance_chassis/remote_control.c.obj
LOAD CMakeFiles/balance_chassis_legacy_full_obj.dir/runtime/app/balance_chassis/remote_task.c.obj
LOAD CMakeFiles/balance_chassis_legacy_full_obj.dir/runtime/module/algorithm/EKF/QuaternionEKF.c.obj
LOAD CMakeFiles/balance_chassis_legacy_full_obj.dir/runtime/module/algorithm/PID/pid.c.obj
LOAD CMakeFiles/balance_chassis_legacy_full_obj.dir/runtime/module/algorithm/VMC/VMC_calc.c.obj
LOAD CMakeFiles/balance_chassis_legacy_full_obj.dir/runtime/module/algorithm/kalman/kalman_filter.c.obj
LOAD CMakeFiles/balance_chassis_legacy_full_obj.dir/runtime/module/algorithm/mahony/mahony_filter.c.obj
LOAD CMakeFiles/balance_chassis_legacy_full_obj.dir/runtime/module/controller/controller.c.obj
LOAD CMakeFiles/balance_chassis_legacy_full_obj.dir/runtime/module/lib/user_lib.c.obj
LOAD CMakeFiles/balance_chassis_legacy_full_obj.dir/runtime/module/message_center/message_center.c.obj
LOAD CMakeFiles/balance_chassis_legacy_full_obj.dir/runtime/bsp/devices/bmi088/BMI088Middleware.c.obj
LOAD CMakeFiles/balance_chassis_legacy_full_obj.dir/runtime/bsp/devices/bmi088/BMI088driver.c.obj
LOAD CMakeFiles/balance_chassis_legacy_full.elf.dir/runtime/generated/stm32h7_ctrl_board_raw/Src/main.c.obj
LOAD CMakeFiles/balance_chassis_legacy_full.elf.dir/runtime/app/balance_chassis/freertos_legacy.c.obj
LOAD CMakeFiles/balance_chassis_legacy_full.elf.dir/home/xbd/worspcae/code/Astra_RM2025_Balance/Chassis/Drivers/CMSIS/Device/ST/STM32H7xx/Source/Templates/gcc/startup_stm32h723xx.s.obj
LOAD CMakeFiles/balance_chassis_legacy_full.elf.dir/home/xbd/worspcae/code/Astra_RM2025_Balance/Chassis/Middlewares/Third_Party/FreeRTOS/Source/CMSIS_RTOS/cmsis_os.c.obj
LOAD CMakeFiles/balance_chassis_legacy_full.elf.dir/home/xbd/worspcae/code/Astra_RM2025_Balance/Chassis/Middlewares/Third_Party/FreeRTOS/Source/croutine.c.obj
LOAD CMakeFiles/balance_chassis_legacy_full.elf.dir/home/xbd/worspcae/code/Astra_RM2025_Balance/Chassis/Middlewares/Third_Party/FreeRTOS/Source/event_groups.c.obj
LOAD CMakeFiles/balance_chassis_legacy_full.elf.dir/home/xbd/worspcae/code/Astra_RM2025_Balance/Chassis/Middlewares/Third_Party/FreeRTOS/Source/list.c.obj
LOAD CMakeFiles/balance_chassis_legacy_full.elf.dir/home/xbd/worspcae/code/Astra_RM2025_Balance/Chassis/Middlewares/Third_Party/FreeRTOS/Source/portable/MemMang/heap_4.c.obj
LOAD CMakeFiles/balance_chassis_legacy_full.elf.dir/third_party/freertos_port_gcc_cm7_r0p1/port.c.obj
LOAD CMakeFiles/balance_chassis_legacy_full.elf.dir/home/xbd/worspcae/code/Astra_RM2025_Balance/Chassis/Middlewares/Third_Party/FreeRTOS/Source/queue.c.obj
LOAD CMakeFiles/balance_chassis_legacy_full.elf.dir/home/xbd/worspcae/code/Astra_RM2025_Balance/Chassis/Middlewares/Third_Party/FreeRTOS/Source/stream_buffer.c.obj
LOAD CMakeFiles/balance_chassis_legacy_full.elf.dir/home/xbd/worspcae/code/Astra_RM2025_Balance/Chassis/Middlewares/Third_Party/FreeRTOS/Source/tasks.c.obj
LOAD CMakeFiles/balance_chassis_legacy_full.elf.dir/home/xbd/worspcae/code/Astra_RM2025_Balance/Chassis/Middlewares/Third_Party/FreeRTOS/Source/timers.c.obj
LOAD libbalance_chassis_generated_raw.a
LOAD libbalance_chassis_bsp_full.a
LOAD /home/xbd/worspcae/code/Astra_RM2025_Balance/robot_platform/../Chassis/Drivers/CMSIS/DSP/Lib/GCC/libarm_cortexM7lfdp_math.a
LOAD /usr/lib/gcc/arm-none-eabi/10.3.1/../../../arm-none-eabi/lib/thumb/v7e-m+dp/hard/libm.a
LOAD libbalance_chassis_generated_raw.a
START GROUP
LOAD /usr/lib/gcc/arm-none-eabi/10.3.1/thumb/v7e-m+dp/hard/libgcc.a
LOAD /usr/lib/gcc/arm-none-eabi/10.3.1/../../../arm-none-eabi/lib/thumb/v7e-m+dp/hard/libc_nano.a
END GROUP
START GROUP
LOAD /usr/lib/gcc/arm-none-eabi/10.3.1/thumb/v7e-m+dp/hard/libgcc.a
LOAD /usr/lib/gcc/arm-none-eabi/10.3.1/../../../arm-none-eabi/lib/thumb/v7e-m+dp/hard/libc_nano.a
LOAD /usr/lib/gcc/arm-none-eabi/10.3.1/../../../arm-none-eabi/lib/thumb/v7e-m+dp/hard/libnosys.a
END GROUP
START GROUP
LOAD /usr/lib/gcc/arm-none-eabi/10.3.1/thumb/v7e-m+dp/hard/libgcc.a
LOAD /usr/lib/gcc/arm-none-eabi/10.3.1/../../../arm-none-eabi/lib/thumb/v7e-m+dp/hard/libc_nano.a
LOAD /usr/lib/gcc/arm-none-eabi/10.3.1/../../../arm-none-eabi/lib/thumb/v7e-m+dp/hard/libnosys.a
END GROUP
LOAD /usr/lib/gcc/arm-none-eabi/10.3.1/thumb/v7e-m+dp/hard/crtend.o
LOAD /usr/lib/gcc/arm-none-eabi/10.3.1/thumb/v7e-m+dp/hard/crtn.o
                0x0000000024050000                _estack = (ORIGIN (RAM) + LENGTH (RAM))
                0x0000000000000400                _Min_Heap_Size = 0x400
                0x0000000000001000                _Min_Stack_Size = 0x1000

.isr_vector     0x0000000008000000      0x2cc
                0x0000000008000000                . = ALIGN (0x4)
 *(.isr_vector)
 .isr_vector    0x0000000008000000      0x2cc CMakeFiles/balance_chassis_legacy_full.elf.dir/home/xbd/worspcae/code/Astra_RM2025_Balance/Chassis/Drivers/CMSIS/Device/ST/STM32H7xx/Source/Templates/gcc/startup_stm32h723xx.s.obj
                0x0000000008000000                g_pfnVectors
                0x00000000080002cc                . = ALIGN (0x4)

.text           0x00000000080002e0     0xf298
                0x00000000080002e0                . = ALIGN (0x4)
 *(.text)
 .text          0x00000000080002e0       0x88 /usr/lib/gcc/arm-none-eabi/10.3.1/thumb/v7e-m+dp/hard/crtbegin.o
 .text          0x0000000008000368       0x54 /usr/lib/gcc/arm-none-eabi/10.3.1/../../../arm-none-eabi/lib/thumb/v7e-m+dp/hard/libm.a(lib_a-w_sqrt.o)
                0x0000000008000368                sqrt
 .text          0x00000000080003bc       0x68 /usr/lib/gcc/arm-none-eabi/10.3.1/../../../arm-none-eabi/lib/thumb/v7e-m+dp/hard/libm.a(lib_a-wf_asin.o)
                0x00000000080003bc                asinf
 .text          0x0000000008000424        0x4 /usr/lib/gcc/arm-none-eabi/10.3.1/../../../arm-none-eabi/lib/thumb/v7e-m+dp/hard/libm.a(lib_a-wf_atan2.o)
                0x0000000008000424                atan2f
 .text          0x0000000008000428       0x50 /usr/lib/gcc/arm-none-eabi/10.3.1/../../../arm-none-eabi/lib/thumb/v7e-m+dp/hard/libm.a(lib_a-wf_sqrt.o)
                0x0000000008000428                sqrtf
 .text          0x0000000008000478        0x8 /usr/lib/gcc/arm-none-eabi/10.3.1/../../../arm-none-eabi/lib/thumb/v7e-m+dp/hard/libm.a(lib_a-e_sqrt.o)
                0x0000000008000478                __ieee754_sqrt
 .text          0x0000000008000480      0x20c /usr/lib/gcc/arm-none-eabi/10.3.1/../../../arm-none-eabi/lib/thumb/v7e-m+dp/hard/libm.a(lib_a-ef_asin.o)
                0x0000000008000480                __ieee754_asinf
 .text          0x000000000800068c      0x148 /usr/lib/gcc/arm-none-eabi/10.3.1/../../../arm-none-eabi/lib/thumb/v7e-m+dp/hard/libm.a(lib_a-ef_atan2.o)
                0x000000000800068c                __ieee754_atan2f
 .text          0x00000000080007d4        0x8 /usr/lib/gcc/arm-none-eabi/10.3.1/../../../arm-none-eabi/lib/thumb/v7e-m+dp/hard/libm.a(lib_a-ef_sqrt.o)
                0x00000000080007d4                __ieee754_sqrtf
 .text          0x00000000080007dc      0x1a8 /usr/lib/gcc/arm-none-eabi/10.3.1/../../../arm-none-eabi/lib/thumb/v7e-m+dp/hard/libm.a(lib_a-sf_atan.o)
                0x00000000080007dc                atanf
 .text          0x0000000008000984       0x10 /usr/lib/gcc/arm-none-eabi/10.3.1/../../../arm-none-eabi/lib/thumb/v7e-m+dp/hard/libm.a(lib_a-sf_fabs.o)
                0x0000000008000984                fabsf
 .text          0x0000000008000994        0xc /usr/lib/gcc/arm-none-eabi/10.3.1/../../../arm-none-eabi/lib/thumb/v7e-m+dp/hard/libm.a(lib_a-sf_nan.o)
                0x0000000008000994                nanf
 .text          0x00000000080009a0       0x30 /usr/lib/gcc/arm-none-eabi/10.3.1/thumb/v7e-m+dp/hard/libgcc.a(_aeabi_uldivmod.o)
                0x00000000080009a0                __aeabi_uldivmod
 .text          0x00000000080009d0      0x2d0 /usr/lib/gcc/arm-none-eabi/10.3.1/thumb/v7e-m+dp/hard/libgcc.a(_udivmoddi4.o)
                0x00000000080009d0                __udivmoddi4
 .text          0x0000000008000ca0        0x4 /usr/lib/gcc/arm-none-eabi/10.3.1/thumb/v7e-m+dp/hard/libgcc.a(_dvmd_tls.o)
                0x0000000008000ca0                __aeabi_ldiv0
                0x0000000008000ca0                __aeabi_idiv0
 .text          0x0000000008000ca4        0xc /usr/lib/gcc/arm-none-eabi/10.3.1/../../../arm-none-eabi/lib/thumb/v7e-m+dp/hard/libc_nano.a(lib_a-errno.o)
                0x0000000008000ca4                __errno
 .text          0x0000000008000cb0       0x48 /usr/lib/gcc/arm-none-eabi/10.3.1/../../../arm-none-eabi/lib/thumb/v7e-m+dp/hard/libc_nano.a(lib_a-init.o)
                0x0000000008000cb0                __libc_init_array
 .text          0x0000000008000cf8       0x20 /usr/lib/gcc/arm-none-eabi/10.3.1/../../../arm-none-eabi/lib/thumb/v7e-m+dp/hard/libc_nano.a(lib_a-malloc.o)
                0x0000000008000cf8                malloc
                0x0000000008000d08                free
 .text          0x0000000008000d18      0x134 /usr/lib/gcc/arm-none-eabi/10.3.1/../../../arm-none-eabi/lib/thumb/v7e-m+dp/hard/libc_nano.a(lib_a-memcpy.o)
                0x0000000008000d18                memcpy
 .text          0x0000000008000e4c       0xa4 /usr/lib/gcc/arm-none-eabi/10.3.1/../../../arm-none-eabi/lib/thumb/v7e-m+dp/hard/libc_nano.a(lib_a-memset.o)
                0x0000000008000e4c                memset
 .text          0x0000000008000ef0       0xc4 /usr/lib/gcc/arm-none-eabi/10.3.1/../../../arm-none-eabi/lib/thumb/v7e-m+dp/hard/libc_nano.a(lib_a-nano-freer.o)
                0x0000000008000ef0                _free_r
 .text          0x0000000008000fb4       0xb4 /usr/lib/gcc/arm-none-eabi/10.3.1/../../../arm-none-eabi/lib/thumb/v7e-m+dp/hard/libc_nano.a(lib_a-nano-mallocr.o)
                0x0000000008000fb4                _malloc_r
 .text          0x0000000008001068       0x24 /usr/lib/gcc/arm-none-eabi/10.3.1/../../../arm-none-eabi/lib/thumb/v7e-m+dp/hard/libc_nano.a(lib_a-sbrkr.o)
                0x0000000008001068                _sbrk_r
 *fill*         0x000000000800108c       0x14 
 .text          0x00000000080010a0      0x2dc /usr/lib/gcc/arm-none-eabi/10.3.1/../../../arm-none-eabi/lib/thumb/v7e-m+dp/hard/libc_nano.a(lib_a-strcmp.o)
                0x00000000080010a8                strcmp
 .text          0x000000000800137c       0x64 /usr/lib/gcc/arm-none-eabi/10.3.1/../../../arm-none-eabi/lib/thumb/v7e-m+dp/hard/libc_nano.a(lib_a-strncpy.o)
                0x000000000800137c                strncpy
 .text          0x00000000080013e0        0x8 /usr/lib/gcc/arm-none-eabi/10.3.1/../../../arm-none-eabi/lib/thumb/v7e-m+dp/hard/libc_nano.a(lib_a-mlock.o)
                0x00000000080013e0                __malloc_lock
                0x00000000080013e4                __malloc_unlock
 .text          0x00000000080013e8       0x1c /usr/lib/gcc/arm-none-eabi/10.3.1/../../../arm-none-eabi/lib/thumb/v7e-m+dp/hard/libnosys.a(sbrk.o)
                0x00000000080013e8                _sbrk
 *(.text*)
 .text.INS_Init
                0x0000000008001404       0x34 CMakeFiles/balance_chassis_legacy_full_obj.dir/runtime/app/balance_chassis/INS_task.c.obj
                0x0000000008001404                INS_Init
 .text.INS_task
                0x0000000008001438      0x3c4 CMakeFiles/balance_chassis_legacy_full_obj.dir/runtime/app/balance_chassis/INS_task.c.obj
                0x0000000008001438                INS_task
 .text.BodyFrameToEarthFrame
                0x00000000080017fc      0x250 CMakeFiles/balance_chassis_legacy_full_obj.dir/runtime/app/balance_chassis/INS_task.c.obj
                0x00000000080017fc                BodyFrameToEarthFrame
 .text.EarthFrameToBodyFrame
                0x0000000008001a4c      0x250 CMakeFiles/balance_chassis_legacy_full_obj.dir/runtime/app/balance_chassis/INS_task.c.obj
                0x0000000008001a4c                EarthFrameToBodyFrame
 .text.Chassis_task
                0x0000000008001c9c      0x19c CMakeFiles/balance_chassis_legacy_full_obj.dir/runtime/app/balance_chassis/chassis_task.c.obj
                0x0000000008001c9c                Chassis_task
 .text.Chassis_init
                0x0000000008001e38       0x8c CMakeFiles/balance_chassis_legacy_full_obj.dir/runtime/app/balance_chassis/chassis_task.c.obj
 .text.Pensation_init
                0x0000000008001ec4       0x90 CMakeFiles/balance_chassis_legacy_full_obj.dir/runtime/app/balance_chassis/chassis_task.c.obj
 .text.chassis_feedback_update
                0x0000000008001f54      0x1f8 CMakeFiles/balance_chassis_legacy_full_obj.dir/runtime/app/balance_chassis/chassis_task.c.obj
 .text.chassis_control_loop
                0x000000000800214c      0x4fc CMakeFiles/balance_chassis_legacy_full_obj.dir/runtime/app/balance_chassis/chassis_task.c.obj
 .text.Limit_Int
                0x0000000008002648       0x46 CMakeFiles/balance_chassis_legacy_full_obj.dir/runtime/app/balance_chassis/chassis_task.c.obj
 *fill*         0x000000000800268e        0x2 
 .text.chassis_jump_loop
                0x0000000008002690      0x340 CMakeFiles/balance_chassis_legacy_full_obj.dir/runtime/app/balance_chassis/chassis_task.c.obj
 .text.chassis_ground_detection
                0x00000000080029d0       0xd8 CMakeFiles/balance_chassis_legacy_full_obj.dir/runtime/app/balance_chassis/chassis_task.c.obj
 .text.motor_control_task
                0x0000000008002aa8      0x27c CMakeFiles/balance_chassis_legacy_full_obj.dir/runtime/app/balance_chassis/motor_control_task.c.obj
                0x0000000008002aa8                motor_control_task
 .text.Observe_task
                0x0000000008002d24       0xb4 CMakeFiles/balance_chassis_legacy_full_obj.dir/runtime/app/balance_chassis/observe_task.c.obj
                0x0000000008002d24                Observe_task
 .text.xvEstimateKF_Init
                0x0000000008002dd8       0x80 CMakeFiles/balance_chassis_legacy_full_obj.dir/runtime/app/balance_chassis/observe_task.c.obj
                0x0000000008002dd8                xvEstimateKF_Init
 .text.remote_init
                0x0000000008002e58       0x54 CMakeFiles/balance_chassis_legacy_full_obj.dir/runtime/app/balance_chassis/remote_task.c.obj
                0x0000000008002e58                remote_init
 .text.remote_task
                0x0000000008002eac       0x94 CMakeFiles/balance_chassis_legacy_full_obj.dir/runtime/app/balance_chassis/remote_task.c.obj
                0x0000000008002eac                remote_task
 .text.remote_data_process
                0x0000000008002f40      0x2b8 CMakeFiles/balance_chassis_legacy_full_obj.dir/runtime/app/balance_chassis/remote_task.c.obj
 .text.slope_following
                0x00000000080031f8       0xb2 CMakeFiles/balance_chassis_legacy_full_obj.dir/runtime/app/balance_chassis/remote_task.c.obj
 .text.PID_init
                0x00000000080032aa       0xaa CMakeFiles/balance_chassis_legacy_full_obj.dir/runtime/module/algorithm/PID/pid.c.obj
                0x00000000080032aa                PID_init
 .text.PID_Calc
                0x0000000008003354      0x290 CMakeFiles/balance_chassis_legacy_full_obj.dir/runtime/module/algorithm/PID/pid.c.obj
                0x0000000008003354                PID_Calc
 .text.VMC_init
                0x00000000080035e4       0x3c CMakeFiles/balance_chassis_legacy_full_obj.dir/runtime/module/algorithm/VMC/VMC_calc.c.obj
                0x00000000080035e4                VMC_init
 .text.VMC_calc_1_right
                0x0000000008003620      0x67c CMakeFiles/balance_chassis_legacy_full_obj.dir/runtime/module/algorithm/VMC/VMC_calc.c.obj
                0x0000000008003620                VMC_calc_1_right
 .text.VMC_calc_1_left
                0x0000000008003c9c      0x59c CMakeFiles/balance_chassis_legacy_full_obj.dir/runtime/module/algorithm/VMC/VMC_calc.c.obj
                0x0000000008003c9c                VMC_calc_1_left
 .text.VMC_calc_2
                0x0000000008004238      0x230 CMakeFiles/balance_chassis_legacy_full_obj.dir/runtime/module/algorithm/VMC/VMC_calc.c.obj
                0x0000000008004238                VMC_calc_2
 .text.ground_detectionR
                0x0000000008004468       0x88 CMakeFiles/balance_chassis_legacy_full_obj.dir/runtime/module/algorithm/VMC/VMC_calc.c.obj
                0x0000000008004468                ground_detectionR
 .text.ground_detectionL
                0x00000000080044f0       0x88 CMakeFiles/balance_chassis_legacy_full_obj.dir/runtime/module/algorithm/VMC/VMC_calc.c.obj
                0x00000000080044f0                ground_detectionL
 .text.Kalman_Filter_Init
                0x0000000008004578      0x810 CMakeFiles/balance_chassis_legacy_full_obj.dir/runtime/module/algorithm/kalman/kalman_filter.c.obj
                0x0000000008004578                Kalman_Filter_Init
 .text.RotationMatrix_update
                0x0000000008004d88      0x1b2 CMakeFiles/balance_chassis_legacy_full_obj.dir/runtime/module/algorithm/mahony/mahony_filter.c.obj
                0x0000000008004d88                RotationMatrix_update
 .text.mahony_input
                0x0000000008004f3a       0x5e CMakeFiles/balance_chassis_legacy_full_obj.dir/runtime/module/algorithm/mahony/mahony_filter.c.obj
                0x0000000008004f3a                mahony_input
 .text.mahony_update
                0x0000000008004f98      0x418 CMakeFiles/balance_chassis_legacy_full_obj.dir/runtime/module/algorithm/mahony/mahony_filter.c.obj
                0x0000000008004f98                mahony_update
 .text.mahony_output
                0x00000000080053b0       0x70 CMakeFiles/balance_chassis_legacy_full_obj.dir/runtime/module/algorithm/mahony/mahony_filter.c.obj
                0x00000000080053b0                mahony_output
 .text.mahony_init
                0x0000000008005420       0x64 CMakeFiles/balance_chassis_legacy_full_obj.dir/runtime/module/algorithm/mahony/mahony_filter.c.obj
                0x0000000008005420                mahony_init
 .text.mySaturate
                0x0000000008005484       0x54 CMakeFiles/balance_chassis_legacy_full_obj.dir/runtime/module/lib/user_lib.c.obj
                0x0000000008005484                mySaturate
 .text.PubRegister
                0x00000000080054d8       0xc8 CMakeFiles/balance_chassis_legacy_full_obj.dir/runtime/module/message_center/message_center.c.obj
                0x00000000080054d8                PubRegister
 .text.SubRegister
                0x00000000080055a0       0xc0 CMakeFiles/balance_chassis_legacy_full_obj.dir/runtime/module/message_center/message_center.c.obj
                0x00000000080055a0                SubRegister
 .text.PubPushMessage
                0x0000000008005660       0x48 CMakeFiles/balance_chassis_legacy_full_obj.dir/runtime/module/message_center/message_center.c.obj
                0x0000000008005660                PubPushMessage
 .text.BMI088_ACCEL_NS_L
                0x00000000080056a8       0x18 CMakeFiles/balance_chassis_legacy_full_obj.dir/runtime/bsp/devices/bmi088/BMI088Middleware.c.obj
                0x00000000080056a8                BMI088_ACCEL_NS_L
 .text.BMI088_ACCEL_NS_H
                0x00000000080056c0       0x18 CMakeFiles/balance_chassis_legacy_full_obj.dir/runtime/bsp/devices/bmi088/BMI088Middleware.c.obj
                0x00000000080056c0                BMI088_ACCEL_NS_H
 .text.BMI088_GYRO_NS_L
                0x00000000080056d8       0x18 CMakeFiles/balance_chassis_legacy_full_obj.dir/runtime/bsp/devices/bmi088/BMI088Middleware.c.obj
                0x00000000080056d8                BMI088_GYRO_NS_L
 .text.BMI088_GYRO_NS_H
                0x00000000080056f0       0x18 CMakeFiles/balance_chassis_legacy_full_obj.dir/runtime/bsp/devices/bmi088/BMI088Middleware.c.obj
                0x00000000080056f0                BMI088_GYRO_NS_H
 .text.BMI088_read_write_byte
                0x0000000008005708       0x30 CMakeFiles/balance_chassis_legacy_full_obj.dir/runtime/bsp/devices/bmi088/BMI088Middleware.c.obj
                0x0000000008005708                BMI088_read_write_byte
 .text.BMI088_Read
                0x0000000008005738      0x3d0 CMakeFiles/balance_chassis_legacy_full_obj.dir/runtime/bsp/devices/bmi088/BMI088driver.c.obj
                0x0000000008005738                BMI088_Read
 .text.BMI088_read_muli_reg
                0x0000000008005b08       0x4a CMakeFiles/balance_chassis_legacy_full_obj.dir/runtime/bsp/devices/bmi088/BMI088driver.c.obj
 .text.main     0x0000000008005b52       0x3e CMakeFiles/balance_chassis_legacy_full.elf.dir/runtime/generated/stm32h7_ctrl_board_raw/Src/main.c.obj
                0x0000000008005b52                main
 .text.SystemClock_Config
                0x0000000008005b90       0xdc CMakeFiles/balance_chassis_legacy_full.elf.dir/runtime/generated/stm32h7_ctrl_board_raw/Src/main.c.obj
                0x0000000008005b90                SystemClock_Config
 .text.PeriphCommonClock_Config
                0x0000000008005c6c       0x5e CMakeFiles/balance_chassis_legacy_full.elf.dir/runtime/generated/stm32h7_ctrl_board_raw/Src/main.c.obj
                0x0000000008005c6c                PeriphCommonClock_Config
 .text.Error_Handler
                0x0000000008005cca        0xa CMakeFiles/balance_chassis_legacy_full.elf.dir/runtime/generated/stm32h7_ctrl_board_raw/Src/main.c.obj
                0x0000000008005cca                Error_Handler
 .text.MX_FREERTOS_Init
                0x0000000008005cd4      0x108 CMakeFiles/balance_chassis_legacy_full.elf.dir/runtime/app/balance_chassis/freertos_legacy.c.obj
                0x0000000008005cd4                MX_FREERTOS_Init
 .text.StartDefaultTask
                0x0000000008005ddc       0x10 CMakeFiles/balance_chassis_legacy_full.elf.dir/runtime/app/balance_chassis/freertos_legacy.c.obj
 .text.INS_Task
                0x0000000008005dec        0xe CMakeFiles/balance_chassis_legacy_full.elf.dir/runtime/app/balance_chassis/freertos_legacy.c.obj
 .text.Chassis_Task
                0x0000000008005dfa        0xe CMakeFiles/balance_chassis_legacy_full.elf.dir/runtime/app/balance_chassis/freertos_legacy.c.obj
 .text.Motor_Control_Task
                0x0000000008005e08        0xe CMakeFiles/balance_chassis_legacy_full.elf.dir/runtime/app/balance_chassis/freertos_legacy.c.obj
 .text.OBSERVE_Task
                0x0000000008005e16        0xe CMakeFiles/balance_chassis_legacy_full.elf.dir/runtime/app/balance_chassis/freertos_legacy.c.obj
 .text.Remote_Task
                0x0000000008005e24        0xe CMakeFiles/balance_chassis_legacy_full.elf.dir/runtime/app/balance_chassis/freertos_legacy.c.obj
 *fill*         0x0000000008005e32        0x2 
 .text.Reset_Handler
                0x0000000008005e34       0x50 CMakeFiles/balance_chassis_legacy_full.elf.dir/home/xbd/worspcae/code/Astra_RM2025_Balance/Chassis/Drivers/CMSIS/Device/ST/STM32H7xx/Source/Templates/gcc/startup_stm32h723xx.s.obj
                0x0000000008005e34                Reset_Handler
 .text.Default_Handler
                0x0000000008005e84        0x2 CMakeFiles/balance_chassis_legacy_full.elf.dir/home/xbd/worspcae/code/Astra_RM2025_Balance/Chassis/Drivers/CMSIS/Device/ST/STM32H7xx/Source/Templates/gcc/startup_stm32h723xx.s.obj
                0x0000000008005e84                RTC_Alarm_IRQHandler
                0x0000000008005e84                EXTI2_IRQHandler
                0x0000000008005e84                TIM8_CC_IRQHandler
                0x0000000008005e84                DebugMon_Handler
                0x0000000008005e84                UART8_IRQHandler
                0x0000000008005e84                SPI4_IRQHandler
                0x0000000008005e84                FDCAN3_IT0_IRQHandler
                0x0000000008005e84                TIM1_CC_IRQHandler
                0x0000000008005e84                BDMA_Channel6_IRQHandler
                0x0000000008005e84                DMA2_Stream5_IRQHandler
                0x0000000008005e84                HardFault_Handler
                0x0000000008005e84                DMA1_Stream5_IRQHandler
                0x0000000008005e84                CORDIC_IRQHandler
                0x0000000008005e84                BDMA_Channel1_IRQHandler
                0x0000000008005e84                TAMP_STAMP_IRQHandler
                0x0000000008005e84                NMI_Handler
                0x0000000008005e84                EXTI3_IRQHandler
                0x0000000008005e84                LPTIM4_IRQHandler
                0x0000000008005e84                TIM8_TRG_COM_TIM14_IRQHandler
                0x0000000008005e84                LPTIM2_IRQHandler
                0x0000000008005e84                DFSDM1_FLT1_IRQHandler
                0x0000000008005e84                DMAMUX2_OVR_IRQHandler
                0x0000000008005e84                TIM8_UP_TIM13_IRQHandler
                0x0000000008005e84                I2C3_ER_IRQHandler
                0x0000000008005e84                DFSDM1_FLT2_IRQHandler
                0x0000000008005e84                I2C5_EV_IRQHandler
                0x0000000008005e84                USART10_IRQHandler
                0x0000000008005e84                MDMA_IRQHandler
                0x0000000008005e84                LPTIM3_IRQHandler
                0x0000000008005e84                HSEM1_IRQHandler
                0x0000000008005e84                EXTI0_IRQHandler
                0x0000000008005e84                I2C2_EV_IRQHandler
                0x0000000008005e84                DMA1_Stream2_IRQHandler
                0x0000000008005e84                FPU_IRQHandler
                0x0000000008005e84                OTG_HS_WKUP_IRQHandler
                0x0000000008005e84                FDCAN1_IT1_IRQHandler
                0x0000000008005e84                UsageFault_Handler
                0x0000000008005e84                LTDC_ER_IRQHandler
                0x0000000008005e84                DMA2_Stream2_IRQHandler
                0x0000000008005e84                SPI1_IRQHandler
                0x0000000008005e84                OCTOSPI1_IRQHandler
                0x0000000008005e84                TIM6_DAC_IRQHandler
                0x0000000008005e84                DMA2_Stream3_IRQHandler
                0x0000000008005e84                OCTOSPI2_IRQHandler
                0x0000000008005e84                DFSDM1_FLT3_IRQHandler
                0x0000000008005e84                TIM23_IRQHandler
                0x0000000008005e84                USART6_IRQHandler
                0x0000000008005e84                TIM17_IRQHandler
                0x0000000008005e84                USART3_IRQHandler
                0x0000000008005e84                BDMA_Channel7_IRQHandler
                0x0000000008005e84                LPTIM5_IRQHandler
                0x0000000008005e84                UART5_IRQHandler
                0x0000000008005e84                ADC3_IRQHandler
                0x0000000008005e84                DMA2_Stream0_IRQHandler
                0x0000000008005e84                TIM4_IRQHandler
                0x0000000008005e84                BDMA_Channel2_IRQHandler
                0x0000000008005e84                I2C1_EV_IRQHandler
                0x0000000008005e84                DMA1_Stream6_IRQHandler
                0x0000000008005e84                DMAMUX1_OVR_IRQHandler
                0x0000000008005e84                DMA1_Stream1_IRQHandler
                0x0000000008005e84                TIM16_IRQHandler
                0x0000000008005e84                UART4_IRQHandler
                0x0000000008005e84                BDMA_Channel5_IRQHandler
                0x0000000008005e84                TIM3_IRQHandler
                0x0000000008005e84                RCC_IRQHandler
                0x0000000008005e84                UART9_IRQHandler
                0x0000000008005e84                TIM8_BRK_TIM12_IRQHandler
                0x0000000008005e84                TIM1_TRG_COM_IRQHandler
                0x0000000008005e84                Default_Handler
                0x0000000008005e84                ECC_IRQHandler
                0x0000000008005e84                FMAC_IRQHandler
                0x0000000008005e84                CEC_IRQHandler
                0x0000000008005e84                EXTI15_10_IRQHandler
                0x0000000008005e84                BDMA_Channel0_IRQHandler
                0x0000000008005e84                ADC_IRQHandler
                0x0000000008005e84                I2C5_ER_IRQHandler
                0x0000000008005e84                DMA1_Stream7_IRQHandler
                0x0000000008005e84                SPI5_IRQHandler
                0x0000000008005e84                TIM7_IRQHandler
                0x0000000008005e84                FDCAN3_IT1_IRQHandler
                0x0000000008005e84                SDMMC1_IRQHandler
                0x0000000008005e84                TIM5_IRQHandler
                0x0000000008005e84                DMA2_Stream7_IRQHandler
                0x0000000008005e84                TIM15_IRQHandler
                0x0000000008005e84                PVD_AVD_IRQHandler
                0x0000000008005e84                I2C3_EV_IRQHandler
                0x0000000008005e84                EXTI9_5_IRQHandler
                0x0000000008005e84                RTC_WKUP_IRQHandler
                0x0000000008005e84                LTDC_IRQHandler
                0x0000000008005e84                ETH_WKUP_IRQHandler
                0x0000000008005e84                SPDIF_RX_IRQHandler
                0x0000000008005e84                SPI2_IRQHandler
                0x0000000008005e84                OTG_HS_EP1_IN_IRQHandler
                0x0000000008005e84                MemManage_Handler
                0x0000000008005e84                DMA1_Stream0_IRQHandler
                0x0000000008005e84                TIM24_IRQHandler
                0x0000000008005e84                CRS_IRQHandler
                0x0000000008005e84                EXTI4_IRQHandler
                0x0000000008005e84                RNG_IRQHandler
                0x0000000008005e84                FDCAN2_IT1_IRQHandler
                0x0000000008005e84                ETH_IRQHandler
                0x0000000008005e84                TIM1_UP_IRQHandler
                0x0000000008005e84                BDMA_Channel4_IRQHandler
                0x0000000008005e84                OTG_HS_EP1_OUT_IRQHandler
                0x0000000008005e84                WWDG_IRQHandler
                0x0000000008005e84                SPI6_IRQHandler
                0x0000000008005e84                MDIOS_IRQHandler
                0x0000000008005e84                I2C4_EV_IRQHandler
                0x0000000008005e84                FDCAN2_IT0_IRQHandler
                0x0000000008005e84                LPUART1_IRQHandler
                0x0000000008005e84                FDCAN1_IT0_IRQHandler
                0x0000000008005e84                TIM2_IRQHandler
                0x0000000008005e84                OTG_HS_IRQHandler
                0x0000000008005e84                DMA2D_IRQHandler
                0x0000000008005e84                TIM1_BRK_IRQHandler
                0x0000000008005e84                EXTI1_IRQHandler
                0x0000000008005e84                SDMMC2_IRQHandler
                0x0000000008005e84                BDMA_Channel3_IRQHandler
                0x0000000008005e84                DTS_IRQHandler
                0x0000000008005e84                UART7_IRQHandler
                0x0000000008005e84                MDIOS_WKUP_IRQHandler
                0x0000000008005e84                USART2_IRQHandler
                0x0000000008005e84                DFSDM1_FLT0_IRQHandler
                0x0000000008005e84                SAI4_IRQHandler
                0x0000000008005e84                I2C2_ER_IRQHandler
                0x0000000008005e84                DMA2_Stream1_IRQHandler
                0x0000000008005e84                FLASH_IRQHandler
                0x0000000008005e84                DMA2_Stream4_IRQHandler
                0x0000000008005e84                BusFault_Handler
                0x0000000008005e84                USART1_IRQHandler
                0x0000000008005e84                SPI3_IRQHandler
                0x0000000008005e84                WAKEUP_PIN_IRQHandler
                0x0000000008005e84                DMA1_Stream4_IRQHandler
                0x0000000008005e84                I2C1_ER_IRQHandler
                0x0000000008005e84                FMC_IRQHandler
                0x0000000008005e84                FDCAN_CAL_IRQHandler
                0x0000000008005e84                SWPMI1_IRQHandler
                0x0000000008005e84                COMP1_IRQHandler
                0x0000000008005e84                LPTIM1_IRQHandler
                0x0000000008005e84                DCMI_PSSI_IRQHandler
                0x0000000008005e84                I2C4_ER_IRQHandler
                0x0000000008005e84                DMA2_Stream6_IRQHandler
                0x0000000008005e84                SAI1_IRQHandler
                0x0000000008005e84                DMA1_Stream3_IRQHandler
 .text.makeFreeRtosPriority
                0x0000000008005e86       0x30 CMakeFiles/balance_chassis_legacy_full.elf.dir/home/xbd/worspcae/code/Astra_RM2025_Balance/Chassis/Middlewares/Third_Party/FreeRTOS/Source/CMSIS_RTOS/cmsis_os.c.obj
 .text.inHandlerMode
                0x0000000008005eb6       0x24 CMakeFiles/balance_chassis_legacy_full.elf.dir/home/xbd/worspcae/code/Astra_RM2025_Balance/Chassis/Middlewares/Third_Party/FreeRTOS/Source/CMSIS_RTOS/cmsis_os.c.obj
 .text.osKernelStart
                0x0000000008005eda        0xe CMakeFiles/balance_chassis_legacy_full.elf.dir/home/xbd/worspcae/code/Astra_RM2025_Balance/Chassis/Middlewares/Third_Party/FreeRTOS/Source/CMSIS_RTOS/cmsis_os.c.obj
                0x0000000008005eda                osKernelStart
 .text.osKernelSysTick
                0x0000000008005ee8       0x20 CMakeFiles/balance_chassis_legacy_full.elf.dir/home/xbd/worspcae/code/Astra_RM2025_Balance/Chassis/Middlewares/Third_Party/FreeRTOS/Source/CMSIS_RTOS/cmsis_os.c.obj
                0x0000000008005ee8                osKernelSysTick
 .text.osThreadCreate
                0x0000000008005f08       0x4e CMakeFiles/balance_chassis_legacy_full.elf.dir/home/xbd/worspcae/code/Astra_RM2025_Balance/Chassis/Middlewares/Third_Party/FreeRTOS/Source/CMSIS_RTOS/cmsis_os.c.obj
                0x0000000008005f08                osThreadCreate
 .text.osDelay  0x0000000008005f56       0x28 CMakeFiles/balance_chassis_legacy_full.elf.dir/home/xbd/worspcae/code/Astra_RM2025_Balance/Chassis/Middlewares/Third_Party/FreeRTOS/Source/CMSIS_RTOS/cmsis_os.c.obj
                0x0000000008005f56                osDelay
 .text.vListInitialise
                0x0000000008005f7e       0x40 CMakeFiles/balance_chassis_legacy_full.elf.dir/home/xbd/worspcae/code/Astra_RM2025_Balance/Chassis/Middlewares/Third_Party/FreeRTOS/Source/list.c.obj
                0x0000000008005f7e                vListInitialise
 .text.vListInitialiseItem
                0x0000000008005fbe       0x1a CMakeFiles/balance_chassis_legacy_full.elf.dir/home/xbd/worspcae/code/Astra_RM2025_Balance/Chassis/Middlewares/Third_Party/FreeRTOS/Source/list.c.obj
                0x0000000008005fbe                vListInitialiseItem
 .text.vListInsertEnd
                0x0000000008005fd8       0x48 CMakeFiles/balance_chassis_legacy_full.elf.dir/home/xbd/worspcae/code/Astra_RM2025_Balance/Chassis/Middlewares/Third_Party/FreeRTOS/Source/list.c.obj
                0x0000000008005fd8                vListInsertEnd
 .text.vListInsert
                0x0000000008006020       0x72 CMakeFiles/balance_chassis_legacy_full.elf.dir/home/xbd/worspcae/code/Astra_RM2025_Balance/Chassis/Middlewares/Third_Party/FreeRTOS/Source/list.c.obj
                0x0000000008006020                vListInsert
 .text.uxListRemove
                0x0000000008006092       0x54 CMakeFiles/balance_chassis_legacy_full.elf.dir/home/xbd/worspcae/code/Astra_RM2025_Balance/Chassis/Middlewares/Third_Party/FreeRTOS/Source/list.c.obj
                0x0000000008006092                uxListRemove
 *fill*         0x00000000080060e6        0x2 
 .text.pvPortMalloc
                0x00000000080060e8      0x1a4 CMakeFiles/balance_chassis_legacy_full.elf.dir/home/xbd/worspcae/code/Astra_RM2025_Balance/Chassis/Middlewares/Third_Party/FreeRTOS/Source/portable/MemMang/heap_4.c.obj
                0x00000000080060e8                pvPortMalloc
 .text.vPortFree
                0x000000000800628c       0xcc CMakeFiles/balance_chassis_legacy_full.elf.dir/home/xbd/worspcae/code/Astra_RM2025_Balance/Chassis/Middlewares/Third_Party/FreeRTOS/Source/portable/MemMang/heap_4.c.obj
                0x000000000800628c                vPortFree
 .text.prvHeapInit
                0x0000000008006358       0xc4 CMakeFiles/balance_chassis_legacy_full.elf.dir/home/xbd/worspcae/code/Astra_RM2025_Balance/Chassis/Middlewares/Third_Party/FreeRTOS/Source/portable/MemMang/heap_4.c.obj
 .text.prvInsertBlockIntoFreeList
                0x000000000800641c       0xb4 CMakeFiles/balance_chassis_legacy_full.elf.dir/home/xbd/worspcae/code/Astra_RM2025_Balance/Chassis/Middlewares/Third_Party/FreeRTOS/Source/portable/MemMang/heap_4.c.obj
 .text.pxPortInitialiseStack
                0x00000000080064d0       0x68 CMakeFiles/balance_chassis_legacy_full.elf.dir/third_party/freertos_port_gcc_cm7_r0p1/port.c.obj
                0x00000000080064d0                pxPortInitialiseStack
 .text.prvTaskExitError
                0x0000000008006538       0x60 CMakeFiles/balance_chassis_legacy_full.elf.dir/third_party/freertos_port_gcc_cm7_r0p1/port.c.obj
 .text.SVC_Handler
                0x0000000008006598       0x24 CMakeFiles/balance_chassis_legacy_full.elf.dir/third_party/freertos_port_gcc_cm7_r0p1/port.c.obj
                0x0000000008006598                SVC_Handler
 .text.prvPortStartFirstTask
                0x00000000080065bc       0x2c CMakeFiles/balance_chassis_legacy_full.elf.dir/third_party/freertos_port_gcc_cm7_r0p1/port.c.obj
 .text.xPortStartScheduler
                0x00000000080065e8      0x180 CMakeFiles/balance_chassis_legacy_full.elf.dir/third_party/freertos_port_gcc_cm7_r0p1/port.c.obj
                0x00000000080065e8                xPortStartScheduler
 .text.vPortEnterCritical
                0x0000000008006768       0x68 CMakeFiles/balance_chassis_legacy_full.elf.dir/third_party/freertos_port_gcc_cm7_r0p1/port.c.obj
                0x0000000008006768                vPortEnterCritical
 .text.vPortExitCritical
                0x00000000080067d0       0x58 CMakeFiles/balance_chassis_legacy_full.elf.dir/third_party/freertos_port_gcc_cm7_r0p1/port.c.obj
                0x00000000080067d0                vPortExitCritical
 .text.PendSV_Handler
                0x0000000008006828       0x68 CMakeFiles/balance_chassis_legacy_full.elf.dir/third_party/freertos_port_gcc_cm7_r0p1/port.c.obj
                0x0000000008006828                PendSV_Handler
 .text.SysTick_Handler
                0x0000000008006890       0x48 CMakeFiles/balance_chassis_legacy_full.elf.dir/third_party/freertos_port_gcc_cm7_r0p1/port.c.obj
                0x0000000008006890                SysTick_Handler
 .text.vPortSetupTimerInterrupt
                0x00000000080068d8       0x40 CMakeFiles/balance_chassis_legacy_full.elf.dir/third_party/freertos_port_gcc_cm7_r0p1/port.c.obj
                0x00000000080068d8                vPortSetupTimerInterrupt
 .text.vPortEnableVFP
                0x0000000008006918       0x18 CMakeFiles/balance_chassis_legacy_full.elf.dir/third_party/freertos_port_gcc_cm7_r0p1/port.c.obj
 .text.xTaskCreate
                0x0000000008006930       0x82 CMakeFiles/balance_chassis_legacy_full.elf.dir/home/xbd/worspcae/code/Astra_RM2025_Balance/Chassis/Middlewares/Third_Party/FreeRTOS/Source/tasks.c.obj
                0x0000000008006930                xTaskCreate
 .text.prvInitialiseNewTask
                0x00000000080069b2      0x112 CMakeFiles/balance_chassis_legacy_full.elf.dir/home/xbd/worspcae/code/Astra_RM2025_Balance/Chassis/Middlewares/Third_Party/FreeRTOS/Source/tasks.c.obj
 .text.prvAddNewTaskToReadyList
                0x0000000008006ac4       0xd4 CMakeFiles/balance_chassis_legacy_full.elf.dir/home/xbd/worspcae/code/Astra_RM2025_Balance/Chassis/Middlewares/Third_Party/FreeRTOS/Source/tasks.c.obj
 .text.vTaskDelay
                0x0000000008006b98       0x6c CMakeFiles/balance_chassis_legacy_full.elf.dir/home/xbd/worspcae/code/Astra_RM2025_Balance/Chassis/Middlewares/Third_Party/FreeRTOS/Source/tasks.c.obj
                0x0000000008006b98                vTaskDelay
 .text.vTaskStartScheduler
                0x0000000008006c04       0x98 CMakeFiles/balance_chassis_legacy_full.elf.dir/home/xbd/worspcae/code/Astra_RM2025_Balance/Chassis/Middlewares/Third_Party/FreeRTOS/Source/tasks.c.obj
                0x0000000008006c04                vTaskStartScheduler
 .text.vTaskSuspendAll
                0x0000000008006c9c       0x1c CMakeFiles/balance_chassis_legacy_full.elf.dir/home/xbd/worspcae/code/Astra_RM2025_Balance/Chassis/Middlewares/Third_Party/FreeRTOS/Source/tasks.c.obj
                0x0000000008006c9c                vTaskSuspendAll
 .text.xTaskResumeAll
                0x0000000008006cb8      0x13c CMakeFiles/balance_chassis_legacy_full.elf.dir/home/xbd/worspcae/code/Astra_RM2025_Balance/Chassis/Middlewares/Third_Party/FreeRTOS/Source/tasks.c.obj
                0x0000000008006cb8                xTaskResumeAll
 .text.xTaskGetTickCount
                0x0000000008006df4       0x20 CMakeFiles/balance_chassis_legacy_full.elf.dir/home/xbd/worspcae/code/Astra_RM2025_Balance/Chassis/Middlewares/Third_Party/FreeRTOS/Source/tasks.c.obj
                0x0000000008006df4                xTaskGetTickCount
 .text.xTaskGetTickCountFromISR
                0x0000000008006e14       0x24 CMakeFiles/balance_chassis_legacy_full.elf.dir/home/xbd/worspcae/code/Astra_RM2025_Balance/Chassis/Middlewares/Third_Party/FreeRTOS/Source/tasks.c.obj
                0x0000000008006e14                xTaskGetTickCountFromISR
 .text.xTaskIncrementTick
                0x0000000008006e38      0x174 CMakeFiles/balance_chassis_legacy_full.elf.dir/home/xbd/worspcae/code/Astra_RM2025_Balance/Chassis/Middlewares/Third_Party/FreeRTOS/Source/tasks.c.obj
                0x0000000008006e38                xTaskIncrementTick
 .text.vTaskSwitchContext
                0x0000000008006fac       0xbc CMakeFiles/balance_chassis_legacy_full.elf.dir/home/xbd/worspcae/code/Astra_RM2025_Balance/Chassis/Middlewares/Third_Party/FreeRTOS/Source/tasks.c.obj
                0x0000000008006fac                vTaskSwitchContext
 .text.prvIdleTask
                0x0000000008007068       0x30 CMakeFiles/balance_chassis_legacy_full.elf.dir/home/xbd/worspcae/code/Astra_RM2025_Balance/Chassis/Middlewares/Third_Party/FreeRTOS/Source/tasks.c.obj
 .text.prvInitialiseTaskLists
                0x0000000008007098       0x80 CMakeFiles/balance_chassis_legacy_full.elf.dir/home/xbd/worspcae/code/Astra_RM2025_Balance/Chassis/Middlewares/Third_Party/FreeRTOS/Source/tasks.c.obj
 .text.prvCheckTasksWaitingTermination
                0x0000000008007118       0x5c CMakeFiles/balance_chassis_legacy_full.elf.dir/home/xbd/worspcae/code/Astra_RM2025_Balance/Chassis/Middlewares/Third_Party/FreeRTOS/Source/tasks.c.obj
 .text.prvDeleteTCB
                0x0000000008007174       0x20 CMakeFiles/balance_chassis_legacy_full.elf.dir/home/xbd/worspcae/code/Astra_RM2025_Balance/Chassis/Middlewares/Third_Party/FreeRTOS/Source/tasks.c.obj
 .text.prvResetNextTaskUnblockTime
                0x0000000008007194       0x40 CMakeFiles/balance_chassis_legacy_full.elf.dir/home/xbd/worspcae/code/Astra_RM2025_Balance/Chassis/Middlewares/Third_Party/FreeRTOS/Source/tasks.c.obj
 .text.prvAddCurrentTaskToDelayedList
                0x00000000080071d4       0xcc CMakeFiles/balance_chassis_legacy_full.elf.dir/home/xbd/worspcae/code/Astra_RM2025_Balance/Chassis/Middlewares/Third_Party/FreeRTOS/Source/tasks.c.obj
 .text.MX_DMA_Init
                0x00000000080072a0       0x70 libbalance_chassis_generated_raw.a(dma.c.obj)
                0x00000000080072a0                MX_DMA_Init
 .text.MX_FDCAN1_Init
                0x0000000008007310       0xc8 libbalance_chassis_generated_raw.a(fdcan.c.obj)
                0x0000000008007310                MX_FDCAN1_Init
 .text.MX_FDCAN2_Init
                0x00000000080073d8       0xcc libbalance_chassis_generated_raw.a(fdcan.c.obj)
                0x00000000080073d8                MX_FDCAN2_Init
 .text.MX_FDCAN3_Init
                0x00000000080074a4       0xcc libbalance_chassis_generated_raw.a(fdcan.c.obj)
                0x00000000080074a4                MX_FDCAN3_Init
 .text.HAL_FDCAN_MspInit
                0x0000000008007570      0x1ec libbalance_chassis_generated_raw.a(fdcan.c.obj)
                0x0000000008007570                HAL_FDCAN_MspInit
 .text.MX_GPIO_Init
                0x000000000800775c      0x1b8 libbalance_chassis_generated_raw.a(gpio.c.obj)
                0x000000000800775c                MX_GPIO_Init
 .text.MX_SPI2_Init
                0x0000000008007914       0xb0 libbalance_chassis_generated_raw.a(spi.c.obj)
                0x0000000008007914                MX_SPI2_Init
 .text.HAL_SPI_MspInit
                0x00000000080079c4      0x1f8 libbalance_chassis_generated_raw.a(spi.c.obj)
                0x00000000080079c4                HAL_SPI_MspInit
 .text.MX_TIM3_Init
                0x0000000008007bbc       0xb4 libbalance_chassis_generated_raw.a(tim.c.obj)
                0x0000000008007bbc                MX_TIM3_Init
 .text.HAL_TIM_PWM_MspInit
                0x0000000008007c70       0x44 libbalance_chassis_generated_raw.a(tim.c.obj)
                0x0000000008007c70                HAL_TIM_PWM_MspInit
 .text.HAL_TIM_MspPostInit
                0x0000000008007cb4       0x74 libbalance_chassis_generated_raw.a(tim.c.obj)
                0x0000000008007cb4                HAL_TIM_MspPostInit
 .text.MX_UART5_Init
                0x0000000008007d28       0xa0 libbalance_chassis_generated_raw.a(usart.c.obj)
                0x0000000008007d28                MX_UART5_Init
 .text.MX_USART1_UART_Init
                0x0000000008007dc8       0x98 libbalance_chassis_generated_raw.a(usart.c.obj)
                0x0000000008007dc8                MX_USART1_UART_Init
 .text.HAL_UART_MspInit
                0x0000000008007e60      0x2ac libbalance_chassis_generated_raw.a(usart.c.obj)
                0x0000000008007e60                HAL_UART_MspInit
 .text.SystemInit
                0x000000000800810c       0xf0 libbalance_chassis_generated_raw.a(system_stm32h7xx.c.obj)
                0x000000000800810c                SystemInit
 .text.HAL_Init
                0x00000000080081fc       0x78 libbalance_chassis_generated_raw.a(stm32h7xx_hal.c.obj)
                0x00000000080081fc                HAL_Init
 .text.HAL_MspInit
                0x0000000008008274        0xe libbalance_chassis_generated_raw.a(stm32h7xx_hal.c.obj)
                0x0000000008008274                HAL_MspInit
 *fill*         0x0000000008008282        0x2 
 .text.HAL_InitTick
                0x0000000008008284       0x6c libbalance_chassis_generated_raw.a(stm32h7xx_hal.c.obj)
                0x0000000008008284                HAL_InitTick
 .text.HAL_GetTick
                0x00000000080082f0       0x18 libbalance_chassis_generated_raw.a(stm32h7xx_hal.c.obj)
                0x00000000080082f0                HAL_GetTick
 .text.__NVIC_SetPriorityGrouping
                0x0000000008008308       0x48 libbalance_chassis_generated_raw.a(stm32h7xx_hal_cortex.c.obj)
 .text.__NVIC_GetPriorityGrouping
                0x0000000008008350       0x1c libbalance_chassis_generated_raw.a(stm32h7xx_hal_cortex.c.obj)
 .text.__NVIC_EnableIRQ
                0x000000000800836c       0x3c libbalance_chassis_generated_raw.a(stm32h7xx_hal_cortex.c.obj)
 .text.__NVIC_SetPriority
                0x00000000080083a8       0x54 libbalance_chassis_generated_raw.a(stm32h7xx_hal_cortex.c.obj)
 .text.NVIC_EncodePriority
                0x00000000080083fc       0x66 libbalance_chassis_generated_raw.a(stm32h7xx_hal_cortex.c.obj)
 *fill*         0x0000000008008462        0x2 
 .text.SysTick_Config
                0x0000000008008464       0x44 libbalance_chassis_generated_raw.a(stm32h7xx_hal_cortex.c.obj)
 .text.HAL_NVIC_SetPriorityGrouping
                0x00000000080084a8       0x16 libbalance_chassis_generated_raw.a(stm32h7xx_hal_cortex.c.obj)
                0x00000000080084a8                HAL_NVIC_SetPriorityGrouping
 .text.HAL_NVIC_SetPriority
                0x00000000080084be       0x34 libbalance_chassis_generated_raw.a(stm32h7xx_hal_cortex.c.obj)
                0x00000000080084be                HAL_NVIC_SetPriority
 .text.HAL_NVIC_EnableIRQ
                0x00000000080084f2       0x1c libbalance_chassis_generated_raw.a(stm32h7xx_hal_cortex.c.obj)
                0x00000000080084f2                HAL_NVIC_EnableIRQ
 .text.HAL_SYSTICK_Config
                0x000000000800850e       0x18 libbalance_chassis_generated_raw.a(stm32h7xx_hal_cortex.c.obj)
                0x000000000800850e                HAL_SYSTICK_Config
 *fill*         0x0000000008008526        0x2 
 .text.HAL_DMA_Init
                0x0000000008008528      0x6b4 libbalance_chassis_generated_raw.a(stm32h7xx_hal_dma.c.obj)
                0x0000000008008528                HAL_DMA_Init
 .text.DMA_CalcBaseAndBitshift
                0x0000000008008bdc      0x164 libbalance_chassis_generated_raw.a(stm32h7xx_hal_dma.c.obj)
 .text.DMA_CheckFifoParam
                0x0000000008008d40       0xf8 libbalance_chassis_generated_raw.a(stm32h7xx_hal_dma.c.obj)
 .text.DMA_CalcDMAMUXChannelBaseAndMask
                0x0000000008008e38      0x134 libbalance_chassis_generated_raw.a(stm32h7xx_hal_dma.c.obj)
 .text.DMA_CalcDMAMUXRequestGenBaseAndMask
                0x0000000008008f6c       0xe8 libbalance_chassis_generated_raw.a(stm32h7xx_hal_dma.c.obj)
 .text.HAL_FDCAN_Init
                0x0000000008009054      0x3bc libbalance_chassis_generated_raw.a(stm32h7xx_hal_fdcan.c.obj)
                0x0000000008009054                HAL_FDCAN_Init
 .text.HAL_FDCAN_AddMessageToTxFifoQ
                0x0000000008009410       0xb6 libbalance_chassis_generated_raw.a(stm32h7xx_hal_fdcan.c.obj)
                0x0000000008009410                HAL_FDCAN_AddMessageToTxFifoQ
 *fill*         0x00000000080094c6        0x2 
 .text.FDCAN_CalcultateRamBlockAddresses
                0x00000000080094c8      0x30c libbalance_chassis_generated_raw.a(stm32h7xx_hal_fdcan.c.obj)
 .text.FDCAN_CopyMessageToRAM
                0x00000000080097d4       0xfc libbalance_chassis_generated_raw.a(stm32h7xx_hal_fdcan.c.obj)
 .text.HAL_GPIO_Init
                0x00000000080098d0      0x350 libbalance_chassis_generated_raw.a(stm32h7xx_hal_gpio.c.obj)
                0x00000000080098d0                HAL_GPIO_Init
 .text.HAL_GPIO_WritePin
                0x0000000008009c20       0x32 libbalance_chassis_generated_raw.a(stm32h7xx_hal_gpio.c.obj)
                0x0000000008009c20                HAL_GPIO_WritePin
 *fill*         0x0000000008009c52        0x2 
 .text.HAL_PWREx_ConfigSupply
                0x0000000008009c54       0x74 libbalance_chassis_generated_raw.a(stm32h7xx_hal_pwr_ex.c.obj)
                0x0000000008009c54                HAL_PWREx_ConfigSupply
 .text.HAL_RCC_OscConfig
                0x0000000008009cc8      0x7b4 libbalance_chassis_generated_raw.a(stm32h7xx_hal_rcc.c.obj)
                0x0000000008009cc8                HAL_RCC_OscConfig
 .text.HAL_RCC_ClockConfig
                0x000000000800a47c      0x36c libbalance_chassis_generated_raw.a(stm32h7xx_hal_rcc.c.obj)
                0x000000000800a47c                HAL_RCC_ClockConfig
 .text.HAL_RCC_GetSysClockFreq
                0x000000000800a7e8      0x2f4 libbalance_chassis_generated_raw.a(stm32h7xx_hal_rcc.c.obj)
                0x000000000800a7e8                HAL_RCC_GetSysClockFreq
 .text.HAL_RCC_GetHCLKFreq
                0x000000000800aadc       0x60 libbalance_chassis_generated_raw.a(stm32h7xx_hal_rcc.c.obj)
                0x000000000800aadc                HAL_RCC_GetHCLKFreq
 .text.HAL_RCC_GetPCLK1Freq
                0x000000000800ab3c       0x2c libbalance_chassis_generated_raw.a(stm32h7xx_hal_rcc.c.obj)
                0x000000000800ab3c                HAL_RCC_GetPCLK1Freq
 .text.HAL_RCC_GetPCLK2Freq
                0x000000000800ab68       0x2c libbalance_chassis_generated_raw.a(stm32h7xx_hal_rcc.c.obj)
                0x000000000800ab68                HAL_RCC_GetPCLK2Freq
 .text.HAL_RCCEx_PeriphCLKConfig
                0x000000000800ab94     0x1340 libbalance_chassis_generated_raw.a(stm32h7xx_hal_rcc_ex.c.obj)
                0x000000000800ab94                HAL_RCCEx_PeriphCLKConfig
 .text.HAL_RCCEx_GetD3PCLK1Freq
                0x000000000800bed4       0x2c libbalance_chassis_generated_raw.a(stm32h7xx_hal_rcc_ex.c.obj)
                0x000000000800bed4                HAL_RCCEx_GetD3PCLK1Freq
 .text.HAL_RCCEx_GetPLL2ClockFreq
                0x000000000800bf00      0x2a8 libbalance_chassis_generated_raw.a(stm32h7xx_hal_rcc_ex.c.obj)
                0x000000000800bf00                HAL_RCCEx_GetPLL2ClockFreq
 .text.HAL_RCCEx_GetPLL3ClockFreq
                0x000000000800c1a8      0x2a8 libbalance_chassis_generated_raw.a(stm32h7xx_hal_rcc_ex.c.obj)
                0x000000000800c1a8                HAL_RCCEx_GetPLL3ClockFreq
 .text.RCCEx_PLL2_Config
                0x000000000800c450      0x164 libbalance_chassis_generated_raw.a(stm32h7xx_hal_rcc_ex.c.obj)
 .text.RCCEx_PLL3_Config
                0x000000000800c5b4      0x164 libbalance_chassis_generated_raw.a(stm32h7xx_hal_rcc_ex.c.obj)
 .text.HAL_SPI_Init
                0x000000000800c718      0x248 libbalance_chassis_generated_raw.a(stm32h7xx_hal_spi.c.obj)
                0x000000000800c718                HAL_SPI_Init
 .text.HAL_SPI_TransmitReceive
                0x000000000800c960      0x674 libbalance_chassis_generated_raw.a(stm32h7xx_hal_spi.c.obj)
                0x000000000800c960                HAL_SPI_TransmitReceive
 .text.SPI_CloseTransfer
                0x000000000800cfd4      0x140 libbalance_chassis_generated_raw.a(stm32h7xx_hal_spi.c.obj)
 .text.SPI_WaitOnFlagUntilTimeout
                0x000000000800d114       0x5c libbalance_chassis_generated_raw.a(stm32h7xx_hal_spi.c.obj)
 .text.SPI_GetPacketSize
                0x000000000800d170       0x36 libbalance_chassis_generated_raw.a(stm32h7xx_hal_spi.c.obj)
 .text.HAL_TIM_PWM_Init
                0x000000000800d1a6       0xae libbalance_chassis_generated_raw.a(stm32h7xx_hal_tim.c.obj)
                0x000000000800d1a6                HAL_TIM_PWM_Init
 .text.HAL_TIM_PWM_ConfigChannel
                0x000000000800d254      0x228 libbalance_chassis_generated_raw.a(stm32h7xx_hal_tim.c.obj)
                0x000000000800d254                HAL_TIM_PWM_ConfigChannel
 .text.TIM_Base_SetConfig
                0x000000000800d47c      0x164 libbalance_chassis_generated_raw.a(stm32h7xx_hal_tim.c.obj)
                0x000000000800d47c                TIM_Base_SetConfig
 .text.TIM_OC1_SetConfig
                0x000000000800d5e0      0x120 libbalance_chassis_generated_raw.a(stm32h7xx_hal_tim.c.obj)
 .text.TIM_OC2_SetConfig
                0x000000000800d700      0x114 libbalance_chassis_generated_raw.a(stm32h7xx_hal_tim.c.obj)
                0x000000000800d700                TIM_OC2_SetConfig
 .text.TIM_OC3_SetConfig
                0x000000000800d814      0x110 libbalance_chassis_generated_raw.a(stm32h7xx_hal_tim.c.obj)
 .text.TIM_OC4_SetConfig
                0x000000000800d924       0xd4 libbalance_chassis_generated_raw.a(stm32h7xx_hal_tim.c.obj)
 .text.TIM_OC5_SetConfig
                0x000000000800d9f8       0xc8 libbalance_chassis_generated_raw.a(stm32h7xx_hal_tim.c.obj)
 .text.TIM_OC6_SetConfig
                0x000000000800dac0       0xcc libbalance_chassis_generated_raw.a(stm32h7xx_hal_tim.c.obj)
 .text.HAL_TIMEx_MasterConfigSynchronization
                0x000000000800db8c      0x138 libbalance_chassis_generated_raw.a(stm32h7xx_hal_tim_ex.c.obj)
                0x000000000800db8c                HAL_TIMEx_MasterConfigSynchronization
 .text.HAL_UART_Init
                0x000000000800dcc4       0xa0 libbalance_chassis_generated_raw.a(stm32h7xx_hal_uart.c.obj)
                0x000000000800dcc4                HAL_UART_Init
 .text.UART_SetConfig
                0x000000000800dd64      0xcd8 libbalance_chassis_generated_raw.a(stm32h7xx_hal_uart.c.obj)
                0x000000000800dd64                UART_SetConfig
 .text.UART_AdvFeatureConfig
                0x000000000800ea3c      0x144 libbalance_chassis_generated_raw.a(stm32h7xx_hal_uart.c.obj)
                0x000000000800ea3c                UART_AdvFeatureConfig
 .text.UART_CheckIdleState
                0x000000000800eb80      0x154 libbalance_chassis_generated_raw.a(stm32h7xx_hal_uart.c.obj)
                0x000000000800eb80                UART_CheckIdleState
 .text.UART_WaitOnFlagUntilTimeout
                0x000000000800ecd4       0xda libbalance_chassis_generated_raw.a(stm32h7xx_hal_uart.c.obj)
                0x000000000800ecd4                UART_WaitOnFlagUntilTimeout
 *fill*         0x000000000800edae        0x2 
 .text.UART_EndRxTransfer
                0x000000000800edb0       0xcc libbalance_chassis_generated_raw.a(stm32h7xx_hal_uart.c.obj)
 .text.HAL_UARTEx_DisableFifoMode
                0x000000000800ee7c       0x72 libbalance_chassis_generated_raw.a(stm32h7xx_hal_uart_ex.c.obj)
                0x000000000800ee7c                HAL_UARTEx_DisableFifoMode
 .text.HAL_UARTEx_SetTxFifoThreshold
                0x000000000800eeee       0x7c libbalance_chassis_generated_raw.a(stm32h7xx_hal_uart_ex.c.obj)
                0x000000000800eeee                HAL_UARTEx_SetTxFifoThreshold
 .text.HAL_UARTEx_SetRxFifoThreshold
                0x000000000800ef6a       0x7c libbalance_chassis_generated_raw.a(stm32h7xx_hal_uart_ex.c.obj)
                0x000000000800ef6a                HAL_UARTEx_SetRxFifoThreshold
 *fill*         0x000000000800efe6        0x2 
 .text.UARTEx_SetNbDataToProcess
                0x000000000800efe8       0x9c libbalance_chassis_generated_raw.a(stm32h7xx_hal_uart_ex.c.obj)
 .text.DWT_GetDeltaT
                0x000000000800f084       0x54 libbalance_chassis_bsp_full.a(bsp_dwt.c.obj)
                0x000000000800f084                DWT_GetDeltaT
 .text.DWT_CNT_Update
                0x000000000800f0d8       0x40 libbalance_chassis_bsp_full.a(bsp_dwt.c.obj)
 .text.float_to_uint
                0x000000000800f118       0x66 libbalance_chassis_bsp_full.a(dm4310_drv.c.obj)
                0x000000000800f118                float_to_uint
 .text.joint_motor_init
                0x000000000800f17e       0x28 libbalance_chassis_bsp_full.a(dm4310_drv.c.obj)
                0x000000000800f17e                joint_motor_init
 *fill*         0x000000000800f1a6        0x2 
 .text.enable_motor_mode
                0x000000000800f1a8       0x44 libbalance_chassis_bsp_full.a(dm4310_drv.c.obj)
                0x000000000800f1a8                enable_motor_mode
 .text.mit_ctrl
                0x000000000800f1ec      0x11c libbalance_chassis_bsp_full.a(dm4310_drv.c.obj)
                0x000000000800f1ec                mit_ctrl
 .text.CAN_cmd_chassis
                0x000000000800f308       0x62 libbalance_chassis_bsp_full.a(dm4310_drv.c.obj)
                0x000000000800f308                CAN_cmd_chassis
 *fill*         0x000000000800f36a        0x2 
 .text.get_chassis_motor_measure_point
                0x000000000800f36c       0x28 libbalance_chassis_bsp_full.a(dm4310_drv.c.obj)
                0x000000000800f36c                get_chassis_motor_measure_point
 .text.canx_send_data
                0x000000000800f394       0xa4 libbalance_chassis_bsp_full.a(can_bsp.c.obj)
                0x000000000800f394                canx_send_data
 .text.arm_mat_init_f32
                0x000000000800f438        0x8 /home/xbd/worspcae/code/Astra_RM2025_Balance/robot_platform/../Chassis/Drivers/CMSIS/DSP/Lib/GCC/libarm_cortexM7lfdp_math.a(arm_mat_init_f32.o)
                0x000000000800f438                arm_mat_init_f32
 .text.arm_sin_f32
                0x000000000800f440       0x8c /home/xbd/worspcae/code/Astra_RM2025_Balance/robot_platform/../Chassis/Drivers/CMSIS/DSP/Lib/GCC/libarm_cortexM7lfdp_math.a(arm_sin_f32.o)
                0x000000000800f440                arm_sin_f32
 .text.arm_cos_f32
                0x000000000800f4cc       0x94 /home/xbd/worspcae/code/Astra_RM2025_Balance/robot_platform/../Chassis/Drivers/CMSIS/DSP/Lib/GCC/libarm_cortexM7lfdp_math.a(arm_cos_f32.o)
                0x000000000800f4cc                arm_cos_f32
 *(.glue_7)
 .glue_7        0x000000000800f560        0x0 linker stubs
 *(.glue_7t)
 .glue_7t       0x000000000800f560        0x0 linker stubs
 *(.eh_frame)
 .eh_frame      0x000000000800f560        0x0 /usr/lib/gcc/arm-none-eabi/10.3.1/thumb/v7e-m+dp/hard/crtbegin.o
 *(.init)
 .init          0x000000000800f560        0x4 /usr/lib/gcc/arm-none-eabi/10.3.1/thumb/v7e-m+dp/hard/crti.o
                0x000000000800f560                _init
 .init          0x000000000800f564        0x8 /usr/lib/gcc/arm-none-eabi/10.3.1/thumb/v7e-m+dp/hard/crtn.o
 *(.fini)
 .fini          0x000000000800f56c        0x4 /usr/lib/gcc/arm-none-eabi/10.3.1/thumb/v7e-m+dp/hard/crti.o
                0x000000000800f56c                _fini
 .fini          0x000000000800f570        0x8 /usr/lib/gcc/arm-none-eabi/10.3.1/thumb/v7e-m+dp/hard/crtn.o
                0x000000000800f578                . = ALIGN (0x4)
                0x000000000800f578                _etext = .

.vfp11_veneer   0x000000000800f578        0x0
 .vfp11_veneer  0x000000000800f578        0x0 linker stubs

.v4_bx          0x000000000800f578        0x0
 .v4_bx         0x000000000800f578        0x0 linker stubs

.iplt           0x000000000800f578        0x0
 .iplt          0x000000000800f578        0x0 /usr/lib/gcc/arm-none-eabi/10.3.1/thumb/v7e-m+dp/hard/crtbegin.o

.rodata         0x000000000800f578      0xa6c
                0x000000000800f578                . = ALIGN (0x4)
 *(.rodata)
 .rodata        0x000000000800f578        0x9 CMakeFiles/balance_chassis_legacy_full_obj.dir/runtime/app/balance_chassis/INS_task.c.obj
 *fill*         0x000000000800f581        0x3 
 .rodata        0x000000000800f584       0x40 CMakeFiles/balance_chassis_legacy_full_obj.dir/runtime/app/balance_chassis/chassis_task.c.obj
 .rodata        0x000000000800f5c4        0xc CMakeFiles/balance_chassis_legacy_full_obj.dir/runtime/app/balance_chassis/remote_task.c.obj
 .rodata        0x000000000800f5d0       0xcc CMakeFiles/balance_chassis_legacy_full.elf.dir/runtime/app/balance_chassis/freertos_legacy.c.obj
 .rodata        0x000000000800f69c        0x5 CMakeFiles/balance_chassis_legacy_full.elf.dir/home/xbd/worspcae/code/Astra_RM2025_Balance/Chassis/Middlewares/Third_Party/FreeRTOS/Source/tasks.c.obj
 *fill*         0x000000000800f6a1        0x3 
 .rodata        0x000000000800f6a4       0x4c libbalance_chassis_generated_raw.a(stm32h7xx_hal_fdcan.c.obj)
 .rodata        0x000000000800f6f0       0x18 libbalance_chassis_bsp_full.a(dm4310_drv.c.obj)
 .rodata        0x000000000800f708       0x18 /usr/lib/gcc/arm-none-eabi/10.3.1/../../../arm-none-eabi/lib/thumb/v7e-m+dp/hard/libm.a(lib_a-ef_atan2.o)
 .rodata        0x000000000800f720       0x20 /usr/lib/gcc/arm-none-eabi/10.3.1/../../../arm-none-eabi/lib/thumb/v7e-m+dp/hard/libm.a(lib_a-sf_atan.o)
 *(.rodata*)
 .rodata.roll_pid.6
                0x000000000800f740        0xc CMakeFiles/balance_chassis_legacy_full_obj.dir/runtime/app/balance_chassis/chassis_task.c.obj
 .rodata.tp_pid.5
                0x000000000800f74c        0xc CMakeFiles/balance_chassis_legacy_full_obj.dir/runtime/app/balance_chassis/chassis_task.c.obj
 .rodata.turn_pid.4
                0x000000000800f758        0xc CMakeFiles/balance_chassis_legacy_full_obj.dir/runtime/app/balance_chassis/chassis_task.c.obj
 .rodata.legr_pid.3
                0x000000000800f764        0xc CMakeFiles/balance_chassis_legacy_full_obj.dir/runtime/app/balance_chassis/chassis_task.c.obj
 .rodata.legl_pid.2
                0x000000000800f770        0xc CMakeFiles/balance_chassis_legacy_full_obj.dir/runtime/app/balance_chassis/chassis_task.c.obj
 .rodata.vaEstimateKF_H
                0x000000000800f77c       0x10 CMakeFiles/balance_chassis_legacy_full_obj.dir/runtime/app/balance_chassis/observe_task.c.obj
                0x000000000800f77c                vaEstimateKF_H
 .rodata.D1CorePrescTable
                0x000000000800f78c       0x10 libbalance_chassis_generated_raw.a(system_stm32h7xx.c.obj)
                0x000000000800f78c                D1CorePrescTable
 .rodata.flagBitshiftOffset.0
                0x000000000800f79c        0x8 libbalance_chassis_generated_raw.a(stm32h7xx_hal_dma.c.obj)
 .rodata.DLCtoBytes
                0x000000000800f7a4       0x10 libbalance_chassis_generated_raw.a(stm32h7xx_hal_fdcan.c.obj)
 .rodata.UARTPrescTable
                0x000000000800f7b4       0x18 libbalance_chassis_generated_raw.a(stm32h7xx_hal_uart.c.obj)
                0x000000000800f7b4                UARTPrescTable
 .rodata.numerator.1
                0x000000000800f7cc        0x8 libbalance_chassis_generated_raw.a(stm32h7xx_hal_uart_ex.c.obj)
 .rodata.denominator.0
                0x000000000800f7d4        0x8 libbalance_chassis_generated_raw.a(stm32h7xx_hal_uart_ex.c.obj)
 .rodata.sinTable_f32
                0x000000000800f7dc      0x804 /home/xbd/worspcae/code/Astra_RM2025_Balance/robot_platform/../Chassis/Drivers/CMSIS/DSP/Lib/GCC/libarm_cortexM7lfdp_math.a(arm_common_tables.o)
                0x000000000800f7dc                sinTable_f32
 .rodata.str1.4
                0x000000000800ffe0        0x1 /usr/lib/gcc/arm-none-eabi/10.3.1/../../../arm-none-eabi/lib/thumb/v7e-m+dp/hard/libm.a(lib_a-wf_asin.o)
                0x000000000800ffe4                . = ALIGN (0x4)
 *fill*         0x000000000800ffe1        0x3 

.ARM.extab
 *(.ARM.extab* .gnu.linkonce.armextab.*)

.ARM            0x000000000800ffe4        0x8
                0x000000000800ffe4                __exidx_start = .
 *(.ARM.exidx*)
 .ARM.exidx     0x000000000800ffe4        0x8 /usr/lib/gcc/arm-none-eabi/10.3.1/thumb/v7e-m+dp/hard/libgcc.a(_udivmoddi4.o)
                0x000000000800ffec                __exidx_end = .

.rel.dyn        0x000000000800ffec        0x0
 .rel.iplt      0x000000000800ffec        0x0 /usr/lib/gcc/arm-none-eabi/10.3.1/thumb/v7e-m+dp/hard/crtbegin.o

.preinit_array  0x000000000800ffec        0x0
                0x000000000800ffec                PROVIDE (__preinit_array_start = .)
 *(.preinit_array*)
                0x000000000800ffec                PROVIDE (__preinit_array_end = .)

.init_array     0x000000000800ffec        0x4
                0x000000000800ffec                PROVIDE (__init_array_start = .)
 *(SORT_BY_NAME(.init_array.*))
 *(.init_array*)
 .init_array    0x000000000800ffec        0x4 /usr/lib/gcc/arm-none-eabi/10.3.1/thumb/v7e-m+dp/hard/crtbegin.o
                0x000000000800fff0                PROVIDE (__init_array_end = .)

.fini_array     0x000000000800fff0        0x4
                0x000000000800fff0                PROVIDE (__fini_array_start = .)
 *(SORT_BY_NAME(.fini_array.*))
 *(.fini_array*)
 .fini_array    0x000000000800fff0        0x4 /usr/lib/gcc/arm-none-eabi/10.3.1/thumb/v7e-m+dp/hard/crtbegin.o
                0x000000000800fff4                PROVIDE (__fini_array_end = .)
                0x000000000800fff4                _sidata = LOADADDR (.data)

.data           0x0000000024000000      0x124 load address 0x000000000800fff4
                0x0000000024000000                . = ALIGN (0x4)
                0x0000000024000000                _sdata = .
 *(.data)
 .data          0x0000000024000000        0x1 /usr/lib/gcc/arm-none-eabi/10.3.1/../../../arm-none-eabi/lib/thumb/v7e-m+dp/hard/libm.a(lib_a-s_lib_ver.o)
                0x0000000024000000                __fdlib_version
 *fill*         0x0000000024000001        0x3 
 .data          0x0000000024000004       0x64 /usr/lib/gcc/arm-none-eabi/10.3.1/../../../arm-none-eabi/lib/thumb/v7e-m+dp/hard/libc_nano.a(lib_a-impure.o)
                0x0000000024000004                _impure_ptr
 *(.data*)
 .data.gravity  0x0000000024000068        0xc CMakeFiles/balance_chassis_legacy_full_obj.dir/runtime/app/balance_chassis/INS_task.c.obj
                0x0000000024000068                gravity
 .data.LQR_K_R  0x0000000024000074       0x30 CMakeFiles/balance_chassis_legacy_full_obj.dir/runtime/app/balance_chassis/chassis_task.c.obj
 .data.enable_flag
                0x00000000240000a4       0x10 CMakeFiles/balance_chassis_legacy_full_obj.dir/runtime/app/balance_chassis/chassis_task.c.obj
                0x00000000240000a4                enable_flag
 .data.leg_G    0x00000000240000b4        0x4 CMakeFiles/balance_chassis_legacy_full_obj.dir/runtime/app/balance_chassis/chassis_task.c.obj
                0x00000000240000b4                leg_G
 .data.Joint_T_Max
                0x00000000240000b8        0x4 CMakeFiles/balance_chassis_legacy_full_obj.dir/runtime/app/balance_chassis/chassis_task.c.obj
                0x00000000240000b8                Joint_T_Max
 .data.CHASSIS_TIME
                0x00000000240000bc        0x4 CMakeFiles/balance_chassis_legacy_full_obj.dir/runtime/app/balance_chassis/chassis_task.c.obj
                0x00000000240000bc                CHASSIS_TIME
 .data.vaEstimateKF_F
                0x00000000240000c0       0x10 CMakeFiles/balance_chassis_legacy_full_obj.dir/runtime/app/balance_chassis/observe_task.c.obj
                0x00000000240000c0                vaEstimateKF_F
 .data.vaEstimateKF_P
                0x00000000240000d0       0x10 CMakeFiles/balance_chassis_legacy_full_obj.dir/runtime/app/balance_chassis/observe_task.c.obj
                0x00000000240000d0                vaEstimateKF_P
 .data.vaEstimateKF_Q
                0x00000000240000e0       0x10 CMakeFiles/balance_chassis_legacy_full_obj.dir/runtime/app/balance_chassis/observe_task.c.obj
                0x00000000240000e0                vaEstimateKF_Q
 .data.vaEstimateKF_R
                0x00000000240000f0       0x10 CMakeFiles/balance_chassis_legacy_full_obj.dir/runtime/app/balance_chassis/observe_task.c.obj
                0x00000000240000f0                vaEstimateKF_R
 .data.OBSERVE_TIME
                0x0000000024000100        0x4 CMakeFiles/balance_chassis_legacy_full_obj.dir/runtime/app/balance_chassis/observe_task.c.obj
                0x0000000024000100                OBSERVE_TIME
 .data.BMI088_ACCEL_SEN
                0x0000000024000104        0x4 CMakeFiles/balance_chassis_legacy_full_obj.dir/runtime/bsp/devices/bmi088/BMI088driver.c.obj
                0x0000000024000104                BMI088_ACCEL_SEN
 .data.BMI088_GYRO_SEN
                0x0000000024000108        0x4 CMakeFiles/balance_chassis_legacy_full_obj.dir/runtime/bsp/devices/bmi088/BMI088driver.c.obj
                0x0000000024000108                BMI088_GYRO_SEN
 .data.caliOffset
                0x000000002400010c        0x1 CMakeFiles/balance_chassis_legacy_full_obj.dir/runtime/bsp/devices/bmi088/BMI088driver.c.obj
                0x000000002400010c                caliOffset
 *fill*         0x000000002400010d        0x3 
 .data.uxCriticalNesting
                0x0000000024000110        0x4 CMakeFiles/balance_chassis_legacy_full.elf.dir/third_party/freertos_port_gcc_cm7_r0p1/port.c.obj
 .data.SystemCoreClock
                0x0000000024000114        0x4 libbalance_chassis_generated_raw.a(system_stm32h7xx.c.obj)
                0x0000000024000114                SystemCoreClock
 .data.SystemD2Clock
                0x0000000024000118        0x4 libbalance_chassis_generated_raw.a(system_stm32h7xx.c.obj)
                0x0000000024000118                SystemD2Clock
 .data.uwTickPrio
                0x000000002400011c        0x4 libbalance_chassis_generated_raw.a(stm32h7xx_hal.c.obj)
                0x000000002400011c                uwTickPrio
 .data.uwTickFreq
                0x0000000024000120        0x1 libbalance_chassis_generated_raw.a(stm32h7xx_hal.c.obj)
                0x0000000024000120                uwTickFreq
                0x0000000024000124                . = ALIGN (0x4)
 *fill*         0x0000000024000121        0x3 
                0x0000000024000124                _edata = .

.tm_clone_table
                0x0000000024000124        0x0 load address 0x0000000008010118
 .tm_clone_table
                0x0000000024000124        0x0 /usr/lib/gcc/arm-none-eabi/10.3.1/thumb/v7e-m+dp/hard/crtbegin.o
 .tm_clone_table
                0x0000000024000124        0x0 /usr/lib/gcc/arm-none-eabi/10.3.1/thumb/v7e-m+dp/hard/crtend.o

.igot.plt       0x0000000024000124        0x0 load address 0x0000000008010118
 .igot.plt      0x0000000024000124        0x0 /usr/lib/gcc/arm-none-eabi/10.3.1/thumb/v7e-m+dp/hard/crtbegin.o

.bss            0x0000000024000124     0x8c8c load address 0x0000000008010118
                0x0000000024000124                . = ALIGN (0x4)
                0x0000000024000124                _sbss = .
                0x0000000024000124                __bss_start__ = _sbss
 *(.bss)
 .bss           0x0000000024000124       0x1c /usr/lib/gcc/arm-none-eabi/10.3.1/thumb/v7e-m+dp/hard/crtbegin.o
 .bss           0x0000000024000140        0x8 /usr/lib/gcc/arm-none-eabi/10.3.1/../../../arm-none-eabi/lib/thumb/v7e-m+dp/hard/libc_nano.a(lib_a-nano-mallocr.o)
                0x0000000024000140                __malloc_free_list
                0x0000000024000144                __malloc_sbrk_start
 .bss           0x0000000024000148        0x4 /usr/lib/gcc/arm-none-eabi/10.3.1/../../../arm-none-eabi/lib/thumb/v7e-m+dp/hard/libc_nano.a(lib_a-reent.o)
                0x0000000024000148                errno
 .bss           0x000000002400014c        0x4 /usr/lib/gcc/arm-none-eabi/10.3.1/../../../arm-none-eabi/lib/thumb/v7e-m+dp/hard/libnosys.a(sbrk.o)
 *(.bss*)
 .bss.INS       0x0000000024000150       0x94 CMakeFiles/balance_chassis_legacy_full_obj.dir/runtime/app/balance_chassis/INS_task.c.obj
                0x0000000024000150                INS
 .bss.ins_pub   0x00000000240001e4        0x4 CMakeFiles/balance_chassis_legacy_full_obj.dir/runtime/app/balance_chassis/INS_task.c.obj
 .bss.mahony    0x00000000240001e8       0x84 CMakeFiles/balance_chassis_legacy_full_obj.dir/runtime/app/balance_chassis/INS_task.c.obj
                0x00000000240001e8                mahony
 .bss.Gyro      0x000000002400026c        0xc CMakeFiles/balance_chassis_legacy_full_obj.dir/runtime/app/balance_chassis/INS_task.c.obj
                0x000000002400026c                Gyro
 .bss.Accel     0x0000000024000278        0xc CMakeFiles/balance_chassis_legacy_full_obj.dir/runtime/app/balance_chassis/INS_task.c.obj
                0x0000000024000278                Accel
 .bss.INS_DWT_Count
                0x0000000024000284        0x4 CMakeFiles/balance_chassis_legacy_full_obj.dir/runtime/app/balance_chassis/INS_task.c.obj
                0x0000000024000284                INS_DWT_Count
 .bss.ins_dt    0x0000000024000288        0x4 CMakeFiles/balance_chassis_legacy_full_obj.dir/runtime/app/balance_chassis/INS_task.c.obj
                0x0000000024000288                ins_dt
 .bss.ins_time  0x000000002400028c        0x4 CMakeFiles/balance_chassis_legacy_full_obj.dir/runtime/app/balance_chassis/INS_task.c.obj
                0x000000002400028c                ins_time
 .bss.right     0x0000000024000290       0xb8 CMakeFiles/balance_chassis_legacy_full_obj.dir/runtime/app/balance_chassis/chassis_task.c.obj
                0x0000000024000290                right
 .bss.left      0x0000000024000348       0xb8 CMakeFiles/balance_chassis_legacy_full_obj.dir/runtime/app/balance_chassis/chassis_task.c.obj
                0x0000000024000348                left
 .bss.Begin_flag
                0x0000000024000400        0x4 CMakeFiles/balance_chassis_legacy_full_obj.dir/runtime/app/balance_chassis/chassis_task.c.obj
                0x0000000024000400                Begin_flag
 .bss.chassis_move
                0x0000000024000404      0x170 CMakeFiles/balance_chassis_legacy_full_obj.dir/runtime/app/balance_chassis/chassis_task.c.obj
                0x0000000024000404                chassis_move
 .bss.LegR_Pid  0x0000000024000574       0x48 CMakeFiles/balance_chassis_legacy_full_obj.dir/runtime/app/balance_chassis/chassis_task.c.obj
                0x0000000024000574                LegR_Pid
 .bss.LegL_Pid  0x00000000240005bc       0x48 CMakeFiles/balance_chassis_legacy_full_obj.dir/runtime/app/balance_chassis/chassis_task.c.obj
                0x00000000240005bc                LegL_Pid
 .bss.Tp_Pid    0x0000000024000604       0x48 CMakeFiles/balance_chassis_legacy_full_obj.dir/runtime/app/balance_chassis/chassis_task.c.obj
                0x0000000024000604                Tp_Pid
 .bss.Turn_Pid  0x000000002400064c       0x48 CMakeFiles/balance_chassis_legacy_full_obj.dir/runtime/app/balance_chassis/chassis_task.c.obj
                0x000000002400064c                Turn_Pid
 .bss.Roll_Pid  0x0000000024000694       0x48 CMakeFiles/balance_chassis_legacy_full_obj.dir/runtime/app/balance_chassis/chassis_task.c.obj
                0x0000000024000694                Roll_Pid
 .bss.chassis_state_pub
                0x00000000240006dc        0x4 CMakeFiles/balance_chassis_legacy_full_obj.dir/runtime/app/balance_chassis/chassis_task.c.obj
 .bss.leg_right_pub
                0x00000000240006e0        0x4 CMakeFiles/balance_chassis_legacy_full_obj.dir/runtime/app/balance_chassis/chassis_task.c.obj
 .bss.leg_left_pub
                0x00000000240006e4        0x4 CMakeFiles/balance_chassis_legacy_full_obj.dir/runtime/app/balance_chassis/chassis_task.c.obj
 .bss.ins_sub   0x00000000240006e8        0x4 CMakeFiles/balance_chassis_legacy_full_obj.dir/runtime/app/balance_chassis/chassis_task.c.obj
 .bss.cmd_sub   0x00000000240006ec        0x4 CMakeFiles/balance_chassis_legacy_full_obj.dir/runtime/app/balance_chassis/chassis_task.c.obj
 .bss.right_flag.1
                0x00000000240006f0        0x1 CMakeFiles/balance_chassis_legacy_full_obj.dir/runtime/app/balance_chassis/chassis_task.c.obj
 .bss.left_flag.0
                0x00000000240006f1        0x1 CMakeFiles/balance_chassis_legacy_full_obj.dir/runtime/app/balance_chassis/chassis_task.c.obj
 *fill*         0x00000000240006f2        0x2 
 .bss.systick   0x00000000240006f4        0x4 CMakeFiles/balance_chassis_legacy_full_obj.dir/runtime/app/balance_chassis/motor_control_task.c.obj
                0x00000000240006f4                systick
 .bss.vaEstimateKF
                0x00000000240006f8      0x140 CMakeFiles/balance_chassis_legacy_full_obj.dir/runtime/app/balance_chassis/observe_task.c.obj
                0x00000000240006f8                vaEstimateKF
 .bss.rc_ctrl   0x0000000024000838       0x16 CMakeFiles/balance_chassis_legacy_full_obj.dir/runtime/app/balance_chassis/remote_control.c.obj
                0x0000000024000838                rc_ctrl
 *fill*         0x000000002400084e        0x2 
 .bss.buffer    0x0000000024000850       0x12 CMakeFiles/balance_chassis_legacy_full_obj.dir/runtime/app/balance_chassis/remote_task.c.obj
                0x0000000024000850                buffer
 *fill*         0x0000000024000862        0x2 
 .bss.cmd_pub   0x0000000024000864        0x4 CMakeFiles/balance_chassis_legacy_full_obj.dir/runtime/app/balance_chassis/remote_task.c.obj
 .bss.PitchR.3  0x0000000024000868        0x4 CMakeFiles/balance_chassis_legacy_full_obj.dir/runtime/module/algorithm/VMC/VMC_calc.c.obj
 .bss.PithGyroR.2
                0x000000002400086c        0x4 CMakeFiles/balance_chassis_legacy_full_obj.dir/runtime/module/algorithm/VMC/VMC_calc.c.obj
 .bss.PitchL.1  0x0000000024000870        0x4 CMakeFiles/balance_chassis_legacy_full_obj.dir/runtime/module/algorithm/VMC/VMC_calc.c.obj
 .bss.PithGyroL.0
                0x0000000024000874        0x4 CMakeFiles/balance_chassis_legacy_full_obj.dir/runtime/module/algorithm/VMC/VMC_calc.c.obj
 .bss.sizeof_float
                0x0000000024000878        0x2 CMakeFiles/balance_chassis_legacy_full_obj.dir/runtime/module/algorithm/kalman/kalman_filter.c.obj
                0x0000000024000878                sizeof_float
 .bss.sizeof_double
                0x000000002400087a        0x2 CMakeFiles/balance_chassis_legacy_full_obj.dir/runtime/module/algorithm/kalman/kalman_filter.c.obj
                0x000000002400087a                sizeof_double
 .bss.topic_pool
                0x000000002400087c      0x100 CMakeFiles/balance_chassis_legacy_full_obj.dir/runtime/module/message_center/message_center.c.obj
 .bss.sub_pool  0x000000002400097c      0x480 CMakeFiles/balance_chassis_legacy_full_obj.dir/runtime/module/message_center/message_center.c.obj
 .bss.BMI088_SPI
                0x0000000024000dfc        0x4 CMakeFiles/balance_chassis_legacy_full_obj.dir/runtime/bsp/devices/bmi088/BMI088Middleware.c.obj
                0x0000000024000dfc                BMI088_SPI
 .bss.BMI088    0x0000000024000e00       0x40 CMakeFiles/balance_chassis_legacy_full_obj.dir/runtime/bsp/devices/bmi088/BMI088driver.c.obj
                0x0000000024000e00                BMI088
 .bss.buf.1     0x0000000024000e40        0x8 CMakeFiles/balance_chassis_legacy_full_obj.dir/runtime/bsp/devices/bmi088/BMI088driver.c.obj
 .bss.bmi088_raw_temp.0
                0x0000000024000e48        0x2 CMakeFiles/balance_chassis_legacy_full_obj.dir/runtime/bsp/devices/bmi088/BMI088driver.c.obj
 *fill*         0x0000000024000e4a        0x2 
 .bss.defaultTaskHandle
                0x0000000024000e4c        0x4 CMakeFiles/balance_chassis_legacy_full.elf.dir/runtime/app/balance_chassis/freertos_legacy.c.obj
                0x0000000024000e4c                defaultTaskHandle
 .bss.INS_TASKHandle
                0x0000000024000e50        0x4 CMakeFiles/balance_chassis_legacy_full.elf.dir/runtime/app/balance_chassis/freertos_legacy.c.obj
                0x0000000024000e50                INS_TASKHandle
 .bss.CHASSIS_TASKHandle
                0x0000000024000e54        0x4 CMakeFiles/balance_chassis_legacy_full.elf.dir/runtime/app/balance_chassis/freertos_legacy.c.obj
                0x0000000024000e54                CHASSIS_TASKHandle
 .bss.MOTOR_CONTROL_TASKHandle
                0x0000000024000e58        0x4 CMakeFiles/balance_chassis_legacy_full.elf.dir/runtime/app/balance_chassis/freertos_legacy.c.obj
                0x0000000024000e58                MOTOR_CONTROL_TASKHandle
 .bss.OBSERVE_TASKHandle
                0x0000000024000e5c        0x4 CMakeFiles/balance_chassis_legacy_full.elf.dir/runtime/app/balance_chassis/freertos_legacy.c.obj
                0x0000000024000e5c                OBSERVE_TASKHandle
 .bss.REMOTE_TASKHandle
                0x0000000024000e60        0x4 CMakeFiles/balance_chassis_legacy_full.elf.dir/runtime/app/balance_chassis/freertos_legacy.c.obj
                0x0000000024000e60                REMOTE_TASKHandle
 .bss.ucHeap    0x0000000024000e64     0x7800 CMakeFiles/balance_chassis_legacy_full.elf.dir/home/xbd/worspcae/code/Astra_RM2025_Balance/Chassis/Middlewares/Third_Party/FreeRTOS/Source/portable/MemMang/heap_4.c.obj
 .bss.xStart    0x0000000024008664        0x8 CMakeFiles/balance_chassis_legacy_full.elf.dir/home/xbd/worspcae/code/Astra_RM2025_Balance/Chassis/Middlewares/Third_Party/FreeRTOS/Source/portable/MemMang/heap_4.c.obj
 .bss.pxEnd     0x000000002400866c        0x4 CMakeFiles/balance_chassis_legacy_full.elf.dir/home/xbd/worspcae/code/Astra_RM2025_Balance/Chassis/Middlewares/Third_Party/FreeRTOS/Source/portable/MemMang/heap_4.c.obj
 .bss.xFreeBytesRemaining
                0x0000000024008670        0x4 CMakeFiles/balance_chassis_legacy_full.elf.dir/home/xbd/worspcae/code/Astra_RM2025_Balance/Chassis/Middlewares/Third_Party/FreeRTOS/Source/portable/MemMang/heap_4.c.obj
 .bss.xMinimumEverFreeBytesRemaining
                0x0000000024008674        0x4 CMakeFiles/balance_chassis_legacy_full.elf.dir/home/xbd/worspcae/code/Astra_RM2025_Balance/Chassis/Middlewares/Third_Party/FreeRTOS/Source/portable/MemMang/heap_4.c.obj
 .bss.xNumberOfSuccessfulAllocations
                0x0000000024008678        0x4 CMakeFiles/balance_chassis_legacy_full.elf.dir/home/xbd/worspcae/code/Astra_RM2025_Balance/Chassis/Middlewares/Third_Party/FreeRTOS/Source/portable/MemMang/heap_4.c.obj
 .bss.xNumberOfSuccessfulFrees
                0x000000002400867c        0x4 CMakeFiles/balance_chassis_legacy_full.elf.dir/home/xbd/worspcae/code/Astra_RM2025_Balance/Chassis/Middlewares/Third_Party/FreeRTOS/Source/portable/MemMang/heap_4.c.obj
 .bss.xBlockAllocatedBit
                0x0000000024008680        0x4 CMakeFiles/balance_chassis_legacy_full.elf.dir/home/xbd/worspcae/code/Astra_RM2025_Balance/Chassis/Middlewares/Third_Party/FreeRTOS/Source/portable/MemMang/heap_4.c.obj
 .bss.ucMaxSysCallPriority
                0x0000000024008684        0x1 CMakeFiles/balance_chassis_legacy_full.elf.dir/third_party/freertos_port_gcc_cm7_r0p1/port.c.obj
 *fill*         0x0000000024008685        0x3 
 .bss.ulMaxPRIGROUPValue
                0x0000000024008688        0x4 CMakeFiles/balance_chassis_legacy_full.elf.dir/third_party/freertos_port_gcc_cm7_r0p1/port.c.obj
 .bss.pxCurrentTCB
                0x000000002400868c        0x4 CMakeFiles/balance_chassis_legacy_full.elf.dir/home/xbd/worspcae/code/Astra_RM2025_Balance/Chassis/Middlewares/Third_Party/FreeRTOS/Source/tasks.c.obj
                0x000000002400868c                pxCurrentTCB
 .bss.pxReadyTasksLists
                0x0000000024008690       0x8c CMakeFiles/balance_chassis_legacy_full.elf.dir/home/xbd/worspcae/code/Astra_RM2025_Balance/Chassis/Middlewares/Third_Party/FreeRTOS/Source/tasks.c.obj
 .bss.xDelayedTaskList1
                0x000000002400871c       0x14 CMakeFiles/balance_chassis_legacy_full.elf.dir/home/xbd/worspcae/code/Astra_RM2025_Balance/Chassis/Middlewares/Third_Party/FreeRTOS/Source/tasks.c.obj
 .bss.xDelayedTaskList2
                0x0000000024008730       0x14 CMakeFiles/balance_chassis_legacy_full.elf.dir/home/xbd/worspcae/code/Astra_RM2025_Balance/Chassis/Middlewares/Third_Party/FreeRTOS/Source/tasks.c.obj
 .bss.pxDelayedTaskList
                0x0000000024008744        0x4 CMakeFiles/balance_chassis_legacy_full.elf.dir/home/xbd/worspcae/code/Astra_RM2025_Balance/Chassis/Middlewares/Third_Party/FreeRTOS/Source/tasks.c.obj
 .bss.pxOverflowDelayedTaskList
                0x0000000024008748        0x4 CMakeFiles/balance_chassis_legacy_full.elf.dir/home/xbd/worspcae/code/Astra_RM2025_Balance/Chassis/Middlewares/Third_Party/FreeRTOS/Source/tasks.c.obj
 .bss.xPendingReadyList
                0x000000002400874c       0x14 CMakeFiles/balance_chassis_legacy_full.elf.dir/home/xbd/worspcae/code/Astra_RM2025_Balance/Chassis/Middlewares/Third_Party/FreeRTOS/Source/tasks.c.obj
 .bss.xTasksWaitingTermination
                0x0000000024008760       0x14 CMakeFiles/balance_chassis_legacy_full.elf.dir/home/xbd/worspcae/code/Astra_RM2025_Balance/Chassis/Middlewares/Third_Party/FreeRTOS/Source/tasks.c.obj
 .bss.uxDeletedTasksWaitingCleanUp
                0x0000000024008774        0x4 CMakeFiles/balance_chassis_legacy_full.elf.dir/home/xbd/worspcae/code/Astra_RM2025_Balance/Chassis/Middlewares/Third_Party/FreeRTOS/Source/tasks.c.obj
 .bss.xSuspendedTaskList
                0x0000000024008778       0x14 CMakeFiles/balance_chassis_legacy_full.elf.dir/home/xbd/worspcae/code/Astra_RM2025_Balance/Chassis/Middlewares/Third_Party/FreeRTOS/Source/tasks.c.obj
 .bss.uxCurrentNumberOfTasks
                0x000000002400878c        0x4 CMakeFiles/balance_chassis_legacy_full.elf.dir/home/xbd/worspcae/code/Astra_RM2025_Balance/Chassis/Middlewares/Third_Party/FreeRTOS/Source/tasks.c.obj
 .bss.xTickCount
                0x0000000024008790        0x4 CMakeFiles/balance_chassis_legacy_full.elf.dir/home/xbd/worspcae/code/Astra_RM2025_Balance/Chassis/Middlewares/Third_Party/FreeRTOS/Source/tasks.c.obj
 .bss.uxTopReadyPriority
                0x0000000024008794        0x4 CMakeFiles/balance_chassis_legacy_full.elf.dir/home/xbd/worspcae/code/Astra_RM2025_Balance/Chassis/Middlewares/Third_Party/FreeRTOS/Source/tasks.c.obj
 .bss.xSchedulerRunning
                0x0000000024008798        0x4 CMakeFiles/balance_chassis_legacy_full.elf.dir/home/xbd/worspcae/code/Astra_RM2025_Balance/Chassis/Middlewares/Third_Party/FreeRTOS/Source/tasks.c.obj
 .bss.xPendedTicks
                0x000000002400879c        0x4 CMakeFiles/balance_chassis_legacy_full.elf.dir/home/xbd/worspcae/code/Astra_RM2025_Balance/Chassis/Middlewares/Third_Party/FreeRTOS/Source/tasks.c.obj
 .bss.xYieldPending
                0x00000000240087a0        0x4 CMakeFiles/balance_chassis_legacy_full.elf.dir/home/xbd/worspcae/code/Astra_RM2025_Balance/Chassis/Middlewares/Third_Party/FreeRTOS/Source/tasks.c.obj
 .bss.xNumOfOverflows
                0x00000000240087a4        0x4 CMakeFiles/balance_chassis_legacy_full.elf.dir/home/xbd/worspcae/code/Astra_RM2025_Balance/Chassis/Middlewares/Third_Party/FreeRTOS/Source/tasks.c.obj
 .bss.uxTaskNumber
                0x00000000240087a8        0x4 CMakeFiles/balance_chassis_legacy_full.elf.dir/home/xbd/worspcae/code/Astra_RM2025_Balance/Chassis/Middlewares/Third_Party/FreeRTOS/Source/tasks.c.obj
 .bss.xNextTaskUnblockTime
                0x00000000240087ac        0x4 CMakeFiles/balance_chassis_legacy_full.elf.dir/home/xbd/worspcae/code/Astra_RM2025_Balance/Chassis/Middlewares/Third_Party/FreeRTOS/Source/tasks.c.obj
 .bss.xIdleTaskHandle
                0x00000000240087b0        0x4 CMakeFiles/balance_chassis_legacy_full.elf.dir/home/xbd/worspcae/code/Astra_RM2025_Balance/Chassis/Middlewares/Third_Party/FreeRTOS/Source/tasks.c.obj
 .bss.uxSchedulerSuspended
                0x00000000240087b4        0x4 CMakeFiles/balance_chassis_legacy_full.elf.dir/home/xbd/worspcae/code/Astra_RM2025_Balance/Chassis/Middlewares/Third_Party/FreeRTOS/Source/tasks.c.obj
 .bss.hfdcan1   0x00000000240087b8       0xa0 libbalance_chassis_generated_raw.a(fdcan.c.obj)
                0x00000000240087b8                hfdcan1
 .bss.hfdcan2   0x0000000024008858       0xa0 libbalance_chassis_generated_raw.a(fdcan.c.obj)
                0x0000000024008858                hfdcan2
 .bss.hfdcan3   0x00000000240088f8       0xa0 libbalance_chassis_generated_raw.a(fdcan.c.obj)
                0x00000000240088f8                hfdcan3
 .bss.HAL_RCC_FDCAN_CLK_ENABLED
                0x0000000024008998        0x4 libbalance_chassis_generated_raw.a(fdcan.c.obj)
 .bss.hspi2     0x000000002400899c       0x88 libbalance_chassis_generated_raw.a(spi.c.obj)
                0x000000002400899c                hspi2
 .bss.hdma_spi2_rx
                0x0000000024008a24       0x78 libbalance_chassis_generated_raw.a(spi.c.obj)
                0x0000000024008a24                hdma_spi2_rx
 .bss.hdma_spi2_tx
                0x0000000024008a9c       0x78 libbalance_chassis_generated_raw.a(spi.c.obj)
                0x0000000024008a9c                hdma_spi2_tx
 .bss.htim3     0x0000000024008b14       0x4c libbalance_chassis_generated_raw.a(tim.c.obj)
                0x0000000024008b14                htim3
 .bss.huart5    0x0000000024008b60       0x94 libbalance_chassis_generated_raw.a(usart.c.obj)
                0x0000000024008b60                huart5
 .bss.huart1    0x0000000024008bf4       0x94 libbalance_chassis_generated_raw.a(usart.c.obj)
                0x0000000024008bf4                huart1
 .bss.hdma_uart5_rx
                0x0000000024008c88       0x78 libbalance_chassis_generated_raw.a(usart.c.obj)
                0x0000000024008c88                hdma_uart5_rx
 .bss.hdma_usart1_tx
                0x0000000024008d00       0x78 libbalance_chassis_generated_raw.a(usart.c.obj)
                0x0000000024008d00                hdma_usart1_tx
 .bss.uwTick    0x0000000024008d78        0x4 libbalance_chassis_generated_raw.a(stm32h7xx_hal.c.obj)
                0x0000000024008d78                uwTick
 .bss.CPU_FREQ_Hz
                0x0000000024008d7c        0x4 libbalance_chassis_bsp_full.a(bsp_dwt.c.obj)
 .bss.CYCCNT_RountCount
                0x0000000024008d80        0x4 libbalance_chassis_bsp_full.a(bsp_dwt.c.obj)
 .bss.CYCCNT_LAST
                0x0000000024008d84        0x4 libbalance_chassis_bsp_full.a(bsp_dwt.c.obj)
 .bss.chassis_motor
                0x0000000024008d88       0x28 libbalance_chassis_bsp_full.a(can_bsp.c.obj)
                0x0000000024008d88                chassis_motor
 *(COMMON)
                0x0000000024008db0                . = ALIGN (0x4)
                0x0000000024008db0                _ebss = .
                0x0000000024008db0                __bss_end__ = _ebss

._user_heap_stack
                0x0000000024008db0     0x1400 load address 0x0000000008010118
                0x0000000024008db0                . = ALIGN (0x8)
                0x0000000024008db0                PROVIDE (end = .)
                [!provide]                        PROVIDE (_end = .)
                0x00000000240091b0                . = (. + _Min_Heap_Size)
 *fill*         0x0000000024008db0      0x400 
                0x000000002400a1b0                . = (. + _Min_Stack_Size)
 *fill*         0x00000000240091b0     0x1000 
                0x000000002400a1b0                . = ALIGN (0x8)

/DISCARD/
 libc.a(*)
 libm.a(*)
 libgcc.a(*)

.ARM.attributes
                0x0000000000000000       0x2e
 *(.ARM.attributes)
 .ARM.attributes
                0x0000000000000000       0x1e /usr/lib/gcc/arm-none-eabi/10.3.1/thumb/v7e-m+dp/hard/crti.o
 .ARM.attributes