Archive member included to satisfy reference by file (symbol)

libbalance_chassis_generated_raw.a(dma.c.obj)
                              CMakeFiles/balance_chassis_hw_seed.elf.dir/runtime/generated/stm32h7_ctrl_board_raw/Src/main.c.obj (MX_DMA_Init)
libbalance_chassis_generated_raw.a(fdcan.c.obj)
                              CMakeFiles/balance_chassis_hw_seed.elf.dir/runtime/generated/stm32h7_ctrl_board_raw/Src/main.c.obj (MX_FDCAN1_Init)
libbalance_chassis_generated_raw.a(gpio.c.obj)
                              CMakeFiles/balance_chassis_hw_seed.elf.dir/runtime/generated/stm32h7_ctrl_board_raw/Src/main.c.obj (MX_GPIO_Init)
libbalance_chassis_generated_raw.a(spi.c.obj)
                              CMakeFiles/balance_chassis_hw_seed.elf.dir/runtime/generated/stm32h7_ctrl_board_raw/Src/main.c.obj (MX_SPI2_Init)
libbalance_chassis_generated_raw.a(tim.c.obj)
                              CMakeFiles/balance_chassis_hw_seed.elf.dir/runtime/generated/stm32h7_ctrl_board_raw/Src/main.c.obj (MX_TIM3_Init)
libbalance_chassis_generated_raw.a(usart.c.obj)
                              CMakeFiles/balance_chassis_hw_seed.elf.dir/runtime/generated/stm32h7_ctrl_board_raw/Src/main.c.obj (MX_UART5_Init)
libbalance_chassis_generated_raw.a(system_stm32h7xx.c.obj)
                              CMakeFiles/balance_chassis_hw_seed.elf.dir/third_party/freertos_port_gcc_cm7_r0p1/port.c.obj (SystemCoreClock)
libbalance_chassis_generated_raw.a(stm32h7xx_hal.c.obj)
                              CMakeFiles/balance_chassis_hw_seed.elf.dir/runtime/generated/stm32h7_ctrl_board_raw/Src/main.c.obj (HAL_Init)
libbalance_chassis_generated_raw.a(stm32h7xx_hal_cortex.c.obj)
                              libbalance_chassis_generated_raw.a(stm32h7xx_hal.c.obj) (HAL_NVIC_SetPriorityGrouping)
libbalance_chassis_generated_raw.a(stm32h7xx_hal_dma.c.obj)
                              libbalance_chassis_generated_raw.a(spi.c.obj) (HAL_DMA_Init)
libbalance_chassis_generated_raw.a(stm32h7xx_hal_fdcan.c.obj)
                              libbalance_chassis_generated_raw.a(fdcan.c.obj) (HAL_FDCAN_Init)
libbalance_chassis_generated_raw.a(stm32h7xx_hal_gpio.c.obj)
                              libbalance_chassis_generated_raw.a(fdcan.c.obj) (HAL_GPIO_Init)
libbalance_chassis_generated_raw.a(stm32h7xx_hal_pwr_ex.c.obj)
                              CMakeFiles/balance_chassis_hw_seed.elf.dir/runtime/generated/stm32h7_ctrl_board_raw/Src/main.c.obj (HAL_PWREx_ConfigSupply)
libbalance_chassis_generated_raw.a(stm32h7xx_hal_rcc.c.obj)
                              CMakeFiles/balance_chassis_hw_seed.elf.dir/runtime/generated/stm32h7_ctrl_board_raw/Src/main.c.obj (HAL_RCC_OscConfig)
libbalance_chassis_generated_raw.a(stm32h7xx_hal_rcc_ex.c.obj)
                              CMakeFiles/balance_chassis_hw_seed.elf.dir/runtime/generated/stm32h7_ctrl_board_raw/Src/main.c.obj (HAL_RCCEx_PeriphCLKConfig)
libbalance_chassis_generated_raw.a(stm32h7xx_hal_spi.c.obj)
                              libbalance_chassis_generated_raw.a(spi.c.obj) (HAL_SPI_Init)
libbalance_chassis_generated_raw.a(stm32h7xx_hal_tim.c.obj)
                              libbalance_chassis_generated_raw.a(tim.c.obj) (HAL_TIM_PWM_Init)
libbalance_chassis_generated_raw.a(stm32h7xx_hal_tim_ex.c.obj)
                              libbalance_chassis_generated_raw.a(stm32h7xx_hal_tim.c.obj) (TIMEx_DMACommutationCplt)
libbalance_chassis_generated_raw.a(stm32h7xx_hal_uart.c.obj)
                              libbalance_chassis_generated_raw.a(usart.c.obj) (HAL_UART_Init)
libbalance_chassis_generated_raw.a(stm32h7xx_hal_uart_ex.c.obj)
                              libbalance_chassis_generated_raw.a(stm32h7xx_hal_uart.c.obj) (HAL_UARTEx_WakeupCallback)
libbalance_chassis_generated_raw.a(stm32h7xx_hal_pwr.c.obj)
                              libbalance_chassis_generated_raw.a(stm32h7xx_hal_pwr_ex.c.obj) (HAL_PWR_PVDCallback)
/usr/lib/gcc/arm-none-eabi/10.3.1/thumb/v7e-m+dp/hard/libgcc.a(_aeabi_uldivmod.o)
                              libbalance_chassis_generated_raw.a(stm32h7xx_hal_uart.c.obj) (__aeabi_uldivmod)
/usr/lib/gcc/arm-none-eabi/10.3.1/thumb/v7e-m+dp/hard/libgcc.a(_udivmoddi4.o)
                              /usr/lib/gcc/arm-none-eabi/10.3.1/thumb/v7e-m+dp/hard/libgcc.a(_aeabi_uldivmod.o) (__udivmoddi4)
/usr/lib/gcc/arm-none-eabi/10.3.1/thumb/v7e-m+dp/hard/libgcc.a(_dvmd_tls.o)
                              /usr/lib/gcc/arm-none-eabi/10.3.1/thumb/v7e-m+dp/hard/libgcc.a(_aeabi_uldivmod.o) (__aeabi_ldiv0)
/usr/lib/gcc/arm-none-eabi/10.3.1/../../../arm-none-eabi/lib/thumb/v7e-m+dp/hard/libc_nano.a(lib_a-atexit.o)
                              /usr/lib/gcc/arm-none-eabi/10.3.1/../../../arm-none-eabi/lib/thumb/v7e-m+dp/hard/crt0.o (atexit)
/usr/lib/gcc/arm-none-eabi/10.3.1/../../../arm-none-eabi/lib/thumb/v7e-m+dp/hard/libc_nano.a(lib_a-exit.o)
                              /usr/lib/gcc/arm-none-eabi/10.3.1/../../../arm-none-eabi/lib/thumb/v7e-m+dp/hard/crt0.o (exit)
[...]
Memory Configuration

Name             Origin             Length             Attributes
FLASH            0x0000000008000000 0x0000000000100000 xr
RAM              0x0000000024000000 0x0000000000050000 xrw
*default*        0x0000000000000000 0xffffffffffffffff

Linker script and memory map

LOAD /usr/lib/gcc/arm-none-eabi/10.3.1/thumb/v7e-m+dp/hard/crti.o
LOAD /usr/lib/gcc/arm-none-eabi/10.3.1/thumb/v7e-m+dp/hard/crtbegin.o
LOAD /usr/lib/gcc/arm-none-eabi/10.3.1/../../../arm-none-eabi/lib/thumb/v7e-m+dp/hard/crt0.o
LOAD CMakeFiles/balance_chassis_hw_seed.elf.dir/runtime/generated/stm32h7_ctrl_board_raw/Src/main.c.obj
LOAD CMakeFiles/balance_chassis_hw_seed.elf.dir/runtime/generated/stm32h7_ctrl_board_raw/Src/freertos.c.obj
LOAD CMakeFiles/balance_chassis_hw_seed.elf.dir/home/xbd/worspcae/code/Astra_RM2025_Balance/Chassis/Drivers/CMSIS/Device/ST/STM32H7xx/Source/Templates/gcc/startup_stm32h723xx.s.obj
LOAD CMakeFiles/balance_chassis_hw_seed.elf.dir/home/xbd/worspcae/code/Astra_RM2025_Balance/Chassis/Middlewares/Third_Party/FreeRTOS/Source/CMSIS_RTOS/cmsis_os.c.obj
LOAD CMakeFiles/balance_chassis_hw_seed.elf.dir/home/xbd/worspcae/code/Astra_RM2025_Balance/Chassis/Middlewares/Third_Party/FreeRTOS/Source/croutine.c.obj
LOAD CMakeFiles/balance_chassis_hw_seed.elf.dir/home/xbd/worspcae/code/Astra_RM2025_Balance/Chassis/Middlewares/Third_Party/FreeRTOS/Source/event_groups.c.obj
LOAD CMakeFiles/balance_chassis_hw_seed.elf.dir/home/xbd/worspcae/code/Astra_RM2025_Balance/Chassis/Middlewares/Third_Party/FreeRTOS/Source/list.c.obj
LOAD CMakeFiles/balance_chassis_hw_seed.elf.dir/home/xbd/worspcae/code/Astra_RM2025_Balance/Chassis/Middlewares/Third_Party/FreeRTOS/Source/portable/MemMang/heap_4.c.obj
LOAD CMakeFiles/balance_chassis_hw_seed.elf.dir/third_party/freertos_port_gcc_cm7_r0p1/port.c.obj
LOAD CMakeFiles/balance_chassis_hw_seed.elf.dir/home/xbd/worspcae/code/Astra_RM2025_Balance/Chassis/Middlewares/Third_Party/FreeRTOS/Source/queue.c.obj
LOAD CMakeFiles/balance_chassis_hw_seed.elf.dir/home/xbd/worspcae/code/Astra_RM2025_Balance/Chassis/Middlewares/Third_Party/FreeRTOS/Source/stream_buffer.c.obj
LOAD CMakeFiles/balance_chassis_hw_seed.elf.dir/home/xbd/worspcae/code/Astra_RM2025_Balance/Chassis/Middlewares/Third_Party/FreeRTOS/Source/tasks.c.obj
LOAD CMakeFiles/balance_chassis_hw_seed.elf.dir/home/xbd/worspcae/code/Astra_RM2025_Balance/Chassis/Middlewares/Third_Party/FreeRTOS/Source/timers.c.obj
LOAD libbalance_chassis_generated_raw.a
LOAD libbalance_chassis_bsp_seed.a
LOAD libbalance_chassis_generated_raw.a
START GROUP
LOAD /usr/lib/gcc/arm-none-eabi/10.3.1/thumb/v7e-m+dp/hard/libgcc.a
LOAD /usr/lib/gcc/arm-none-eabi/10.3.1/../../../arm-none-eabi/lib/thumb/v7e-m+dp/hard/libc_nano.a
END GROUP
START GROUP
LOAD /usr/lib/gcc/arm-none-eabi/10.3.1/thumb/v7e-m+dp/hard/libgcc.a
LOAD /usr/lib/gcc/arm-none-eabi/10.3.1/../../../arm-none-eabi/lib/thumb/v7e-m+dp/hard/libc_nano.a
LOAD /usr/lib/gcc/arm-none-eabi/10.3.1/../../../arm-none-eabi/lib/thumb/v7e-m+dp/hard/libnosys.a
END GROUP
START GROUP
LOAD /usr/lib/gcc/arm-none-eabi/10.3.1/thumb/v7e-m+dp/hard/libgcc.a
LOAD /usr/lib/gcc/arm-none-eabi/10.3.1/../../../arm-none-eabi/lib/thumb/v7e-m+dp/hard/libc_nano.a
LOAD /usr/lib/gcc/arm-none-eabi/10.3.1/../../../arm-none-eabi/lib/thumb/v7e-m+dp/hard/libnosys.a
END GROUP
LOAD /usr/lib/gcc/arm-none-eabi/10.3.1/thumb/v7e-m+dp/hard/crtend.o
LOAD /usr/lib/gcc/arm-none-eabi/10.3.1/thumb/v7e-m+dp/hard/crtn.o
                0x0000000024050000                _estack = (ORIGIN (RAM) + LENGTH (RAM))
                0x0000000000000400                _Min_Heap_Size = 0x400
                0x0000000000001000                _Min_Stack_Size = 0x1000

.isr_vector     0x0000000008000000      0x2cc
                0x0000000008000000                . = ALIGN (0x4)
 *(.isr_vector)
 .isr_vector    0x0000000008000000      0x2cc CMakeFiles/balance_chassis_hw_seed.elf.dir/home/xbd/worspcae/code/Astra_RM2025_Balance/Chassis/Drivers/CMSIS/Device/ST/STM32H7xx/Source/Templates/gcc/startup_stm32h723xx.s.obj
                0x0000000008000000                g_pfnVectors
                0x00000000080002cc                . = ALIGN (0x4)

.text           0x00000000080002cc     0x8f90
                0x00000000080002cc                . = ALIGN (0x4)
 *(.text)
 .text          0x00000000080002cc       0x88 /usr/lib/gcc/arm-none-eabi/10.3.1/thumb/v7e-m+dp/hard/crtbegin.o
 .text          0x0000000008000354       0x30 /usr/lib/gcc/arm-none-eabi/10.3.1/thumb/v7e-m+dp/hard/libgcc.a(_aeabi_uldivmod.o)
                0x0000000008000354                __aeabi_uldivmod
 .text          0x0000000008000384      0x2d0 /usr/lib/gcc/arm-none-eabi/10.3.1/thumb/v7e-m+dp/hard/libgcc.a(_udivmoddi4.o)
                0x0000000008000384                __udivmoddi4
 .text          0x0000000008000654        0x4 /usr/lib/gcc/arm-none-eabi/10.3.1/thumb/v7e-m+dp/hard/libgcc.a(_dvmd_tls.o)
                0x0000000008000654                __aeabi_ldiv0
                0x0000000008000654                __aeabi_idiv0
 .text          0x0000000008000658       0x48 /usr/lib/gcc/arm-none-eabi/10.3.1/../../../arm-none-eabi/lib/thumb/v7e-m+dp/hard/libc_nano.a(lib_a-init.o)
                0x0000000008000658                __libc_init_array
 .text          0x00000000080006a0      0x134 /usr/lib/gcc/arm-none-eabi/10.3.1/../../../arm-none-eabi/lib/thumb/v7e-m+dp/hard/libc_nano.a(lib_a-memcpy.o)
                0x00000000080006a0                memcpy
 .text          0x00000000080007d4       0xa4 /usr/lib/gcc/arm-none-eabi/10.3.1/../../../arm-none-eabi/lib/thumb/v7e-m+dp/hard/libc_nano.a(lib_a-memset.o)
                0x00000000080007d4                memset
 *(.text*)
 .text.main     0x0000000008000878       0x3e CMakeFiles/balance_chassis_hw_seed.elf.dir/runtime/generated/stm32h7_ctrl_board_raw/Src/main.c.obj
                0x0000000008000878                main
 *fill*         0x00000000080008b6        0x2 
 .text.SystemClock_Config
                0x00000000080008b8       0xdc CMakeFiles/balance_chassis_hw_seed.elf.dir/runtime/generated/stm32h7_ctrl_board_raw/Src/main.c.obj
                0x00000000080008b8                SystemClock_Config
 .text.PeriphCommonClock_Config
                0x0000000008000994       0x5e CMakeFiles/balance_chassis_hw_seed.elf.dir/runtime/generated/stm32h7_ctrl_board_raw/Src/main.c.obj
                0x0000000008000994                PeriphCommonClock_Config
 .text.Error_Handler
                0x00000000080009f2        0xa CMakeFiles/balance_chassis_hw_seed.elf.dir/runtime/generated/stm32h7_ctrl_board_raw/Src/main.c.obj
                0x00000000080009f2                Error_Handler
 .text.MX_FREERTOS_Init
                0x00000000080009fc       0x34 CMakeFiles/balance_chassis_hw_seed.elf.dir/runtime/generated/stm32h7_ctrl_board_raw/Src/freertos.c.obj
                0x00000000080009fc                MX_FREERTOS_Init
 .text.StartDefaultTask
                0x0000000008000a30       0x10 CMakeFiles/balance_chassis_hw_seed.elf.dir/runtime/generated/stm32h7_ctrl_board_raw/Src/freertos.c.obj
                0x0000000008000a30                StartDefaultTask
 .text.Reset_Handler
                0x0000000008000a40       0x50 CMakeFiles/balance_chassis_hw_seed.elf.dir/home/xbd/worspcae/code/Astra_RM2025_Balance/Chassis/Drivers/CMSIS/Device/ST/STM32H7xx/Source/Templates/gcc/startup_stm32h723xx.s.obj
                0x0000000008000a40                Reset_Handler
 .text.Default_Handler
                0x0000000008000a90        0x2 CMakeFiles/balance_chassis_hw_seed.elf.dir/home/xbd/worspcae/code/Astra_RM2025_Balance/Chassis/Drivers/CMSIS/Device/ST/STM32H7xx/Source/Templates/gcc/startup_stm32h723xx.s.obj
                0x0000000008000a90                RTC_Alarm_IRQHandler
                0x0000000008000a90                EXTI2_IRQHandler
                0x0000000008000a90                TIM8_CC_IRQHandler
                0x0000000008000a90                DebugMon_Handler
                0x0000000008000a90                UART8_IRQHandler
                0x0000000008000a90                SPI4_IRQHandler
                0x0000000008000a90                FDCAN3_IT0_IRQHandler
                0x0000000008000a90                TIM1_CC_IRQHandler
                0x0000000008000a90                BDMA_Channel6_IRQHandler
                0x0000000008000a90                DMA2_Stream5_IRQHandler
                0x0000000008000a90                HardFault_Handler
                0x0000000008000a90                DMA1_Stream5_IRQHandler
                0x0000000008000a90                CORDIC_IRQHandler
                0x0000000008000a90                BDMA_Channel1_IRQHandler
                0x0000000008000a90                TAMP_STAMP_IRQHandler
                0x0000000008000a90                NMI_Handler
                0x0000000008000a90                EXTI3_IRQHandler
                0x0000000008000a90                LPTIM4_IRQHandler
                0x0000000008000a90                TIM8_TRG_COM_TIM14_IRQHandler
                0x0000000008000a90                LPTIM2_IRQHandler
                0x0000000008000a90                DFSDM1_FLT1_IRQHandler
                0x0000000008000a90                DMAMUX2_OVR_IRQHandler
                0x0000000008000a90                TIM8_UP_TIM13_IRQHandler
                0x0000000008000a90                I2C3_ER_IRQHandler
                0x0000000008000a90                DFSDM1_FLT2_IRQHandler
                0x0000000008000a90                I2C5_EV_IRQHandler
                0x0000000008000a90                USART10_IRQHandler
                0x0000000008000a90                MDMA_IRQHandler
                0x0000000008000a90                LPTIM3_IRQHandler
                0x0000000008000a90                HSEM1_IRQHandler
                0x0000000008000a90                EXTI0_IRQHandler
                0x0000000008000a90                I2C2_EV_IRQHandler
                0x0000000008000a90                DMA1_Stream2_IRQHandler
                0x0000000008000a90                FPU_IRQHandler
                0x0000000008000a90                OTG_HS_WKUP_IRQHandler
                0x0000000008000a90                FDCAN1_IT1_IRQHandler
                0x0000000008000a90                UsageFault_Handler
                0x0000000008000a90                LTDC_ER_IRQHandler
                0x0000000008000a90                DMA2_Stream2_IRQHandler
                0x0000000008000a90                SPI1_IRQHandler
                0x0000000008000a90                OCTOSPI1_IRQHandler
                0x0000000008000a90                TIM6_DAC_IRQHandler
                0x0000000008000a90                DMA2_Stream3_IRQHandler
                0x0000000008000a90                OCTOSPI2_IRQHandler
                0x0000000008000a90                DFSDM1_FLT3_IRQHandler
                0x0000000008000a90                TIM23_IRQHandler
                0x0000000008000a90                USART6_IRQHandler
                0x0000000008000a90                TIM17_IRQHandler
                0x0000000008000a90                USART3_IRQHandler
                0x0000000008000a90                BDMA_Channel7_IRQHandler
                0x0000000008000a90                LPTIM5_IRQHandler
                0x0000000008000a90                UART5_IRQHandler
                0x0000000008000a90                ADC3_IRQHandler
                0x0000000008000a90                DMA2_Stream0_IRQHandler
                0x0000000008000a90                TIM4_IRQHandler
                0x0000000008000a90                BDMA_Channel2_IRQHandler
                0x0000000008000a90                I2C1_EV_IRQHandler
                0x0000000008000a90                DMA1_Stream6_IRQHandler
                0x0000000008000a90                DMAMUX1_OVR_IRQHandler
                0x0000000008000a90                DMA1_Stream1_IRQHandler
                0x0000000008000a90                TIM16_IRQHandler
                0x0000000008000a90                UART4_IRQHandler
                0x0000000008000a90                BDMA_Channel5_IRQHandler
                0x0000000008000a90                TIM3_IRQHandler
                0x0000000008000a90                RCC_IRQHandler
                0x0000000008000a90                UART9_IRQHandler
                0x0000000008000a90                TIM8_BRK_TIM12_IRQHandler
                0x0000000008000a90                TIM1_TRG_COM_IRQHandler
                0x0000000008000a90                Default_Handler
                0x0000000008000a90                ECC_IRQHandler
                0x0000000008000a90                FMAC_IRQHandler
                0x0000000008000a90                CEC_IRQHandler
                0x0000000008000a90                EXTI15_10_IRQHandler
                0x0000000008000a90                BDMA_Channel0_IRQHandler
                0x0000000008000a90                ADC_IRQHandler
                0x0000000008000a90                I2C5_ER_IRQHandler
                0x0000000008000a90                DMA1_Stream7_IRQHandler
                0x0000000008000a90                SPI5_IRQHandler
                0x0000000008000a90                TIM7_IRQHandler
                0x0000000008000a90                FDCAN3_IT1_IRQHandler
                0x0000000008000a90                SDMMC1_IRQHandler
                0x0000000008000a90                TIM5_IRQHandler
                0x0000000008000a90                DMA2_Stream7_IRQHandler
                0x0000000008000a90                TIM15_IRQHandler
                0x0000000008000a90                PVD_AVD_IRQHandler
                0x0000000008000a90                I2C3_EV_IRQHandler
                0x0000000008000a90                EXTI9_5_IRQHandler
                0x0000000008000a90                RTC_WKUP_IRQHandler
                0x0000000008000a90                LTDC_IRQHandler
                0x0000000008000a90                ETH_WKUP_IRQHandler
                0x0000000008000a90                SPDIF_RX_IRQHandler
                0x0000000008000a90                SPI2_IRQHandler
                0x0000000008000a90                OTG_HS_EP1_IN_IRQHandler
                0x0000000008000a90                MemManage_Handler
                0x0000000008000a90                DMA1_Stream0_IRQHandler
                0x0000000008000a90                TIM24_IRQHandler
                0x0000000008000a90                CRS_IRQHandler
                0x0000000008000a90                EXTI4_IRQHandler
                0x0000000008000a90                RNG_IRQHandler
                0x0000000008000a90                FDCAN2_IT1_IRQHandler
                0x0000000008000a90                ETH_IRQHandler
                0x0000000008000a90                TIM1_UP_IRQHandler
                0x0000000008000a90                BDMA_Channel4_IRQHandler
                0x0000000008000a90                OTG_HS_EP1_OUT_IRQHandler
                0x0000000008000a90                WWDG_IRQHandler
                0x0000000008000a90                SPI6_IRQHandler
                0x0000000008000a90                MDIOS_IRQHandler
                0x0000000008000a90                I2C4_EV_IRQHandler
                0x0000000008000a90                FDCAN2_IT0_IRQHandler
                0x0000000008000a90                LPUART1_IRQHandler
                0x0000000008000a90                FDCAN1_IT0_IRQHandler
                0x0000000008000a90                TIM2_IRQHandler
                0x0000000008000a90                OTG_HS_IRQHandler
                0x0000000008000a90                DMA2D_IRQHandler
                0x0000000008000a90                TIM1_BRK_IRQHandler
                0x0000000008000a90                EXTI1_IRQHandler
                0x0000000008000a90                SDMMC2_IRQHandler
                0x0000000008000a90                BDMA_Channel3_IRQHandler
                0x0000000008000a90                DTS_IRQHandler
                0x0000000008000a90                UART7_IRQHandler
                0x0000000008000a90                MDIOS_WKUP_IRQHandler
                0x0000000008000a90                USART2_IRQHandler
                0x0000000008000a90                DFSDM1_FLT0_IRQHandler
                0x0000000008000a90                SAI4_IRQHandler
                0x0000000008000a90                I2C2_ER_IRQHandler
                0x0000000008000a90                DMA2_Stream1_IRQHandler
                0x0000000008000a90                FLASH_IRQHandler
                0x0000000008000a90                DMA2_Stream4_IRQHandler
                0x0000000008000a90                BusFault_Handler
                0x0000000008000a90                USART1_IRQHandler
                0x0000000008000a90                SPI3_IRQHandler
                0x0000000008000a90                WAKEUP_PIN_IRQHandler
                0x0000000008000a90                DMA1_Stream4_IRQHandler
                0x0000000008000a90                I2C1_ER_IRQHandler
                0x0000000008000a90                FMC_IRQHandler
                0x0000000008000a90                FDCAN_CAL_IRQHandler
                0x0000000008000a90                SWPMI1_IRQHandler
                0x0000000008000a90                COMP1_IRQHandler
                0x0000000008000a90                LPTIM1_IRQHandler
                0x0000000008000a90                DCMI_PSSI_IRQHandler
                0x0000000008000a90                I2C4_ER_IRQHandler
                0x0000000008000a90                DMA2_Stream6_IRQHandler
                0x0000000008000a90                SAI1_IRQHandler
                0x0000000008000a90                DMA1_Stream3_IRQHandler
 .text.makeFreeRtosPriority
                0x0000000008000a92       0x30 CMakeFiles/balance_chassis_hw_seed.elf.dir/home/xbd/worspcae/code/Astra_RM2025_Balance/Chassis/Middlewares/Third_Party/FreeRTOS/Source/CMSIS_RTOS/cmsis_os.c.obj
 .text.osKernelStart
                0x0000000008000ac2        0xe CMakeFiles/balance_chassis_hw_seed.elf.dir/home/xbd/worspcae/code/Astra_RM2025_Balance/Chassis/Middlewares/Third_Party/FreeRTOS/Source/CMSIS_RTOS/cmsis_os.c.obj
                0x0000000008000ac2                osKernelStart
 .text.osThreadCreate
                0x0000000008000ad0       0x4e CMakeFiles/balance_chassis_hw_seed.elf.dir/home/xbd/worspcae/code/Astra_RM2025_Balance/Chassis/Middlewares/Third_Party/FreeRTOS/Source/CMSIS_RTOS/cmsis_os.c.obj
                0x0000000008000ad0                osThreadCreate
 .text.osDelay  0x0000000008000b1e       0x28 CMakeFiles/balance_chassis_hw_seed.elf.dir/home/xbd/worspcae/code/Astra_RM2025_Balance/Chassis/Middlewares/Third_Party/FreeRTOS/Source/CMSIS_RTOS/cmsis_os.c.obj
                0x0000000008000b1e                osDelay
 .text.vListInitialise
                0x0000000008000b46       0x40 CMakeFiles/balance_chassis_hw_seed.elf.dir/home/xbd/worspcae/code/Astra_RM2025_Balance/Chassis/Middlewares/Third_Party/FreeRTOS/Source/list.c.obj
                0x0000000008000b46                vListInitialise
 .text.vListInitialiseItem
                0x0000000008000b86       0x1a CMakeFiles/balance_chassis_hw_seed.elf.dir/home/xbd/worspcae/code/Astra_RM2025_Balance/Chassis/Middlewares/Third_Party/FreeRTOS/Source/list.c.obj
                0x0000000008000b86                vListInitialiseItem
 .text.vListInsertEnd
                0x0000000008000ba0       0x48 CMakeFiles/balance_chassis_hw_seed.elf.dir/home/xbd/worspcae/code/Astra_RM2025_Balance/Chassis/Middlewares/Third_Party/FreeRTOS/Source/list.c.obj
                0x0000000008000ba0                vListInsertEnd
 .text.vListInsert
                0x0000000008000be8       0x72 CMakeFiles/balance_chassis_hw_seed.elf.dir/home/xbd/worspcae/code/Astra_RM2025_Balance/Chassis/Middlewares/Third_Party/FreeRTOS/Source/list.c.obj
                0x0000000008000be8                vListInsert
 .text.uxListRemove
                0x0000000008000c5a       0x54 CMakeFiles/balance_chassis_hw_seed.elf.dir/home/xbd/worspcae/code/Astra_RM2025_Balance/Chassis/Middlewares/Third_Party/FreeRTOS/Source/list.c.obj
                0x0000000008000c5a                uxListRemove
 *fill*         0x0000000008000cae        0x2 
 .text.pvPortMalloc
                0x0000000008000cb0      0x1a4 CMakeFiles/balance_chassis_hw_seed.elf.dir/home/xbd/worspcae/code/Astra_RM2025_Balance/Chassis/Middlewares/Third_Party/FreeRTOS/Source/portable/MemMang/heap_4.c.obj
                0x0000000008000cb0                pvPortMalloc
 .text.vPortFree
                0x0000000008000e54       0xcc CMakeFiles/balance_chassis_hw_seed.elf.dir/home/xbd/worspcae/code/Astra_RM2025_Balance/Chassis/Middlewares/Third_Party/FreeRTOS/Source/portable/MemMang/heap_4.c.obj
                0x0000000008000e54                vPortFree
 .text.prvHeapInit
                0x0000000008000f20       0xc4 CMakeFiles/balance_chassis_hw_seed.elf.dir/home/xbd/worspcae/code/Astra_RM2025_Balance/Chassis/Middlewares/Third_Party/FreeRTOS/Source/portable/MemMang/heap_4.c.obj
 .text.prvInsertBlockIntoFreeList
                0x0000000008000fe4       0xb4 CMakeFiles/balance_chassis_hw_seed.elf.dir/home/xbd/worspcae/code/Astra_RM2025_Balance/Chassis/Middlewares/Third_Party/FreeRTOS/Source/portable/MemMang/heap_4.c.obj
 .text.pxPortInitialiseStack
                0x0000000008001098       0x68 CMakeFiles/balance_chassis_hw_seed.elf.dir/third_party/freertos_port_gcc_cm7_r0p1/port.c.obj
                0x0000000008001098                pxPortInitialiseStack
 .text.prvTaskExitError
                0x0000000008001100       0x60 CMakeFiles/balance_chassis_hw_seed.elf.dir/third_party/freertos_port_gcc_cm7_r0p1/port.c.obj
 .text.SVC_Handler
                0x0000000008001160       0x24 CMakeFiles/balance_chassis_hw_seed.elf.dir/third_party/freertos_port_gcc_cm7_r0p1/port.c.obj
                0x0000000008001160                SVC_Handler
 .text.prvPortStartFirstTask
                0x0000000008001184       0x2c CMakeFiles/balance_chassis_hw_seed.elf.dir/third_party/freertos_port_gcc_cm7_r0p1/port.c.obj
 .text.xPortStartScheduler
                0x00000000080011b0      0x180 CMakeFiles/balance_chassis_hw_seed.elf.dir/third_party/freertos_port_gcc_cm7_r0p1/port.c.obj
                0x00000000080011b0                xPortStartScheduler
 .text.vPortEnterCritical
                0x0000000008001330       0x68 CMakeFiles/balance_chassis_hw_seed.elf.dir/third_party/freertos_port_gcc_cm7_r0p1/port.c.obj
                0x0000000008001330                vPortEnterCritical
 .text.vPortExitCritical
                0x0000000008001398       0x58 CMakeFiles/balance_chassis_hw_seed.elf.dir/third_party/freertos_port_gcc_cm7_r0p1/port.c.obj
                0x0000000008001398                vPortExitCritical
 .text.PendSV_Handler
                0x00000000080013f0       0x68 CMakeFiles/balance_chassis_hw_seed.elf.dir/third_party/freertos_port_gcc_cm7_r0p1/port.c.obj
                0x00000000080013f0                PendSV_Handler
 .text.SysTick_Handler
                0x0000000008001458       0x48 CMakeFiles/balance_chassis_hw_seed.elf.dir/third_party/freertos_port_gcc_cm7_r0p1/port.c.obj
                0x0000000008001458                SysTick_Handler
 .text.vPortSetupTimerInterrupt
                0x00000000080014a0       0x40 CMakeFiles/balance_chassis_hw_seed.elf.dir/third_party/freertos_port_gcc_cm7_r0p1/port.c.obj
                0x00000000080014a0                vPortSetupTimerInterrupt
 .text.vPortEnableVFP
                0x00000000080014e0       0x18 CMakeFiles/balance_chassis_hw_seed.elf.dir/third_party/freertos_port_gcc_cm7_r0p1/port.c.obj
 .text.xTaskCreate
                0x00000000080014f8       0x82 CMakeFiles/balance_chassis_hw_seed.elf.dir/home/xbd/worspcae/code/Astra_RM2025_Balance/Chassis/Middlewares/Third_Party/FreeRTOS/Source/tasks.c.obj
                0x00000000080014f8                xTaskCreate
 .text.prvInitialiseNewTask
                0x000000000800157a      0x112 CMakeFiles/balance_chassis_hw_seed.elf.dir/home/xbd/worspcae/code/Astra_RM2025_Balance/Chassis/Middlewares/Third_Party/FreeRTOS/Source/tasks.c.obj
 .text.prvAddNewTaskToReadyList
                0x000000000800168c       0xd4 CMakeFiles/balance_chassis_hw_seed.elf.dir/home/xbd/worspcae/code/Astra_RM2025_Balance/Chassis/Middlewares/Third_Party/FreeRTOS/Source/tasks.c.obj
 .text.vTaskDelay
                0x0000000008001760       0x6c CMakeFiles/balance_chassis_hw_seed.elf.dir/home/xbd/worspcae/code/Astra_RM2025_Balance/Chassis/Middlewares/Third_Party/FreeRTOS/Source/tasks.c.obj
                0x0000000008001760                vTaskDelay
 .text.vTaskStartScheduler
                0x00000000080017cc       0x98 CMakeFiles/balance_chassis_hw_seed.elf.dir/home/xbd/worspcae/code/Astra_RM2025_Balance/Chassis/Middlewares/Third_Party/FreeRTOS/Source/tasks.c.obj
                0x00000000080017cc                vTaskStartScheduler
 .text.vTaskSuspendAll
                0x0000000008001864       0x1c CMakeFiles/balance_chassis_hw_seed.elf.dir/home/xbd/worspcae/code/Astra_RM2025_Balance/Chassis/Middlewares/Third_Party/FreeRTOS/Source/tasks.c.obj
                0x0000000008001864                vTaskSuspendAll
 .text.xTaskResumeAll
                0x0000000008001880      0x13c CMakeFiles/balance_chassis_hw_seed.elf.dir/home/xbd/worspcae/code/Astra_RM2025_Balance/Chassis/Middlewares/Third_Party/FreeRTOS/Source/tasks.c.obj
                0x0000000008001880                xTaskResumeAll
 .text.xTaskIncrementTick
                0x00000000080019bc      0x174 CMakeFiles/balance_chassis_hw_seed.elf.dir/home/xbd/worspcae/code/Astra_RM2025_Balance/Chassis/Middlewares/Third_Party/FreeRTOS/Source/tasks.c.obj
                0x00000000080019bc                xTaskIncrementTick
 .text.vTaskSwitchContext
                0x0000000008001b30       0xbc CMakeFiles/balance_chassis_hw_seed.elf.dir/home/xbd/worspcae/code/Astra_RM2025_Balance/Chassis/Middlewares/Third_Party/FreeRTOS/Source/tasks.c.obj
                0x0000000008001b30                vTaskSwitchContext
 .text.prvIdleTask
                0x0000000008001bec       0x30 CMakeFiles/balance_chassis_hw_seed.elf.dir/home/xbd/worspcae/code/Astra_RM2025_Balance/Chassis/Middlewares/Third_Party/FreeRTOS/Source/tasks.c.obj
 .text.prvInitialiseTaskLists
                0x0000000008001c1c       0x80 CMakeFiles/balance_chassis_hw_seed.elf.dir/home/xbd/worspcae/code/Astra_RM2025_Balance/Chassis/Middlewares/Third_Party/FreeRTOS/Source/tasks.c.obj
 .text.prvCheckTasksWaitingTermination
                0x0000000008001c9c       0x5c CMakeFiles/balance_chassis_hw_seed.elf.dir/home/xbd/worspcae/code/Astra_RM2025_Balance/Chassis/Middlewares/Third_Party/FreeRTOS/Source/tasks.c.obj
 .text.prvDeleteTCB
                0x0000000008001cf8       0x20 CMakeFiles/balance_chassis_hw_seed.elf.dir/home/xbd/worspcae/code/Astra_RM2025_Balance/Chassis/Middlewares/Third_Party/FreeRTOS/Source/tasks.c.obj
 .text.prvResetNextTaskUnblockTime
                0x0000000008001d18       0x40 CMakeFiles/balance_chassis_hw_seed.elf.dir/home/xbd/worspcae/code/Astra_RM2025_Balance/Chassis/Middlewares/Third_Party/FreeRTOS/Source/tasks.c.obj
 .text.prvAddCurrentTaskToDelayedList
                0x0000000008001d58       0xcc CMakeFiles/balance_chassis_hw_seed.elf.dir/home/xbd/worspcae/code/Astra_RM2025_Balance/Chassis/Middlewares/Third_Party/FreeRTOS/Source/tasks.c.obj
 .text.MX_DMA_Init
                0x0000000008001e24       0x70 libbalance_chassis_generated_raw.a(dma.c.obj)
                0x0000000008001e24                MX_DMA_Init
 .text.MX_FDCAN1_Init
                0x0000000008001e94       0xc8 libbalance_chassis_generated_raw.a(fdcan.c.obj)
                0x0000000008001e94                MX_FDCAN1_Init
 .text.MX_FDCAN2_Init
                0x0000000008001f5c       0xcc libbalance_chassis_generated_raw.a(fdcan.c.obj)
                0x0000000008001f5c                MX_FDCAN2_Init
 .text.MX_FDCAN3_Init
                0x0000000008002028       0xcc libbalance_chassis_generated_raw.a(fdcan.c.obj)
                0x0000000008002028                MX_FDCAN3_Init
 .text.HAL_FDCAN_MspInit
                0x00000000080020f4      0x1ec libbalance_chassis_generated_raw.a(fdcan.c.obj)
                0x00000000080020f4                HAL_FDCAN_MspInit
 .text.MX_GPIO_Init
                0x00000000080022e0      0x1b8 libbalance_chassis_generated_raw.a(gpio.c.obj)
                0x00000000080022e0                MX_GPIO_Init
 .text.MX_SPI2_Init
                0x0000000008002498       0xb0 libbalance_chassis_generated_raw.a(spi.c.obj)
                0x0000000008002498                MX_SPI2_Init
 .text.HAL_SPI_MspInit
                0x0000000008002548      0x1f8 libbalance_chassis_generated_raw.a(spi.c.obj)
                0x0000000008002548                HAL_SPI_MspInit
 .text.MX_TIM3_Init
                0x0000000008002740       0xb4 libbalance_chassis_generated_raw.a(tim.c.obj)
                0x0000000008002740                MX_TIM3_Init
 .text.HAL_TIM_PWM_MspInit
                0x00000000080027f4       0x44 libbalance_chassis_generated_raw.a(tim.c.obj)
                0x00000000080027f4                HAL_TIM_PWM_MspInit
 .text.HAL_TIM_MspPostInit
                0x0000000008002838       0x74 libbalance_chassis_generated_raw.a(tim.c.obj)
                0x0000000008002838                HAL_TIM_MspPostInit
 .text.MX_UART5_Init
                0x00000000080028ac       0xa0 libbalance_chassis_generated_raw.a(usart.c.obj)
                0x00000000080028ac                MX_UART5_Init
 .text.MX_USART1_UART_Init
                0x000000000800294c       0x98 libbalance_chassis_generated_raw.a(usart.c.obj)
                0x000000000800294c                MX_USART1_UART_Init
 .text.HAL_UART_MspInit
                0x00000000080029e4      0x2ac libbalance_chassis_generated_raw.a(usart.c.obj)
                0x00000000080029e4                HAL_UART_MspInit
 .text.SystemInit
                0x0000000008002c90       0xf0 libbalance_chassis_generated_raw.a(system_stm32h7xx.c.obj)
                0x0000000008002c90                SystemInit
 .text.HAL_Init
                0x0000000008002d80       0x78 libbalance_chassis_generated_raw.a(stm32h7xx_hal.c.obj)
                0x0000000008002d80                HAL_Init
 .text.HAL_MspInit
                0x0000000008002df8        0xe libbalance_chassis_generated_raw.a(stm32h7xx_hal.c.obj)
                0x0000000008002df8                HAL_MspInit
 *fill*         0x0000000008002e06        0x2 
 .text.HAL_InitTick
                0x0000000008002e08       0x6c libbalance_chassis_generated_raw.a(stm32h7xx_hal.c.obj)
                0x0000000008002e08                HAL_InitTick
 .text.HAL_GetTick
                0x0000000008002e74       0x18 libbalance_chassis_generated_raw.a(stm32h7xx_hal.c.obj)
                0x0000000008002e74                HAL_GetTick
 .text.__NVIC_SetPriorityGrouping
                0x0000000008002e8c       0x48 libbalance_chassis_generated_raw.a(stm32h7xx_hal_cortex.c.obj)
 .text.__NVIC_GetPriorityGrouping
                0x0000000008002ed4       0x1c libbalance_chassis_generated_raw.a(stm32h7xx_hal_cortex.c.obj)
 .text.__NVIC_EnableIRQ
                0x0000000008002ef0       0x3c libbalance_chassis_generated_raw.a(stm32h7xx_hal_cortex.c.obj)
 .text.__NVIC_SetPriority
                0x0000000008002f2c       0x54 libbalance_chassis_generated_raw.a(stm32h7xx_hal_cortex.c.obj)
 .text.NVIC_EncodePriority
                0x0000000008002f80       0x66 libbalance_chassis_generated_raw.a(stm32h7xx_hal_cortex.c.obj)
 *fill*         0x0000000008002fe6        0x2 
 .text.SysTick_Config
                0x0000000008002fe8       0x44 libbalance_chassis_generated_raw.a(stm32h7xx_hal_cortex.c.obj)
 .text.HAL_NVIC_SetPriorityGrouping
                0x000000000800302c       0x16 libbalance_chassis_generated_raw.a(stm32h7xx_hal_cortex.c.obj)
                0x000000000800302c                HAL_NVIC_SetPriorityGrouping
 .text.HAL_NVIC_SetPriority
                0x0000000008003042       0x34 libbalance_chassis_generated_raw.a(stm32h7xx_hal_cortex.c.obj)
                0x0000000008003042                HAL_NVIC_SetPriority
 .text.HAL_NVIC_EnableIRQ
                0x0000000008003076       0x1c libbalance_chassis_generated_raw.a(stm32h7xx_hal_cortex.c.obj)
                0x0000000008003076                HAL_NVIC_EnableIRQ
 .text.HAL_SYSTICK_Config
                0x0000000008003092       0x18 libbalance_chassis_generated_raw.a(stm32h7xx_hal_cortex.c.obj)
                0x0000000008003092                HAL_SYSTICK_Config
 *fill*         0x00000000080030aa        0x2 
 .text.HAL_DMA_Init
                0x00000000080030ac      0x6b4 libbalance_chassis_generated_raw.a(stm32h7xx_hal_dma.c.obj)
                0x00000000080030ac                HAL_DMA_Init
 .text.DMA_CalcBaseAndBitshift
                0x0000000008003760      0x164 libbalance_chassis_generated_raw.a(stm32h7xx_hal_dma.c.obj)
 .text.DMA_CheckFifoParam
                0x00000000080038c4       0xf8 libbalance_chassis_generated_raw.a(stm32h7xx_hal_dma.c.obj)
 .text.DMA_CalcDMAMUXChannelBaseAndMask
                0x00000000080039bc      0x134 libbalance_chassis_generated_raw.a(stm32h7xx_hal_dma.c.obj)
 .text.DMA_CalcDMAMUXRequestGenBaseAndMask
                0x0000000008003af0       0xe8 libbalance_chassis_generated_raw.a(stm32h7xx_hal_dma.c.obj)
 .text.HAL_FDCAN_Init
                0x0000000008003bd8      0x3bc libbalance_chassis_generated_raw.a(stm32h7xx_hal_fdcan.c.obj)
                0x0000000008003bd8                HAL_FDCAN_Init
 .text.FDCAN_CalcultateRamBlockAddresses
                0x0000000008003f94      0x30c libbalance_chassis_generated_raw.a(stm32h7xx_hal_fdcan.c.obj)
 .text.HAL_GPIO_Init
                0x00000000080042a0      0x350 libbalance_chassis_generated_raw.a(stm32h7xx_hal_gpio.c.obj)
                0x00000000080042a0                HAL_GPIO_Init
 .text.HAL_GPIO_WritePin
                0x00000000080045f0       0x32 libbalance_chassis_generated_raw.a(stm32h7xx_hal_gpio.c.obj)
                0x00000000080045f0                HAL_GPIO_WritePin
 *fill*         0x0000000008004622        0x2 
 .text.HAL_PWREx_ConfigSupply
                0x0000000008004624       0x74 libbalance_chassis_generated_raw.a(stm32h7xx_hal_pwr_ex.c.obj)
                0x0000000008004624                HAL_PWREx_ConfigSupply
 .text.HAL_RCC_OscConfig
                0x0000000008004698      0x7b4 libbalance_chassis_generated_raw.a(stm32h7xx_hal_rcc.c.obj)
                0x0000000008004698                HAL_RCC_OscConfig
 .text.HAL_RCC_ClockConfig
                0x0000000008004e4c      0x36c libbalance_chassis_generated_raw.a(stm32h7xx_hal_rcc.c.obj)
                0x0000000008004e4c                HAL_RCC_ClockConfig
 .text.HAL_RCC_GetSysClockFreq
                0x00000000080051b8      0x2f4 libbalance_chassis_generated_raw.a(stm32h7xx_hal_rcc.c.obj)
                0x00000000080051b8                HAL_RCC_GetSysClockFreq
 .text.HAL_RCC_GetHCLKFreq
                0x00000000080054ac       0x60 libbalance_chassis_generated_raw.a(stm32h7xx_hal_rcc.c.obj)
                0x00000000080054ac                HAL_RCC_GetHCLKFreq
 .text.HAL_RCC_GetPCLK1Freq
                0x000000000800550c       0x2c libbalance_chassis_generated_raw.a(stm32h7xx_hal_rcc.c.obj)
                0x000000000800550c                HAL_RCC_GetPCLK1Freq
 .text.HAL_RCC_GetPCLK2Freq
                0x0000000008005538       0x2c libbalance_chassis_generated_raw.a(stm32h7xx_hal_rcc.c.obj)
                0x0000000008005538                HAL_RCC_GetPCLK2Freq
 .text.HAL_RCCEx_PeriphCLKConfig
                0x0000000008005564     0x1340 libbalance_chassis_generated_raw.a(stm32h7xx_hal_rcc_ex.c.obj)
                0x0000000008005564                HAL_RCCEx_PeriphCLKConfig
 .text.HAL_RCCEx_GetD3PCLK1Freq
                0x00000000080068a4       0x2c libbalance_chassis_generated_raw.a(stm32h7xx_hal_rcc_ex.c.obj)
                0x00000000080068a4                HAL_RCCEx_GetD3PCLK1Freq
 .text.HAL_RCCEx_GetPLL2ClockFreq
                0x00000000080068d0      0x2a8 libbalance_chassis_generated_raw.a(stm32h7xx_hal_rcc_ex.c.obj)
                0x00000000080068d0                HAL_RCCEx_GetPLL2ClockFreq
 .text.HAL_RCCEx_GetPLL3ClockFreq
                0x0000000008006b78      0x2a8 libbalance_chassis_generated_raw.a(stm32h7xx_hal_rcc_ex.c.obj)
                0x0000000008006b78                HAL_RCCEx_GetPLL3ClockFreq
 .text.RCCEx_PLL2_Config
                0x0000000008006e20      0x164 libbalance_chassis_generated_raw.a(stm32h7xx_hal_rcc_ex.c.obj)
 .text.RCCEx_PLL3_Config
                0x0000000008006f84      0x164 libbalance_chassis_generated_raw.a(stm32h7xx_hal_rcc_ex.c.obj)
 .text.HAL_SPI_Init
                0x00000000080070e8      0x248 libbalance_chassis_generated_raw.a(stm32h7xx_hal_spi.c.obj)
                0x00000000080070e8                HAL_SPI_Init
 .text.SPI_GetPacketSize
                0x0000000008007330       0x36 libbalance_chassis_generated_raw.a(stm32h7xx_hal_spi.c.obj)
 .text.HAL_TIM_PWM_Init
                0x0000000008007366       0xae libbalance_chassis_generated_raw.a(stm32h7xx_hal_tim.c.obj)
                0x0000000008007366                HAL_TIM_PWM_Init
 .text.HAL_TIM_PWM_ConfigChannel
                0x0000000008007414      0x228 libbalance_chassis_generated_raw.a(stm32h7xx_hal_tim.c.obj)
                0x0000000008007414                HAL_TIM_PWM_ConfigChannel
 .text.TIM_Base_SetConfig
                0x000000000800763c      0x164 libbalance_chassis_generated_raw.a(stm32h7xx_hal_tim.c.obj)
                0x000000000800763c                TIM_Base_SetConfig
 .text.TIM_OC1_SetConfig
                0x00000000080077a0      0x120 libbalance_chassis_generated_raw.a(stm32h7xx_hal_tim.c.obj)
 .text.TIM_OC2_SetConfig
                0x00000000080078c0      0x114 libbalance_chassis_generated_raw.a(stm32h7xx_hal_tim.c.obj)
                0x00000000080078c0                TIM_OC2_SetConfig
 .text.TIM_OC3_SetConfig
                0x00000000080079d4      0x110 libbalance_chassis_generated_raw.a(stm32h7xx_hal_tim.c.obj)
 .text.TIM_OC4_SetConfig
                0x0000000008007ae4       0xd4 libbalance_chassis_generated_raw.a(stm32h7xx_hal_tim.c.obj)
 .text.TIM_OC5_SetConfig
                0x0000000008007bb8       0xc8 libbalance_chassis_generated_raw.a(stm32h7xx_hal_tim.c.obj)
 .text.TIM_OC6_SetConfig
                0x0000000008007c80       0xcc libbalance_chassis_generated_raw.a(stm32h7xx_hal_tim.c.obj)
 .text.HAL_TIMEx_MasterConfigSynchronization
                0x0000000008007d4c      0x138 libbalance_chassis_generated_raw.a(stm32h7xx_hal_tim_ex.c.obj)
                0x0000000008007d4c                HAL_TIMEx_MasterConfigSynchronization
 .text.HAL_UART_Init
                0x0000000008007e84       0xa0 libbalance_chassis_generated_raw.a(stm32h7xx_hal_uart.c.obj)
                0x0000000008007e84                HAL_UART_Init
 .text.UART_SetConfig
                0x0000000008007f24      0xcd8 libbalance_chassis_generated_raw.a(stm32h7xx_hal_uart.c.obj)
                0x0000000008007f24                UART_SetConfig
 .text.UART_AdvFeatureConfig
                0x0000000008008bfc      0x144 libbalance_chassis_generated_raw.a(stm32h7xx_hal_uart.c.obj)
                0x0000000008008bfc                UART_AdvFeatureConfig
 .text.UART_CheckIdleState
                0x0000000008008d40      0x154 libbalance_chassis_generated_raw.a(stm32h7xx_hal_uart.c.obj)
                0x0000000008008d40                UART_CheckIdleState
 .text.UART_WaitOnFlagUntilTimeout
                0x0000000008008e94       0xda libbalance_chassis_generated_raw.a(stm32h7xx_hal_uart.c.obj)
                0x0000000008008e94                UART_WaitOnFlagUntilTimeout
 *fill*         0x0000000008008f6e        0x2 
 .text.UART_EndRxTransfer
                0x0000000008008f70       0xcc libbalance_chassis_generated_raw.a(stm32h7xx_hal_uart.c.obj)
 .text.HAL_UARTEx_DisableFifoMode
                0x000000000800903c       0x72 libbalance_chassis_generated_raw.a(stm32h7xx_hal_uart_ex.c.obj)
                0x000000000800903c                HAL_UARTEx_DisableFifoMode
 .text.HAL_UARTEx_SetTxFifoThreshold
                0x00000000080090ae       0x7c libbalance_chassis_generated_raw.a(stm32h7xx_hal_uart_ex.c.obj)
                0x00000000080090ae                HAL_UARTEx_SetTxFifoThreshold
 .text.HAL_UARTEx_SetRxFifoThreshold
                0x000000000800912a       0x7c libbalance_chassis_generated_raw.a(stm32h7xx_hal_uart_ex.c.obj)
                0x000000000800912a                HAL_UARTEx_SetRxFifoThreshold
 *fill*         0x00000000080091a6        0x2 
 .text.UARTEx_SetNbDataToProcess
                0x00000000080091a8       0x9c libbalance_chassis_generated_raw.a(stm32h7xx_hal_uart_ex.c.obj)
 *(.glue_7)
 .glue_7        0x0000000008009244        0x0 linker stubs
 *(.glue_7t)
 .glue_7t       0x0000000008009244        0x0 linker stubs
 *(.eh_frame)
 .eh_frame      0x0000000008009244        0x0 /usr/lib/gcc/arm-none-eabi/10.3.1/thumb/v7e-m+dp/hard/crtbegin.o
 *(.init)
 .init          0x0000000008009244        0x4 /usr/lib/gcc/arm-none-eabi/10.3.1/thumb/v7e-m+dp/hard/crti.o
                0x0000000008009244                _init
 .init          0x0000000008009248        0x8 /usr/lib/gcc/arm-none-eabi/10.3.1/thumb/v7e-m+dp/hard/crtn.o
 *(.fini)
 .fini          0x0000000008009250        0x4 /usr/lib/gcc/arm-none-eabi/10.3.1/thumb/v7e-m+dp/hard/crti.o
                0x0000000008009250                _fini
 .fini          0x0000000008009254        0x8 /usr/lib/gcc/arm-none-eabi/10.3.1/thumb/v7e-m+dp/hard/crtn.o
                0x000000000800925c                . = ALIGN (0x4)
                0x000000000800925c                _etext = .

.vfp11_veneer   0x000000000800925c        0x0
 .vfp11_veneer  0x000000000800925c        0x0 linker stubs

.v4_bx          0x000000000800925c        0x0
 .v4_bx         0x000000000800925c        0x0 linker stubs

.iplt           0x000000000800925c        0x0
 .iplt          0x000000000800925c        0x0 /usr/lib/gcc/arm-none-eabi/10.3.1/thumb/v7e-m+dp/hard/crtbegin.o

.rodata         0x000000000800925c       0xb4
                0x000000000800925c                . = ALIGN (0x4)
 *(.rodata)
 .rodata        0x000000000800925c       0x20 CMakeFiles/balance_chassis_hw_seed.elf.dir/runtime/generated/stm32h7_ctrl_board_raw/Src/freertos.c.obj
 .rodata        0x000000000800927c        0x5 CMakeFiles/balance_chassis_hw_seed.elf.dir/home/xbd/worspcae/code/Astra_RM2025_Balance/Chassis/Middlewares/Third_Party/FreeRTOS/Source/tasks.c.obj
 *fill*         0x0000000008009281        0x3 
 .rodata        0x0000000008009284       0x4c libbalance_chassis_generated_raw.a(stm32h7xx_hal_fdcan.c.obj)
 *(.rodata*)
 .rodata.D1CorePrescTable
                0x00000000080092d0       0x10 libbalance_chassis_generated_raw.a(system_stm32h7xx.c.obj)
                0x00000000080092d0                D1CorePrescTable
 .rodata.flagBitshiftOffset.0
                0x00000000080092e0        0x8 libbalance_chassis_generated_raw.a(stm32h7xx_hal_dma.c.obj)
 .rodata.UARTPrescTable
                0x00000000080092e8       0x18 libbalance_chassis_generated_raw.a(stm32h7xx_hal_uart.c.obj)
                0x00000000080092e8                UARTPrescTable
 .rodata.numerator.1
                0x0000000008009300        0x8 libbalance_chassis_generated_raw.a(stm32h7xx_hal_uart_ex.c.obj)
 .rodata.denominator.0
                0x0000000008009308        0x8 libbalance_chassis_generated_raw.a(stm32h7xx_hal_uart_ex.c.obj)
                0x0000000008009310                . = ALIGN (0x4)

.ARM.extab
 *(.ARM.extab* .gnu.linkonce.armextab.*)

.ARM            0x0000000008009310        0x8
                0x0000000008009310                __exidx_start = .
 *(.ARM.exidx*)
 .ARM.exidx     0x0000000008009310        0x8 /usr/lib/gcc/arm-none-eabi/10.3.1/thumb/v7e-m+dp/hard/libgcc.a(_udivmoddi4.o)
                0x0000000008009318                __exidx_end = .

.rel.dyn        0x0000000008009318        0x0
 .rel.iplt      0x0000000008009318        0x0 /usr/lib/gcc/arm-none-eabi/10.3.1/thumb/v7e-m+dp/hard/crtbegin.o

.preinit_array  0x0000000008009318        0x0
                0x0000000008009318                PROVIDE (__preinit_array_start = .)
 *(.preinit_array*)
                0x0000000008009318                PROVIDE (__preinit_array_end = .)

.init_array     0x0000000008009318        0x4
                0x0000000008009318                PROVIDE (__init_array_start = .)
 *(SORT_BY_NAME(.init_array.*))
 *(.init_array*)
 .init_array    0x0000000008009318        0x4 /usr/lib/gcc/arm-none-eabi/10.3.1/thumb/v7e-m+dp/hard/crtbegin.o
                0x000000000800931c                PROVIDE (__init_array_end = .)

.fini_array     0x000000000800931c        0x4
                0x000000000800931c                PROVIDE (__fini_array_start = .)
 *(SORT_BY_NAME(.fini_array.*))
 *(.fini_array*)
 .fini_array    0x000000000800931c        0x4 /usr/lib/gcc/arm-none-eabi/10.3.1/thumb/v7e-m+dp/hard/crtbegin.o
                0x0000000008009320                PROVIDE (__fini_array_end = .)
                0x0000000008009320                _sidata = LOADADDR (.data)

.data           0x0000000024000000       0x14 load address 0x0000000008009320
                0x0000000024000000                . = ALIGN (0x4)
                0x0000000024000000                _sdata = .
 *(.data)
 *(.data*)
 .data.uxCriticalNesting
                0x0000000024000000        0x4 CMakeFiles/balance_chassis_hw_seed.elf.dir/third_party/freertos_port_gcc_cm7_r0p1/port.c.obj
 .data.SystemCoreClock
                0x0000000024000004        0x4 libbalance_chassis_generated_raw.a(system_stm32h7xx.c.obj)
                0x0000000024000004                SystemCoreClock
 .data.SystemD2Clock
                0x0000000024000008        0x4 libbalance_chassis_generated_raw.a(system_stm32h7xx.c.obj)
                0x0000000024000008                SystemD2Clock
 .data.uwTickPrio
                0x000000002400000c        0x4 libbalance_chassis_generated_raw.a(stm32h7xx_hal.c.obj)
                0x000000002400000c                uwTickPrio
 .data.uwTickFreq
                0x0000000024000010        0x1 libbalance_chassis_generated_raw.a(stm32h7xx_hal.c.obj)
                0x0000000024000010                uwTickFreq
                0x0000000024000014                . = ALIGN (0x4)
 *fill*         0x0000000024000011        0x3 
                0x0000000024000014                _edata = .

.tm_clone_table
                0x0000000024000014        0x0 load address 0x0000000008009334
 .tm_clone_table
                0x0000000024000014        0x0 /usr/lib/gcc/arm-none-eabi/10.3.1/thumb/v7e-m+dp/hard/crtbegin.o
 .tm_clone_table
                0x0000000024000014        0x0 /usr/lib/gcc/arm-none-eabi/10.3.1/thumb/v7e-m+dp/hard/crtend.o

.igot.plt       0x0000000024000014        0x0 load address 0x0000000008009334
 .igot.plt      0x0000000024000014        0x0 /usr/lib/gcc/arm-none-eabi/10.3.1/thumb/v7e-m+dp/hard/crtbegin.o

.bss            0x0000000024000014     0x7f38 load address 0x0000000008009334
                0x0000000024000014                . = ALIGN (0x4)
                0x0000000024000014                _sbss = .
                0x0000000024000014                __bss_start__ = _sbss
 *(.bss)
 .bss           0x0000000024000014       0x1c /usr/lib/gcc/arm-none-eabi/10.3.1/thumb/v7e-m+dp/hard/crtbegin.o
 *(.bss*)
 .bss.defaultTaskHandle
                0x0000000024000030        0x4 CMakeFiles/balance_chassis_hw_seed.elf.dir/runtime/generated/stm32h7_ctrl_board_raw/Src/freertos.c.obj
                0x0000000024000030                defaultTaskHandle
 .bss.ucHeap    0x0000000024000034     0x7800 CMakeFiles/balance_chassis_hw_seed.elf.dir/home/xbd/worspcae/code/Astra_RM2025_Balance/Chassis/Middlewares/Third_Party/FreeRTOS/Source/portable/MemMang/heap_4.c.obj
 .bss.xStart    0x0000000024007834        0x8 CMakeFiles/balance_chassis_hw_seed.elf.dir/home/xbd/worspcae/code/Astra_RM2025_Balance/Chassis/Middlewares/Third_Party/FreeRTOS/Source/portable/MemMang/heap_4.c.obj
 .bss.pxEnd     0x000000002400783c        0x4 CMakeFiles/balance_chassis_hw_seed.elf.dir/home/xbd/worspcae/code/Astra_RM2025_Balance/Chassis/Middlewares/Third_Party/FreeRTOS/Source/portable/MemMang/heap_4.c.obj
 .bss.xFreeBytesRemaining
                0x0000000024007840        0x4 CMakeFiles/balance_chassis_hw_seed.elf.dir/home/xbd/worspcae/code/Astra_RM2025_Balance/Chassis/Middlewares/Third_Party/FreeRTOS/Source/portable/MemMang/heap_4.c.obj
 .bss.xMinimumEverFreeBytesRemaining
                0x0000000024007844        0x4 CMakeFiles/balance_chassis_hw_seed.elf.dir/home/xbd/worspcae/code/Astra_RM2025_Balance/Chassis/Middlewares/Third_Party/FreeRTOS/Source/portable/MemMang/heap_4.c.obj
 .bss.xNumberOfSuccessfulAllocations
                0x0000000024007848        0x4 CMakeFiles/balance_chassis_hw_seed.elf.dir/home/xbd/worspcae/code/Astra_RM2025_Balance/Chassis/Middlewares/Third_Party/FreeRTOS/Source/portable/MemMang/heap_4.c.obj
 .bss.xNumberOfSuccessfulFrees
                0x000000002400784c        0x4 CMakeFiles/balance_chassis_hw_seed.elf.dir/home/xbd/worspcae/code/Astra_RM2025_Balance/Chassis/Middlewares/Third_Party/FreeRTOS/Source/portable/MemMang/heap_4.c.obj
 .bss.xBlockAllocatedBit
                0x0000000024007850        0x4 CMakeFiles/balance_chassis_hw_seed.elf.dir/home/xbd/worspcae/code/Astra_RM2025_Balance/Chassis/Middlewares/Third_Party/FreeRTOS/Source/portable/MemMang/heap_4.c.obj
 .bss.ucMaxSysCallPriority
                0x0000000024007854        0x1 CMakeFiles/balance_chassis_hw_seed.elf.dir/third_party/freertos_port_gcc_cm7_r0p1/port.c.obj
 *fill*         0x0000000024007855        0x3 
 .bss.ulMaxPRIGROUPValue
                0x0000000024007858        0x4 CMakeFiles/balance_chassis_hw_seed.elf.dir/third_party/freertos_port_gcc_cm7_r0p1/port.c.obj
 .bss.pxCurrentTCB
                0x000000002400785c        0x4 CMakeFiles/balance_chassis_hw_seed.elf.dir/home/xbd/worspcae/code/Astra_RM2025_Balance/Chassis/Middlewares/Third_Party/FreeRTOS/Source/tasks.c.obj
                0x000000002400785c                pxCurrentTCB
 .bss.pxReadyTasksLists
                0x0000000024007860       0x8c CMakeFiles/balance_chassis_hw_seed.elf.dir/home/xbd/worspcae/code/Astra_RM2025_Balance/Chassis/Middlewares/Third_Party/FreeRTOS/Source/tasks.c.obj
 .bss.xDelayedTaskList1
                0x00000000240078ec       0x14 CMakeFiles/balance_chassis_hw_seed.elf.dir/home/xbd/worspcae/code/Astra_RM2025_Balance/Chassis/Middlewares/Third_Party/FreeRTOS/Source/tasks.c.obj
 .bss.xDelayedTaskList2
                0x0000000024007900       0x14 CMakeFiles/balance_chassis_hw_seed.elf.dir/home/xbd/worspcae/code/Astra_RM2025_Balance/Chassis/Middlewares/Third_Party/FreeRTOS/Source/tasks.c.obj
 .bss.pxDelayedTaskList
                0x0000000024007914        0x4 CMakeFiles/balance_chassis_hw_seed.elf.dir/home/xbd/worspcae/code/Astra_RM2025_Balance/Chassis/Middlewares/Third_Party/FreeRTOS/Source/tasks.c.obj
 .bss.pxOverflowDelayedTaskList
                0x0000000024007918        0x4 CMakeFiles/balance_chassis_hw_seed.elf.dir/home/xbd/worspcae/code/Astra_RM2025_Balance/Chassis/Middlewares/Third_Party/FreeRTOS/Source/tasks.c.obj
 .bss.xPendingReadyList
                0x000000002400791c       0x14 CMakeFiles/balance_chassis_hw_seed.elf.dir/home/xbd/worspcae/code/Astra_RM2025_Balance/Chassis/Middlewares/Third_Party/FreeRTOS/Source/tasks.c.obj
 .bss.xTasksWaitingTermination
                0x0000000024007930       0x14 CMakeFiles/balance_chassis_hw_seed.elf.dir/home/xbd/worspcae/code/Astra_RM2025_Balance/Chassis/Middlewares/Third_Party/FreeRTOS/Source/tasks.c.obj
 .bss.uxDeletedTasksWaitingCleanUp
                0x0000000024007944        0x4 CMakeFiles/balance_chassis_hw_seed.elf.dir/home/xbd/worspcae/code/Astra_RM2025_Balance/Chassis/Middlewares/Third_Party/FreeRTOS/Source/tasks.c.obj
 .bss.xSuspendedTaskList
                0x0000000024007948       0x14 CMakeFiles/balance_chassis_hw_seed.elf.dir/home/xbd/worspcae/code/Astra_RM2025_Balance/Chassis/Middlewares/Third_Party/FreeRTOS/Source/tasks.c.obj
 .bss.uxCurrentNumberOfTasks
                0x000000002400795c        0x4 CMakeFiles/balance_chassis_hw_seed.elf.dir/home/xbd/worspcae/code/Astra_RM2025_Balance/Chassis/Middlewares/Third_Party/FreeRTOS/Source/tasks.c.obj
 .bss.xTickCount
                0x0000000024007960        0x4 CMakeFiles/balance_chassis_hw_seed.elf.dir/home/xbd/worspcae/code/Astra_RM2025_Balance/Chassis/Middlewares/Third_Party/FreeRTOS/Source/tasks.c.obj
 .bss.uxTopReadyPriority
                0x0000000024007964        0x4 CMakeFiles/balance_chassis_hw_seed.elf.dir/home/xbd/worspcae/code/Astra_RM2025_Balance/Chassis/Middlewares/Third_Party/FreeRTOS/Source/tasks.c.obj
 .bss.xSchedulerRunning
                0x0000000024007968        0x4 CMakeFiles/balance_chassis_hw_seed.elf.dir/home/xbd/worspcae/code/Astra_RM2025_Balance/Chassis/Middlewares/Third_Party/FreeRTOS/Source/tasks.c.obj
 .bss.xPendedTicks
                0x000000002400796c        0x4 CMakeFiles/balance_chassis_hw_seed.elf.dir/home/xbd/worspcae/code/Astra_RM2025_Balance/Chassis/Middlewares/Third_Party/FreeRTOS/Source/tasks.c.obj
 .bss.xYieldPending
                0x0000000024007970        0x4 CMakeFiles/balance_chassis_hw_seed.elf.dir/home/xbd/worspcae/code/Astra_RM2025_Balance/Chassis/Middlewares/Third_Party/FreeRTOS/Source/tasks.c.obj
 .bss.xNumOfOverflows
                0x0000000024007974        0x4 CMakeFiles/balance_chassis_hw_seed.elf.dir/home/xbd/worspcae/code/Astra_RM2025_Balance/Chassis/Middlewares/Third_Party/FreeRTOS/Source/tasks.c.obj
 .bss.uxTaskNumber
                0x0000000024007978        0x4 CMakeFiles/balance_chassis_hw_seed.elf.dir/home/xbd/worspcae/code/Astra_RM2025_Balance/Chassis/Middlewares/Third_Party/FreeRTOS/Source/tasks.c.obj
 .bss.xNextTaskUnblockTime
                0x000000002400797c        0x4 CMakeFiles/balance_chassis_hw_seed.elf.dir/home/xbd/worspcae/code/Astra_RM2025_Balance/Chassis/Middlewares/Third_Party/FreeRTOS/Source/tasks.c.obj
 .bss.xIdleTaskHandle
                0x0000000024007980        0x4 CMakeFiles/balance_chassis_hw_seed.elf.dir/home/xbd/worspcae/code/Astra_RM2025_Balance/Chassis/Middlewares/Third_Party/FreeRTOS/Source/tasks.c.obj
 .bss.uxSchedulerSuspended
                0x0000000024007984        0x4 CMakeFiles/balance_chassis_hw_seed.elf.dir/home/xbd/worspcae/code/Astra_RM2025_Balance/Chassis/Middlewares/Third_Party/FreeRTOS/Source/tasks.c.obj
 .bss.hfdcan1   0x0000000024007988       0xa0 libbalance_chassis_generated_raw.a(fdcan.c.obj)
                0x0000000024007988                hfdcan1
 .bss.hfdcan2   0x0000000024007a28       0xa0 libbalance_chassis_generated_raw.a(fdcan.c.obj)
                0x0000000024007a28                hfdcan2
 .bss.hfdcan3   0x0000000024007ac8       0xa0 libbalance_chassis_generated_raw.a(fdcan.c.obj)
                0x0000000024007ac8                hfdcan3
 .bss.HAL_RCC_FDCAN_CLK_ENABLED
                0x0000000024007b68        0x4 libbalance_chassis_generated_raw.a(fdcan.c.obj)
 .bss.hspi2     0x0000000024007b6c       0x88 libbalance_chassis_generated_raw.a(spi.c.obj)
                0x0000000024007b6c                hspi2
 .bss.hdma_spi2_rx
                0x0000000024007bf4       0x78 libbalance_chassis_generated_raw.a(spi.c.obj)
                0x0000000024007bf4                hdma_spi2_rx
 .bss.hdma_spi2_tx
                0x0000000024007c6c       0x78 libbalance_chassis_generated_raw.a(spi.c.obj)
                0x0000000024007c6c                hdma_spi2_tx
 .bss.htim3     0x0000000024007ce4       0x4c libbalance_chassis_generated_raw.a(tim.c.obj)
                0x0000000024007ce4                htim3
 .bss.huart5    0x0000000024007d30       0x94 libbalance_chassis_generated_raw.a(usart.c.obj)
                0x0000000024007d30                huart5
 .bss.huart1    0x0000000024007dc4       0x94 libbalance_chassis_generated_raw.a(usart.c.obj)
                0x0000000024007dc4                huart1
 .bss.hdma_uart5_rx
                0x0000000024007e58       0x78 libbalance_chassis_generated_raw.a(usart.c.obj)
                0x0000000024007e58                hdma_uart5_rx
 .bss.hdma_usart1_tx
                0x0000000024007ed0       0x78 libbalance_chassis_generated_raw.a(usart.c.obj)
                0x0000000024007ed0                hdma_usart1_tx
 .bss.uwTick    0x0000000024007f48        0x4 libbalance_chassis_generated_raw.a(stm32h7xx_hal.c.obj)
                0x0000000024007f48                uwTick
 *(COMMON)
                0x0000000024007f4c                . = ALIGN (0x4)
                0x0000000024007f4c                _ebss = .
                0x0000000024007f4c                __bss_end__ = _ebss

._user_heap_stack
                0x0000000024007f4c     0x1404 load address 0x0000000008009334
                0x0000000024007f50                . = ALIGN (0x8)
 *fill*         0x0000000024007f4c        0x4 
                [!provide]                        PROVIDE (end = .)
                [!provide]                        PROVIDE (_end = .)
                0x0000000024008350                . = (. + _Min_Heap_Size)
 *fill*         0x0000000024007f50      0x400 
                0x0000000024009350                . = (. + _Min_Stack_Size)
 *fill*         0x0000000024008350     0x1000 
                0x0000000024009350                . = ALIGN (0x8)

/DISCARD/
 libc.a(*)
 libm.a(*)
 libgcc.a(*)

.ARM.attributes
                0x0000000000000000       0x2e
 *(.ARM.attributes)
 .ARM.attributes
                0x0000000000000000       0x1e /usr/lib/gcc/arm-none-eabi/10.3.1/thumb/v7e-m+dp/hard/crti.o
 .ARM.attributes
                0x000000000000001e       0x32 /usr/lib/gcc/arm-none-eabi/10.3.1/thumb/v7e-m+dp/hard/crtbegin.o
 .ARM.attributes
                0x0000000000000050       0x32 CMakeFiles/balance_chassis_hw_seed.elf.dir/runtime/generated/stm32h7_ctrl_board_raw/Src/main.c.obj
 .ARM.attributes
                0x0000000000000082       0x32 CMakeFiles/balance_chassis_hw_seed.elf.dir/runtime/generated/stm32h7_ctrl_board_raw/Src/freertos.c.obj
 .ARM.attributes
                0x00000000000000b4       0x21 CMakeFiles/balance_chassis_hw_seed.elf.dir/home/xbd/worspcae/code/Astra_RM2025_Balance/Chassis/Drivers/CMSIS/Device/ST/STM32H7xx/Source/Templates/gcc/startup_stm32h723xx.s.obj
 .ARM.attributes
                0x00000000000000d5       0x32 CMakeFiles/balance_chassis_hw_seed.elf.dir/home/xbd/worspcae/code/Astra_RM2025_Balance/Chassis/Middlewares/Third_Party/FreeRTOS/Source/CMSIS_RTOS/cmsis_os.c.obj
 .ARM.attributes
                0x0000000000000107       0x32 CMakeFiles/balance_chassis_hw_seed.elf.dir/home/xbd/worspcae/code/Astra_RM2025_Balance/Chassis/Middlewares/Third_Party/FreeRTOS/Source/list.c.obj
 .ARM.attributes
                0x0000000000000139       0x32 CMakeFiles/balance_chassis_hw_seed.elf.dir/home/xbd/worspcae/code/Astra_RM2025_Balance/Chassis/Middlewares/Third_Party/FreeRTOS/Source/portable/MemMang/heap_4.c.obj
 .ARM.attributes
                0x000000000000016b       0x32 CMakeFiles/balance_chassis_hw_seed.elf.dir/third_party/freertos_port_gcc_cm7_r0p1/port.c.obj
 .ARM.attributes
                0x000000000000019d       0x32 CMakeFiles/balance_chassis_hw_seed.elf.dir/home/xbd/worspcae/code/Astra_RM2025_Balance/Chassis/Middlewares/Third_Party/FreeRTOS/Source/tasks.c.obj
 .ARM.attributes
                0x00000000000001cf       0x32 libbalance_chassis_generated_raw.a(dma.c.obj)
 .ARM.attributes
                0x0000000000000201       0x32 libbalance_chassis_generated_raw.a(fdcan.c.obj)
 .ARM.attributes
                0x0000000000000233       0x32 libbalance_chassis_generated_raw.a(gpio.c.obj)
 .ARM.attributes
                0x0000000000000265       0x32 libbalance_chassis_generated_raw.a(spi.c.obj)
 .ARM.attributes
                0x0000000000000297       0x32 libbalance_chassis_generated_raw.a(tim.c.obj)
 .ARM.attributes
                0x00000000000002c9       0x32 libbalance_chassis_generated_raw.a(usart.c.obj)
 .ARM.attributes
                0x00000000000002fb       0x32 libbalance_chassis_generated_raw.a(system_stm32h7xx.c.obj)
 .ARM.attributes
                0x000000000000032d       0x32 libbalance_chassis_generated_raw.a(stm32h7xx_hal.c.obj)
 .ARM.attributes
                0x000000000000035f       0x32 libbalance_chassis_generated_raw.a(stm32h7xx_hal_cortex.c.obj)
 .ARM.attributes
                0x0000000000000391       0x32 libbalance_chassis_generated_raw.a(stm32h7xx_hal_dma.c.obj)
 .ARM.attributes
                0x00000000000003c3       0x32 libbalance_chassis_generated_raw.a(stm32h7xx_hal_fdcan.c.obj)
 .ARM.attributes
                0x00000000000003f5       0x32 libbalance_chassis_generated_raw.a(stm32h7xx_hal_gpio.c.obj)
 .ARM.attributes
                0x0000000000000427       0x32 libbalance_chassis_generated_raw.a(stm32h7xx_hal_pwr_ex.c.obj)
 .ARM.attributes
                0x0000000000000459       0x32 libbalance_chassis_generated_raw.a(stm32h7xx_hal_rcc.c.obj)
 .ARM.attributes
                0x000000000000048b       0x32 libbalance_chassis_generated_raw.a(stm32h7xx_hal_rcc_ex.c.obj)
 .ARM.attributes
                0x00000000000004bd       0x32 libbalance_chassis_generated_raw.a(stm32h7xx_hal_spi.c.obj)
 .ARM.attributes
                0x00000000000004ef       0x32 libbalance_chassis_generated_raw.a(stm32h7xx_hal_tim.c.obj)
 .ARM.attributes
                0x0000000000000521       0x32 libbalance_chassis_generated_raw.a(stm32h7xx_hal_tim_ex.c.obj)
 .ARM.attributes
                0x0000000000000553       0x32 libbalance_chassis_generated_raw.a(stm32h7xx_hal_uart.c.obj)
 .ARM.attributes
                0x0000000000000585       0x32 libbalance_chassis_generated_raw.a(stm32h7xx_hal_uart_ex.c.obj)
 .ARM.attributes
                0x00000000000005b7       0x1e /usr/lib/gcc/arm-none-eabi/10.3.1/thumb/v7e-m+dp/hard/libgcc.a(_aeabi_uldivmod.o)
 .ARM.attributes
                0x00000000000005d5       0x32 /usr/lib/gcc/arm-none-eabi/10.3.1/thumb/v7e-m+dp/hard/libgcc.a(_udivmoddi4.o)
 .ARM.attributes
                0x0000000000000607       0x1e /usr/lib/gcc/arm-none-eabi/10.3.1/thumb/v7e-m+dp/hard/libgcc.a(_dvmd_tls.o)
 .ARM.attributes
                0x0000000000000625       0x32 /usr/lib/gcc/arm-none-eabi/10.3.1/../../../arm-none-eabi/lib/thumb/v7e-m+dp/hard/libc_nano.a(lib_a-init.o)
 .ARM.attributes
                0x0000000000000657       0x1c /usr/lib/gcc/arm-none-eabi/10.3.1/../../../arm-none-eabi/lib/thumb/v7e-m+dp/hard/libc_nano.a(lib_a-memcpy.o)
 .ARM.attributes
                0x0000000000000673       0x32 /usr/lib/gcc/arm-none-eabi/10.3.1/../../../arm-none-eabi/lib/thumb/v7e-m+dp/hard/libc_nano.a(lib_a-memset.o)
 .ARM.attributes
                0x00000000000006a5       0x30 /usr/lib/gcc/arm-none-eabi/10.3.1/thumb/v7e-m+dp/hard/crtend.o
 .ARM.attributes
                0x00000000000006d5       0x1e /usr/lib/gcc/arm-none-eabi/10.3.1/thumb/v7e-m+dp/hard/crtn.o
OUTPUT(balance_chassis_hw_seed.elf elf32-littlearm)
LOAD linker stubs
LOAD /usr/lib/gcc/arm-none-eabi/10.3.1/../../../arm-none-eabi/lib/thumb/v7e-m+dp/hard/libc.a
LOAD /usr/lib/gcc/arm-none-eabi/10.3.1/../../../arm-none-eabi/lib/thumb/v7e-m+dp/hard/libm.a
LOAD /usr/lib/gcc/arm-none-eabi/10.3.1/thumb/v7e-m+dp/hard/libgcc.a

.comment        0x0000000000000000       0x33
 .comment       0x0000000000000000       0x33 /usr/lib/gcc/arm-none-eabi/10.3.1/thumb/v7e-m+dp/hard/crtbegin.o
                                         0x34 (size before relaxing)
 .comment       0x0000000000000033       0x34 CMakeFiles/balance_chassis_hw_seed.elf.dir/runtime/generated/stm32h7_ctrl_board_raw/Src/main.c.obj
 .comment       0x0000000000000033       0x34 CMakeFiles/balance_chassis_hw_seed.elf.dir/runtime/generated/stm32h7_ctrl_board_raw/Src/freertos.c.obj
 .comment       0x0000000000000033       0x34 CMakeFiles/balance_chassis_hw_seed.elf.dir/home/xbd/worspcae/code/Astra_RM2025_Balance/Chassis/Middlewares/Third_Party/FreeRTOS/Source/CMSIS_RTOS/cmsis_os.c.obj
 .comment       0x0000000000000033       0x34 CMakeFiles/balance_chassis_hw_seed.elf.dir/home/xbd/worspcae/code/Astra_RM2025_Balance/Chassis/Middlewares/Third_Party/FreeRTOS/Source/list.c.obj
 .comment       0x0000000000000033       0x34 CMakeFiles/balance_chassis_hw_seed.elf.dir/home/xbd/worspcae/code/Astra_RM2025_Balance/Chassis/Middlewares/Third_Party/FreeRTOS/Source/portable/MemMang/heap_4.c.obj
 .comment       0x0000000000000033       0x34 CMakeFiles/balance_chassis_hw_seed.elf.dir/third_party/freertos_port_gcc_cm7_r0p1/port.c.obj
 .comment       0x0000000000000033       0x34 CMakeFiles/balance_chassis_hw_seed.elf.dir/home/xbd/worspcae/code/Astra_RM2025_Balance/Chassis/Middlewares/Third_Party/FreeRTOS/Source/tasks.c.obj
 .comment       0x0000000000000033       0x34 libbalance_chassis_generated_raw.a(dma.c.obj)
 .comment       0x0000000000000033       0x34 libbalance_chassis_generated_raw.a(fdcan.c.obj)
 .comment       0x0000000000000033       0x34 libbalance_chassis_generated_raw.a(gpio.c.obj)
 .comment       0x0000000000000033       0x34 libbalance_chassis_generated_raw.a(spi.c.obj)
 .comment       0x0000000000000033       0x34 libbalance_chassis_generated_raw.a(tim.c.obj)
 .comment       0x0000000000000033       0x34 libbalance_chassis_generated_raw.a(usart.c.obj)
 .comment       0x0000000000000033       0x34 libbalance_chassis_generated_raw.a(system_stm32h7xx.c.obj)
 .comment       0x0000000000000033       0x34 libbalance_chassis_generated_raw.a(stm32h7xx_hal.c.obj)
 .comment       0x0000000000000033       0x34 libbalance_chassis_generated_raw.a(stm32h7xx_hal_cortex.c.obj)
 .comment       0x0000000000000033       0x34 libbalance_chassis_generated_raw.a(stm32h7xx_hal_dma.c.obj)
 .comment       0x0000000000000033       0x34 libbalance_chassis_generated_raw.a(stm32h7xx_hal_fdcan.c.obj)
 .comment       0x0000000000000033       0x34 libbalance_chassis_generated_raw.a(stm32h7xx_hal_gpio.c.obj)
 .comment       0x0000000000000033       0x34 libbalance_chassis_generated_raw.a(stm32h7xx_hal_pwr_ex.c.obj)
 .comment       0x0000000000000033       0x34 libbalance_chassis_generated_raw.a(stm32h7xx_hal_rcc.c.obj)
 .comment       0x0000000000000033       0x34 libbalance_chassis_generated_raw.a(stm32h7xx_hal_rcc_ex.c.obj)
 .comment       0x0000000000000033       0x34 libbalance_chassis_generated_raw.a(stm32h7xx_hal_spi.c.obj)
 .comment       0x0000000000000033       0x34 libbalance_chassis_generated_raw.a(stm32h7xx_hal_tim.c.obj)
 .comment       0x0000000000000033       0x34 libbalance_chassis_generated_raw.a(stm32h7xx_hal_tim_ex.c.obj)
 .comment       0x0000000000000033       0x34 libbalance_chassis_generated_raw.a(stm32h7xx_hal_uart.c.obj)
 .comment       0x0000000000000033       0x34 libbalance_chassis_generated_raw.a(stm32h7xx_hal_uart_ex.c.obj)
 .comment       0x0000000000000033       0x34 /usr/lib/gcc/arm-none-eabi/10.3.1/thumb/v7e-m+dp/hard/libgcc.a(_udivmoddi4.o)
 .comment       0x0000000000000033       0x34 /usr/lib/gcc/arm-none-eabi/10.3.1/../../../arm-none-eabi/lib/thumb/v7e-m+dp/hard/libc_nano.a(lib_a-init.o)
 .comment       0x0000000000000033       0x34 /usr/lib/gcc/arm-none-eabi/10.3.1/../../../arm-none-eabi/lib/thumb/v7e-m+dp/hard/libc_nano.a(lib_a-memset.o)
 .comment       0x0000000000000033       0x34 /usr/lib/gcc/arm-none-eabi/10.3.1/thumb/v7e-m+dp/hard/crtend.o

.debug_line     0x0000000000000000      0xa23
 .debug_line    0x0000000000000000       0x60 /usr/lib/gcc/arm-none-eabi/10.3.1/thumb/v7e-m+dp/hard/libgcc.a(_aeabi_uldivmod.o)
 .debug_line    0x0000000000000060      0x5ae /usr/lib/gcc/arm-none-eabi/10.3.1/thumb/v7e-m+dp/hard/libgcc.a(_udivmoddi4.o)
 .debug_line    0x000000000000060e       0x60 /usr/lib/gcc/arm-none-eabi/10.3.1/thumb/v7e-m+dp/hard/libgcc.a(_dvmd_tls.o)
 .debug_line    0x000000000000066e      0x138 /usr/lib/gcc/arm-none-eabi/10.3.1/../../../arm-none-eabi/lib/thumb/v7e-m+dp/hard/libc_nano.a(lib_a-init.o)
 .debug_line    0x00000000000007a6       0xbe /usr/lib/gcc/arm-none-eabi/10.3.1/../../../arm-none-eabi/lib/thumb/v7e-m+dp/hard/libc_nano.a(lib_a-memcpy.o)
 .debug_line    0x0000000000000864      0x1bf /usr/lib/gcc/arm-none-eabi/10.3.1/../../../arm-none-eabi/lib/thumb/v7e-m+dp/hard/libc_nano.a(lib_a-memset.o)

.debug_info     0x0000000000000000      0x9da
 .debug_info    0x0000000000000000       0x26 /usr/lib/gcc/arm-none-eabi/10.3.1/thumb/v7e-m+dp/hard/libgcc.a(_aeabi_uldivmod.o)
 .debug_info    0x0000000000000026      0x717 /usr/lib/gcc/arm-none-eabi/10.3.1/thumb/v7e-m+dp/hard/libgcc.a(_udivmoddi4.o)
 .debug_info    0x000000000000073d       0x26 /usr/lib/gcc/arm-none-eabi/10.3.1/thumb/v7e-m+dp/hard/libgcc.a(_dvmd_tls.o)
 .debug_info    0x0000000000000763      0x11a /usr/lib/gcc/arm-none-eabi/10.3.1/../../../arm-none-eabi/lib/thumb/v7e-m+dp/hard/libc_nano.a(lib_a-init.o)
 .debug_info    0x000000000000087d       0x26 /usr/lib/gcc/arm-none-eabi/10.3.1/../../../arm-none-eabi/lib/thumb/v7e-m+dp/hard/libc_nano.a(lib_a-memcpy.o)
 .debug_info    0x00000000000008a3      0x137 /usr/lib/gcc/arm-none-eabi/10.3.1/../../../arm-none-eabi/lib/thumb/v7e-m+dp/hard/libc_nano.a(lib_a-memset.o)

.debug_abbrev   0x0000000000000000      0x31f
 .debug_abbrev  0x0000000000000000       0x14 /usr/lib/gcc/arm-none-eabi/10.3.1/thumb/v7e-m+dp/hard/libgcc.a(_aeabi_uldivmod.o)
 .debug_abbrev  0x0000000000000014      0x163 /usr/lib/gcc/arm-none-eabi/10.3.1/thumb/v7e-m+dp/hard/libgcc.a(_udivmoddi4.o)
 .debug_abbrev  0x0000000000000177       0x14 /usr/lib/gcc/arm-none-eabi/10.3.1/thumb/v7e-m+dp/hard/libgcc.a(_dvmd_tls.o)
 .debug_abbrev  0x000000000000018b       0xcc /usr/lib/gcc/arm-none-eabi/10.3.1/../../../arm-none-eabi/lib/thumb/v7e-m+dp/hard/libc_nano.a(lib_a-init.o)
 .debug_abbrev  0x0000000000000257       0x14 /usr/lib/gcc/arm-none-eabi/10.3.1/../../../arm-none-eabi/lib/thumb/v7e-m+dp/hard/libc_nano.a(lib_a-memcpy.o)
 .debug_abbrev  0x000000000000026b       0xb4 /usr/lib/gcc/arm-none-eabi/10.3.1/../../../arm-none-eabi/lib/thumb/v7e-m+dp/hard/libc_nano.a(lib_a-memset.o)

.debug_aranges  0x0000000000000000       0xc0
 .debug_aranges
                0x0000000000000000       0x20 /usr/lib/gcc/arm-none-eabi/10.3.1/thumb/v7e-m+dp/hard/libgcc.a(_aeabi_uldivmod.o)
 .debug_aranges
                0x0000000000000020       0x20 /usr/lib/gcc/arm-none-eabi/10.3.1/thumb/v7e-m+dp/hard/libgcc.a(_udivmoddi4.o)
 .debug_aranges
                0x0000000000000040       0x20 /usr/lib/gcc/arm-none-eabi/10.3.1/thumb/v7e-m+dp/hard/libgcc.a(_dvmd_tls.o)
 .debug_aranges
                0x0000000000000060       0x20 /usr/lib/gcc/arm-none-eabi/10.3.1/../../../arm-none-eabi/lib/thumb/v7e-m+dp/hard/libc_nano.a(lib_a-init.o)
 .debug_aranges
                0x0000000000000080       0x20 /usr/lib/gcc/arm-none-eabi/10.3.1/../../../arm-none-eabi/lib/thumb/v7e-m+dp/hard/libc_nano.a(lib_a-memcpy.o)
 .debug_aranges
                0x00000000000000a0       0x20 /usr/lib/gcc/arm-none-eabi/10.3.1/../../../arm-none-eabi/lib/thumb/v7e-m+dp/hard/libc_nano.a(lib_a-memset.o)

.debug_str      0x0000000000000000      0x94d
 .debug_str     0x0000000000000000       0xa6 /usr/lib/gcc/arm-none-eabi/10.3.1/thumb/v7e-m+dp/hard/libgcc.a(_aeabi_uldivmod.o)
 .debug_str     0x00000000000000a6      0x5a3 /usr/lib/gcc/arm-none-eabi/10.3.1/thumb/v7e-m+dp/hard/libgcc.a(_udivmoddi4.o)
                                        0x64a (size before relaxing)
 .debug_str     0x0000000000000649       0x30 /usr/lib/gcc/arm-none-eabi/10.3.1/thumb/v7e-m+dp/hard/libgcc.a(_dvmd_tls.o)
                                         0xaa (size before relaxing)
 .debug_str     0x0000000000000679      0x179 /usr/lib/gcc/arm-none-eabi/10.3.1/../../../arm-none-eabi/lib/thumb/v7e-m+dp/hard/libc_nano.a(lib_a-init.o)
                                        0x20e (size before relaxing)
 .debug_str     0x00000000000007f2       0xaa /usr/lib/gcc/arm-none-eabi/10.3.1/../../../arm-none-eabi/lib/thumb/v7e-m+dp/hard/libc_nano.a(lib_a-memcpy.o)
                                         0xb6 (size before relaxing)
 .debug_str     0x000000000000089c       0xb1 /usr/lib/gcc/arm-none-eabi/10.3.1/../../../arm-none-eabi/lib/thumb/v7e-m+dp/hard/libc_nano.a(lib_a-memset.o)
                                        0x1c3 (size before relaxing)

.debug_frame    0x0000000000000000       0xb8
 .debug_frame   0x0000000000000000       0x2c /usr/lib/gcc/arm-none-eabi/10.3.1/thumb/v7e-m+dp/hard/libgcc.a(_aeabi_uldivmod.o)
 .debug_frame   0x000000000000002c       0x34 /usr/lib/gcc/arm-none-eabi/10.3.1/thumb/v7e-m+dp/hard/libgcc.a(_udivmoddi4.o)
 .debug_frame   0x0000000000000060       0x2c /usr/lib/gcc/arm-none-eabi/10.3.1/../../../arm-none-eabi/lib/thumb/v7e-m+dp/hard/libc_nano.a(lib_a-init.o)
 .debug_frame   0x000000000000008c       0x2c /usr/lib/gcc/arm-none-eabi/10.3.1/../../../arm-none-eabi/lib/thumb/v7e-m+dp/hard/libc_nano.a(lib_a-memset.o)

.debug_loc      0x0000000000000000     0x12f5
 .debug_loc     0x0000000000000000     0x100f /usr/lib/gcc/arm-none-eabi/10.3.1/thumb/v7e-m+dp/hard/libgcc.a(_udivmoddi4.o)
 .debug_loc     0x000000000000100f       0xba /usr/lib/gcc/arm-none-eabi/10.3.1/../../../arm-none-eabi/lib/thumb/v7e-m+dp/hard/libc_nano.a(lib_a-init.o)
 .debug_loc     0x00000000000010c9      0x22c /usr/lib/gcc/arm-none-eabi/10.3.1/../../../arm-none-eabi/lib/thumb/v7e-m+dp/hard/libc_nano.a(lib_a-memset.o)

.debug_ranges   0x0000000000000000       0xe8
 .debug_ranges  0x0000000000000000       0xe8 /usr/lib/gcc/arm-none-eabi/10.3.1/thumb/v7e-m+dp/hard/libgcc.a(_udivmoddi4.o)
